ARM Linker, 5.03 [Build 76] [MDK-ARM Standard]

==============================================================================

Section Cross References

    main.o(i.main) refers to sys.o(i.IWDG_Init) for IWDG_Init
    main.o(i.main) refers to stm32f10x_rcc.o(i.RCC_GetClocksFreq) for RCC_GetClocksFreq
    main.o(i.main) refers to sys.o(i.NVIC_Configuration) for NVIC_Configuration
    main.o(i.main) refers to delay.o(i.delay_init) for delay_init
    main.o(i.main) refers to rtc.o(i.RTC_Init) for RTC_Init
    main.o(i.main) refers to 24cxx.o(i.AT24CXX_Init) for AT24CXX_Init
    main.o(i.main) refers to led.o(i.LED_Init) for LED_Init
    main.o(i.main) refers to usart.o(i.TIM2_Init) for TIM2_Init
    main.o(i.main) refers to usart.o(i.USART1_Init) for USART1_Init
    main.o(i.main) refers to usart2.o(i.USART2_Init) for USART2_Init
    main.o(i.main) refers to usart.o(i.UART4_Init) for UART4_Init
    main.o(i.main) refers to malloc.o(i.mem_init) for mem_init
    main.o(i.main) refers to sys.o(i.IWDG_Feed) for IWDG_Feed
    main.o(i.main) refers to common.o(i.ReadParametersFromEEPROM) for ReadParametersFromEEPROM
    main.o(i.main) refers to rtos_task.o(i.AppObjCreate) for AppObjCreate
    main.o(i.main) refers to rtos_task.o(i.AppTaskCreate) for AppTaskCreate
    main.o(i.main) refers to tasks.o(i.vTaskStartScheduler) for vTaskStartScheduler
    main.o(i.main) refers to delay.o(i.delay_ms) for delay_ms
    main.o(i.main) refers to main.o(.bss) for .bss
    common.o(i.CRC16) refers to common.o(.data) for .data
    common.o(i.CRC32) refers to common.o(.constdata) for .constdata
    common.o(i.CopyStrToPointer) refers to malloc.o(i.myfree) for myfree
    common.o(i.CopyStrToPointer) refers to malloc.o(i.mymalloc) for mymalloc
    common.o(i.CopyStrToPointer) refers to rt_memclr.o(.text) for __aeabi_memclr
    common.o(i.CopyStrToPointer) refers to rt_memcpy_v6.o(.text) for __aeabi_memcpy
    common.o(i.GetAPN) refers to common.o(i.GetMemoryForString) for GetMemoryForString
    common.o(i.GetAPN) refers to common.o(.bss) for .bss
    common.o(i.GetAPN) refers to common.o(.data) for .data
    common.o(i.GetDeviceICCID) refers to common.o(i.GetMemoryForString) for GetMemoryForString
    common.o(i.GetDeviceICCID) refers to common.o(.bss) for .bss
    common.o(i.GetDeviceICCID) refers to common.o(.data) for .data
    common.o(i.GetDeviceID) refers to common.o(i.GetMemoryForString) for GetMemoryForString
    common.o(i.GetDeviceID) refers to common.o(.bss) for .bss
    common.o(i.GetDeviceID) refers to common.o(.data) for .data
    common.o(i.GetDeviceIMSI) refers to common.o(i.GetMemoryForString) for GetMemoryForString
    common.o(i.GetDeviceIMSI) refers to common.o(.bss) for .bss
    common.o(i.GetDeviceIMSI) refers to common.o(.data) for .data
    common.o(i.GetDeviceName) refers to common.o(i.GetMemoryForString) for GetMemoryForString
    common.o(i.GetDeviceName) refers to common.o(.bss) for .bss
    common.o(i.GetDeviceName) refers to common.o(.data) for .data
    common.o(i.GetDeviceUUID) refers to common.o(i.GetMemoryForString) for GetMemoryForString
    common.o(i.GetDeviceUUID) refers to common.o(.bss) for .bss
    common.o(i.GetDeviceUUID) refers to common.o(.data) for .data
    common.o(i.GetMemoryForString) refers to common.o(i.GetDatBit) for GetDatBit
    common.o(i.GetMemoryForString) refers to malloc.o(i.mymalloc) for mymalloc
    common.o(i.GetMemoryForString) refers to strlen.o(.text) for strlen
    common.o(i.GetMemoryForString) refers to malloc.o(i.myfree) for myfree
    common.o(i.GetMemoryForString) refers to rt_memclr.o(.text) for __aeabi_memclr
    common.o(i.GetMemoryForString) refers to common.o(i.IntToString) for IntToString
    common.o(i.GetMemoryForString) refers to rt_memcpy_v6.o(.text) for __aeabi_memcpy
    common.o(i.GetServerDomain) refers to common.o(i.GetMemoryForString) for GetMemoryForString
    common.o(i.GetServerDomain) refers to common.o(.bss) for .bss
    common.o(i.GetServerDomain) refers to common.o(.data) for .data
    common.o(i.GetServerIP) refers to common.o(i.GetMemoryForString) for GetMemoryForString
    common.o(i.GetServerIP) refers to common.o(.bss) for .bss
    common.o(i.GetServerIP) refers to common.o(.data) for .data
    common.o(i.GetServerPort) refers to common.o(i.GetMemoryForString) for GetMemoryForString
    common.o(i.GetServerPort) refers to common.o(.bss) for .bss
    common.o(i.GetServerPort) refers to common.o(.data) for .data
    common.o(i.GetSysTick100ms) refers to common.o(.data) for .data
    common.o(i.GetSysTick10ms) refers to common.o(.data) for .data
    common.o(i.GetSysTick1ms) refers to common.o(.data) for .data
    common.o(i.GetSysTick1s) refers to common.o(.data) for .data
    common.o(i.IntToString) refers to common.o(i.GetDatBit) for GetDatBit
    common.o(i.IntToString) refers to common.o(i.GetADV) for GetADV
    common.o(i.MyStrstr) refers to memcmp.o(.text) for memcmp
[...]
    GetMemoryForString                       0x0800b709   Thumb Code   188  common.o(i.GetMemoryForString)
    GetServerDomain                          0x0800b7c5   Thumb Code    24  common.o(i.GetServerDomain)
    GetServerIP                              0x0800b7e5   Thumb Code    24  common.o(i.GetServerIP)
    GetServerPort                            0x0800b805   Thumb Code    24  common.o(i.GetServerPort)
    GetSysTick1s                             0x0800b825   Thumb Code     6  common.o(i.GetSysTick1s)
    GetTimeDateFromServer                    0x0800b831   Thumb Code   108  net_protocol.o(i.GetTimeDateFromServer)
    HardFault_Handler                        0x0800b8a1   Thumb Code    22  stm32f10x_it.o(i.HardFault_Handler)
    HexToStr                                 0x0800b8c1   Thumb Code    56  common.o(i.HexToStr)
    IIC1_Ack                                 0x0800b8f9   Thumb Code    74  iic1.o(i.IIC1_Ack)
    IIC1_Init                                0x0800b949   Thumb Code    60  iic1.o(i.IIC1_Init)
    IIC1_NAck                                0x0800b989   Thumb Code    74  iic1.o(i.IIC1_NAck)
    IIC1_Read_Byte                           0x0800b9d9   Thumb Code   112  iic1.o(i.IIC1_Read_Byte)
    IIC1_Send_Byte                           0x0800ba4d   Thumb Code   110  iic1.o(i.IIC1_Send_Byte)
    IIC1_Start                               0x0800bac1   Thumb Code    76  iic1.o(i.IIC1_Start)
    IIC1_Stop                                0x0800bb11   Thumb Code    74  iic1.o(i.IIC1_Stop)
    IIC1_Wait_Ack                            0x0800bb61   Thumb Code   104  iic1.o(i.IIC1_Wait_Ack)
    IWDG_Enable                              0x0800bbcd   Thumb Code    10  stm32f10x_iwdg.o(i.IWDG_Enable)
    IWDG_Feed                                0x0800bbdd   Thumb Code     4  sys.o(i.IWDG_Feed)
    IWDG_Init                                0x0800bbe1   Thumb Code    38  sys.o(i.IWDG_Init)
    IWDG_ReloadCounter                       0x0800bc09   Thumb Code    10  stm32f10x_iwdg.o(i.IWDG_ReloadCounter)
    IWDG_SetPrescaler                        0x0800bc19   Thumb Code     6  stm32f10x_iwdg.o(i.IWDG_SetPrescaler)
    IWDG_SetReload                           0x0800bc25   Thumb Code     6  stm32f10x_iwdg.o(i.IWDG_SetReload)
    IWDG_WriteAccessCmd                      0x0800bc31   Thumb Code     6  stm32f10x_iwdg.o(i.IWDG_WriteAccessCmd)
    IntToString                              0x0800bc3d   Thumb Code    72  common.o(i.IntToString)
    InventrGetOutPutCurrent                  0x0800bc85   Thumb Code   334  inventr.o(i.InventrGetOutPutCurrent)
    InventrGetOutPutVoltage                  0x0800bdf1   Thumb Code   334  inventr.o(i.InventrGetOutPutVoltage)
    InventrSetLightLevel                     0x0800bf5d   Thumb Code   256  inventr.o(i.InventrSetLightLevel)
    Is_Leap_Year                             0x0800c079   Thumb Code    38  rtc.o(i.Is_Leap_Year)
    LED_Init                                 0x0800c0a1   Thumb Code    44  led.o(i.LED_Init)
    MemManage_Handler                        0x0800c0d5   Thumb Code     2  stm32f10x_it.o(i.MemManage_Handler)
    MyStrstr                                 0x0800c0d7   Thumb Code    60  common.o(i.MyStrstr)
    NMI_Handler                              0x0800c113   Thumb Code     2  stm32f10x_it.o(i.NMI_Handler)
    NVIC_Configuration                       0x0800c115   Thumb Code   140  sys.o(i.NVIC_Configuration)
    NVIC_Init                                0x0800c1a1   Thumb Code    90  misc.o(i.NVIC_Init)
    NVIC_PriorityGroupConfig                 0x0800c205   Thumb Code    10  misc.o(i.NVIC_PriorityGroupConfig)
    NetDataAnalysis                          0x0800c219   Thumb Code   324  net_protocol.o(i.NetDataAnalysis)
    NetDataFrameHandle                       0x0800c36d   Thumb Code   190  net_protocol.o(i.NetDataFrameHandle)
    OnServerHandle                           0x0800c435   Thumb Code    50  task_net.o(i.OnServerHandle)
    PWR_BackupAccessCmd                      0x0800c471   Thumb Code     6  stm32f10x_pwr.o(i.PWR_BackupAccessCmd)
    PackAT_CommandRespone                    0x0800c47d   Thumb Code    64  at_protoco.o(i.PackAT_CommandRespone)
    PackAckPacket                            0x0800c4d9   Thumb Code     8  net_protocol.o(i.PackAckPacket)
    PackNetData                              0x0800c4e1   Thumb Code   188  common.o(i.PackNetData)
    RCC_APB1PeriphClockCmd                   0x0800c5a1   Thumb Code    18  stm32f10x_rcc.o(i.RCC_APB1PeriphClockCmd)
    RCC_APB1PeriphResetCmd                   0x0800c5b9   Thumb Code    18  stm32f10x_rcc.o(i.RCC_APB1PeriphResetCmd)
    RCC_APB2PeriphClockCmd                   0x0800c5d1   Thumb Code    18  stm32f10x_rcc.o(i.RCC_APB2PeriphClockCmd)
    RCC_APB2PeriphResetCmd                   0x0800c5e9   Thumb Code    18  stm32f10x_rcc.o(i.RCC_APB2PeriphResetCmd)
    RCC_BackupResetCmd                       0x0800c601   Thumb Code     6  stm32f10x_rcc.o(i.RCC_BackupResetCmd)
    RCC_GetClocksFreq                        0x0800c60d   Thumb Code   132  stm32f10x_rcc.o(i.RCC_GetClocksFreq)
    RCC_GetFlagStatus                        0x0800c6a1   Thumb Code    42  stm32f10x_rcc.o(i.RCC_GetFlagStatus)
    RCC_LSEConfig                            0x0800c6d1   Thumb Code    28  stm32f10x_rcc.o(i.RCC_LSEConfig)
    RCC_RTCCLKCmd                            0x0800c6f1   Thumb Code     6  stm32f10x_rcc.o(i.RCC_RTCCLKCmd)
    RCC_RTCCLKConfig                         0x0800c6fd   Thumb Code    10  stm32f10x_rcc.o(i.RCC_RTCCLKConfig)
    RTC_ClearITPendingBit                    0x0800c70d   Thumb Code    10  stm32f10x_rtc.o(i.RTC_ClearITPendingBit)
    RTC_EnterConfigMode                      0x0800c71d   Thumb Code    12  stm32f10x_rtc.o(i.RTC_EnterConfigMode)
    RTC_ExitConfigMode                       0x0800c72d   Thumb Code    12  stm32f10x_rtc.o(i.RTC_ExitConfigMode)
    RTC_Get                                  0x0800c73d   Thumb Code   186  rtc.o(i.RTC_Get)
    RTC_GetCounter                           0x0800c809   Thumb Code    16  stm32f10x_rtc.o(i.RTC_GetCounter)
    RTC_GetITStatus                          0x0800c81d   Thumb Code    28  stm32f10x_rtc.o(i.RTC_GetITStatus)
    RTC_Get_Week                             0x0800c83d   Thumb Code    72  rtc.o(i.RTC_Get_Week)
    RTC_IRQHandler                           0x0800c889   Thumb Code    28  rtc.o(i.RTC_IRQHandler)
    RTC_ITConfig                             0x0800c8a5   Thumb Code    18  stm32f10x_rtc.o(i.RTC_ITConfig)
    RTC_Init                                 0x0800c8bd   Thumb Code   214  rtc.o(i.RTC_Init)
    RTC_Set                                  0x0800c995   Thumb Code   190  rtc.o(i.RTC_Set)
    RTC_SetCounter                           0x0800ca65   Thumb Code    26  stm32f10x_rtc.o(i.RTC_SetCounter)
    RTC_SetPrescaler                         0x0800ca85   Thumb Code    28  stm32f10x_rtc.o(i.RTC_SetPrescaler)
    RTC_WaitForLastTask                      0x0800caa5   Thumb Code    10  stm32f10x_rtc.o(i.RTC_WaitForLastTask)
    RTC_WaitForSynchro                       0x0800cab5   Thumb Code    18  stm32f10x_rtc.o(i.RTC_WaitForSynchro)
    ReadAPN                                  0x0800cacd   Thumb Code    52  common.o(i.ReadAPN)
    ReadBootLoaderVersion                    0x0800cb11   Thumb Code    76  common.o(i.ReadBootLoaderVersion)
    ReadDataFromEepromToHoldBuf              0x0800cb79   Thumb Code    76  common.o(i.ReadDataFromEepromToHoldBuf)
    ReadDeviceICCID                          0x0800cbc5   Thumb Code    54  common.o(i.ReadDeviceICCID)
    ReadDeviceID                             0x0800cc1d   Thumb Code    54  common.o(i.ReadDeviceID)
    ReadDeviceIMSI                           0x0800cc5d   Thumb Code    54  common.o(i.ReadDeviceIMSI)
    ReadDeviceName                           0x0800ccad   Thumb Code    52  common.o(i.ReadDeviceName)
    ReadDeviceUUID                           0x0800ccf1   Thumb Code    54  common.o(i.ReadDeviceUUID)
    ReadHardWareVersion                      0x0800cd45   Thumb Code    76  common.o(i.ReadHardWareVersion)
    ReadOTAInfo                              0x0800cdad   Thumb Code    72  common.o(i.ReadOTAInfo)
    ReadOperators                            0x0800cdfd   Thumb Code    34  common.o(i.ReadOperators)
    ReadParametersFromEEPROM                 0x0800ce29   Thumb Code    80  common.o(i.ReadParametersFromEEPROM)
    ReadPowerINTFCC                          0x0800ce7d   Thumb Code    36  common.o(i.ReadPowerINTFCC)
    ReadRegularTimeGroups                    0x0800cea9   Thumb Code   292  common.o(i.ReadRegularTimeGroups)
    ReadServerDomain                         0x0800cfd1   Thumb Code    54  common.o(i.ReadServerDomain)
    ReadServerIP                             0x0800d025   Thumb Code    54  common.o(i.ReadServerIP)
    ReadServerPort                           0x0800d075   Thumb Code    52  common.o(i.ReadServerPort)
    ReadSoftWareVersion                      0x0800d0b9   Thumb Code    38  common.o(i.ReadSoftWareVersion)
    ReadTimeZone                             0x0800d0f1   Thumb Code    36  common.o(i.ReadTimeZone)
    ReadUpLoadINVL                           0x0800d11d   Thumb Code    50  common.o(i.ReadUpLoadINVL)
    RegularTimeGroupAdd                      0x0800d159   Thumb Code   174  common.o(i.RegularTimeGroupAdd)
    RegularTimeGroupSub                      0x0800d211   Thumb Code   226  common.o(i.RegularTimeGroupSub)
    RemoveAllStrategy                        0x0800d2fd   Thumb Code    38  common.o(i.RemoveAllStrategy)
    SendCmd                                  0x0800d325   Thumb Code   186  at_cmd.o(i.SendCmd)
    SendSensorDataToIOTPlatform              0x0800d3ed   Thumb Code    88  task_net.o(i.SendSensorDataToIOTPlatform)
    SetDevicePowerINTFC                      0x0800d44d   Thumb Code    74  net_protocol.o(i.SetDevicePowerINTFC)
    SetDeviceUUID                            0x0800d4a1   Thumb Code    80  net_protocol.o(i.SetDeviceUUID)
    SetDeviceUpLoadINCL                      0x0800d4f5   Thumb Code    84  net_protocol.o(i.SetDeviceUpLoadINCL)
    SetDeviceWorkMode                        0x0800d551   Thumb Code    52  net_protocol.o(i.SetDeviceWorkMode)
    SetRegularTimeGroups                     0x0800d589   Thumb Code   340  net_protocol.o(i.SetRegularTimeGroups)
    SetSysTick1s                             0x0800d789   Thumb Code     6  common.o(i.SetSysTick1s)
    SetUpdateFirmWareInfo                    0x0800d795   Thumb Code   142  net_protocol.o(i.SetUpdateFirmWareInfo)
    StrToHex                                 0x0800d841   Thumb Code    76  common.o(i.StrToHex)
    StringToInt                              0x0800d88d   Thumb Code    84  common.o(i.StringToInt)
    SyncDataTimeFormBcxxModule               0x0800d8e1   Thumb Code   212  task_net.o(i.SyncDataTimeFormBcxxModule)
    SyncTimeFromNet                          0x0800d9c1   Thumb Code   204  rtc.o(i.SyncTimeFromNet)
    SysTick100msAdder                        0x0800da95   Thumb Code    10  common.o(i.SysTick100msAdder)
    SysTick10msAdder                         0x0800daa5   Thumb Code    10  common.o(i.SysTick10msAdder)
    SysTick1msAdder                          0x0800dab5   Thumb Code    10  common.o(i.SysTick1msAdder)
    SysTick_CLKSourceConfig                  0x0800dac5   Thumb Code    24  misc.o(i.SysTick_CLKSourceConfig)
    SysTick_Handler                          0x0800dadd   Thumb Code    24  delay.o(i.SysTick_Handler)
    SystemInit                               0x0800daf9   Thumb Code    64  system_stm32f10x.o(i.SystemInit)
    TIM2_IRQHandler                          0x0800db49   Thumb Code    64  usart.o(i.TIM2_IRQHandler)
    TIM2_Init                                0x0800db8d   Thumb Code    64  usart.o(i.TIM2_Init)
    TIM_ClearITPendingBit                    0x0800dbcd   Thumb Code     6  stm32f10x_tim.o(i.TIM_ClearITPendingBit)
    TIM_Cmd                                  0x0800dbd3   Thumb Code    20  stm32f10x_tim.o(i.TIM_Cmd)
    TIM_GetITStatus                          0x0800dbe7   Thumb Code    24  stm32f10x_tim.o(i.TIM_GetITStatus)
    TIM_ITConfig                             0x0800dbff   Thumb Code    16  stm32f10x_tim.o(i.TIM_ITConfig)
    TIM_TimeBaseInit                         0x0800dc11   Thumb Code   114  stm32f10x_tim.o(i.TIM_TimeBaseInit)
    TryToConnectToServer                     0x0800dcad   Thumb Code    48  task_net.o(i.TryToConnectToServer)
    UART4_IRQHandler                         0x0800dcf9   Thumb Code   138  usart.o(i.UART4_IRQHandler)
    UART4_Init                               0x0800dd91   Thumb Code   144  usart.o(i.UART4_Init)
    USART1_IRQHandler                        0x0800de29   Thumb Code   138  usart.o(i.USART1_IRQHandler)
    USART1_Init                              0x0800dec1   Thumb Code   138  usart.o(i.USART1_Init)
    USART2_IRQHandler                        0x0800df55   Thumb Code   194  usart2.o(i.USART2_IRQHandler)
    USART2_Init                              0x0800e059   Thumb Code   184  usart2.o(i.USART2_Init)
    USART2_Write                             0x0800e129   Thumb Code    60  usart2.o(i.USART2_Write)
    USART_ClearFlag                          0x0800e16d   Thumb Code     6  stm32f10x_usart.o(i.USART_ClearFlag)
    USART_Cmd                                0x0800e173   Thumb Code    20  stm32f10x_usart.o(i.USART_Cmd)
    USART_DeInit                             0x0800e189   Thumb Code    96  stm32f10x_usart.o(i.USART_DeInit)
    USART_GetFlagStatus                      0x0800e1fd   Thumb Code    14  stm32f10x_usart.o(i.USART_GetFlagStatus)
    USART_GetITStatus                        0x0800e20b   Thumb Code    62  stm32f10x_usart.o(i.USART_GetITStatus)
    USART_ITConfig                           0x0800e249   Thumb Code    48  stm32f10x_usart.o(i.USART_ITConfig)
    USART_Init                               0x0800e279   Thumb Code   176  stm32f10x_usart.o(i.USART_Init)
    USART_ReceiveData                        0x0800e32d   Thumb Code     8  stm32f10x_usart.o(i.USART_ReceiveData)
    USART_SendData                           0x0800e335   Thumb Code     8  stm32f10x_usart.o(i.USART_SendData)
    UnPackAckPacket                          0x0800e33d   Thumb Code    16  net_protocol.o(i.UnPackAckPacket)
    UnPackSensorData                         0x0800e34d   Thumb Code    48  common.o(i.UnPackSensorData)
    UsageFault_Handler                       0x0800e37d   Thumb Code     2  stm32f10x_it.o(i.UsageFault_Handler)
    Usart1FrameSend                          0x0800e381   Thumb Code    66  usart.o(i.Usart1FrameSend)
    Usart1ReciveFrameEnd                     0x0800e3d1   Thumb Code    32  usart.o(i.Usart1ReciveFrameEnd)
    Usart4FrameSend                          0x0800e3f5   Thumb Code    66  usart.o(i.Usart4FrameSend)
    Usart4ReciveFrameEnd                     0x0800e445   Thumb Code    32  usart.o(i.Usart4ReciveFrameEnd)
    UsartSendString                          0x0800e469   Thumb Code    64  usart.o(i.UsartSendString)
    WriteDataFromHoldBufToEeprom             0x0800e4a9   Thumb Code    56  common.o(i.WriteDataFromHoldBufToEeprom)
    WriteOTAInfo                             0x0800e4e1   Thumb Code   122  common.o(i.WriteOTAInfo)
    __ARM_fpclassify                         0x0800e561   Thumb Code    40  fpclassify.o(i.__ARM_fpclassify)
    _is_digit                                0x0800e589   Thumb Code    14  __printf_wp.o(i._is_digit)
    _sys_exit                                0x0800e597   Thumb Code     2  usart.o(i._sys_exit)
    bcxx_get_AT_CCLK                         0x0800e599   Thumb Code    68  bcxx.o(i.bcxx_get_AT_CCLK)
    bcxx_get_AT_CGPADDR                      0x0800e601   Thumb Code   136  bcxx.o(i.bcxx_get_AT_CGPADDR)
    bcxx_get_AT_CGSN                         0x0800e6b5   Thumb Code   120  bcxx.o(i.bcxx_get_AT_CGSN)
    bcxx_get_AT_CIMI                         0x0800e759   Thumb Code   108  bcxx.o(i.bcxx_get_AT_CIMI)
    bcxx_get_AT_CSQ                          0x0800e7e1   Thumb Code   104  bcxx.o(i.bcxx_get_AT_CSQ)
    bcxx_get_AT_NCCID                        0x0800e865   Thumb Code   110  bcxx.o(i.bcxx_get_AT_NCCID)
    bcxx_hard_init                           0x0800e8f5   Thumb Code    56  bcxx.o(i.bcxx_hard_init)
    bcxx_hard_reset                          0x0800e931   Thumb Code    66  bcxx.o(i.bcxx_hard_reset)
    bcxx_set_AT_ATE                          0x0800e97d   Thumb Code    44  bcxx.o(i.bcxx_set_AT_ATE)
    bcxx_set_AT_CEDRXS                       0x0800e9b5   Thumb Code    44  bcxx.o(i.bcxx_set_AT_CEDRXS)
    bcxx_set_AT_CELL_RESELECTION             0x0800e9f9   Thumb Code    20  bcxx.o(i.bcxx_set_AT_CELL_RESELECTION)
    bcxx_set_AT_CEREG                        0x0800ea35   Thumb Code    44  bcxx.o(i.bcxx_set_AT_CEREG)
    bcxx_set_AT_CFUN                         0x0800ea75   Thumb Code    46  bcxx.o(i.bcxx_set_AT_CFUN)
    bcxx_set_AT_CGATT                        0x0800eab9   Thumb Code    44  bcxx.o(i.bcxx_set_AT_CGATT)
    bcxx_set_AT_CPSMS                        0x0800eaf9   Thumb Code    44  bcxx.o(i.bcxx_set_AT_CPSMS)
    bcxx_set_AT_CSCON                        0x0800eb39   Thumb Code    44  bcxx.o(i.bcxx_set_AT_CSCON)
    bcxx_set_AT_NBAND                        0x0800eb79   Thumb Code   120  bcxx.o(i.bcxx_set_AT_NBAND)
    bcxx_set_AT_NRB                          0x0800ec05   Thumb Code    36  bcxx.o(i.bcxx_set_AT_NRB)
    bcxx_set_AT_NSOCO                        0x0800ec41   Thumb Code    52  bcxx.o(i.bcxx_set_AT_NSOCO)
    bcxx_set_AT_NSOCR                        0x0800ec8d   Thumb Code   106  bcxx.o(i.bcxx_set_AT_NSOCR)
    bcxx_set_AT_NSONMI                       0x0800ed1d   Thumb Code    44  bcxx.o(i.bcxx_set_AT_NSONMI)
    bcxx_set_AT_NSOSD                        0x0800ed5d   Thumb Code    60  bcxx.o(i.bcxx_set_AT_NSOSD)
    bcxx_set_AT_QREGSWT                      0x0800edc5   Thumb Code    44  bcxx.o(i.bcxx_set_AT_QREGSWT)
    bcxx_set_NATSPEED                        0x0800ee05   Thumb Code   122  bcxx.o(i.bcxx_set_NATSPEED)
    bcxx_soft_init                           0x0800eeb5   Thumb Code   196  bcxx.o(i.bcxx_soft_init)
    delay_init                               0x0800ef95   Thumb Code    48  delay.o(i.delay_init)
    delay_ms                                 0x0800efc9   Thumb Code    50  delay.o(i.delay_ms)
    delay_us                                 0x0800f005   Thumb Code    62  delay.o(i.delay_us)
    fifo_get                                 0x0800f049   Thumb Code    76  fifo.o(i.fifo_get)
    fifo_init                                0x0800f099   Thumb Code    66  fifo.o(i.fifo_init)
    fifo_put                                 0x0800f0e1   Thumb Code    60  fifo.o(i.fifo_put)
    find_str                                 0x0800f121   Thumb Code    90  common.o(i.find_str)
    fputc                                    0x0800f17d   Thumb Code    18  usart.o(i.fputc)
    get_str1                                 0x0800f195   Thumb Code   104  common.o(i.get_str1)
    main                                     0x0800f1fd   Thumb Code   122  main.o(i.main)
    mem_free                                 0x0800f285   Thumb Code    58  malloc.o(i.mem_free)
    mem_init                                 0x0800f2c5   Thumb Code    34  malloc.o(i.mem_init)
    mem_malloc                               0x0800f2ed   Thumb Code    90  malloc.o(i.mem_malloc)
    mem_perused                              0x0800f34d   Thumb Code    38  malloc.o(i.mem_perused)
    memb_alloc                               0x0800f379   Thumb Code    38  memb.o(i.memb_alloc)
    memb_free                                0x0800f39f   Thumb Code    44  memb.o(i.memb_free)
    memb_init                                0x0800f3cb   Thumb Code    28  memb.o(i.memb_init)
    myfree                                   0x0800f3e9   Thumb Code    16  malloc.o(i.myfree)
    mymalloc                                 0x0800f3fd   Thumb Code    22  malloc.o(i.mymalloc)
    mymemset                                 0x0800f419   Thumb Code    12  malloc.o(i.mymemset)
    nbiot_atoi                               0x0800f425   Thumb Code    90  utils.o(i.nbiot_atoi)
    nbiot_sleep                              0x0800f47f   Thumb Code     6  delay.o(i.nbiot_sleep)
    nbiot_udp_recv                           0x0800f485   Thumb Code    24  socket.o(i.nbiot_udp_recv)
    netif_rx                                 0x0800f49d   Thumb Code    72  bcxx.o(i.netif_rx)
    pvTaskIncrementMutexHeldCount            0x0800f6f5   Thumb Code    18  tasks.o(i.pvTaskIncrementMutexHeldCount)
    pxPortInitialiseStack                    0x0800f70d   Thumb Code    28  port.o(i.pxPortInitialiseStack)
    register_cmd_handler                     0x0800f72d   Thumb Code    10  at_cmd.o(i.register_cmd_handler)
    ringbuf_clear                            0x0800f73d   Thumb Code    14  ringbuf.o(i.ringbuf_clear)
    ringbuf_elements                         0x0800f74b   Thumb Code    12  ringbuf.o(i.ringbuf_elements)
    ringbuf_init                             0x0800f757   Thumb Code    14  ringbuf.o(i.ringbuf_init)
    ringbuf_put                              0x0800f765   Thumb Code    36  ringbuf.o(i.ringbuf_put)
    search_str                               0x0800f789   Thumb Code    24  common.o(i.search_str)
    uxListRemove                             0x0800f7a1   Thumb Code    36  list.o(i.uxListRemove)
    uxTaskGetStackHighWaterMark              0x0800f7c5   Thumb Code    12  tasks.o(i.uxTaskGetStackHighWaterMark)
    vListInitialise                          0x0800f7d5   Thumb Code    22  list.o(i.vListInitialise)
    vListInitialiseItem                      0x0800f7eb   Thumb Code     6  list.o(i.vListInitialiseItem)
    vListInsert                              0x0800f7f1   Thumb Code    48  list.o(i.vListInsert)
    vListInsertEnd                           0x0800f821   Thumb Code    24  list.o(i.vListInsertEnd)
    vPortEnterCritical                       0x0800f839   Thumb Code    62  port.o(i.vPortEnterCritical)
    vPortExitCritical                        0x0800f881   Thumb Code    34  port.o(i.vPortExitCritical)
    vPortSetupTimerInterrupt                 0x0800f8a9   Thumb Code    26  port.o(i.vPortSetupTimerInterrupt)
    vTaskDelay                               0x0800f8c9   Thumb Code    94  tasks.o(i.vTaskDelay)
    vTaskHCI                                 0x0800f931   Thumb Code   166  task_hci.o(i.vTaskHCI)
    vTaskLED                                 0x0800fa15   Thumb Code   100  task_led.o(i.vTaskLED)
    vTaskMAIN                                0x0800fa81   Thumb Code   106  task_main.o(i.vTaskMAIN)
    vTaskMissedYield                         0x0800fb05   Thumb Code     8  tasks.o(i.vTaskMissedYield)
    vTaskNET                                 0x0800fb11   Thumb Code   134  task_net.o(i.vTaskNET)
    vTaskPlaceOnEventList                    0x0800fba5   Thumb Code    90  tasks.o(i.vTaskPlaceOnEventList)
    vTaskPriorityInherit                     0x0800fc09   Thumb Code   124  tasks.o(i.vTaskPriorityInherit)
    vTaskSENSOR                              0x0800fc8d   Thumb Code   232  task_sensor.o(i.vTaskSENSOR)
    vTaskSetTimeOutState                     0x0800fdc9   Thumb Code    30  tasks.o(i.vTaskSetTimeOutState)
    vTaskStartScheduler                      0x0800fded   Thumb Code    86  tasks.o(i.vTaskStartScheduler)
    vTaskSuspendAll                          0x0800fe55   Thumb Code    10  tasks.o(i.vTaskSuspendAll)
    vTaskSwitchContext                       0x0800fe65   Thumb Code    82  tasks.o(i.vTaskSwitchContext)
    xPortStartScheduler                      0x0800fec1   Thumb Code   112  port.o(i.xPortStartScheduler)
    xPortSysTickHandler                      0x0800ff3d   Thumb Code    38  port.o(i.xPortSysTickHandler)
    xQueueCreateMutex                        0x0800ff69   Thumb Code    74  queue.o(i.xQueueCreateMutex)
    xQueueGenericCreate                      0x0800ffb3   Thumb Code   100  queue.o(i.xQueueGenericCreate)
    xQueueGenericReceive                     0x08010019   Thumb Code   372  queue.o(i.xQueueGenericReceive)
    xQueueGenericReset                       0x08010191   Thumb Code   126  queue.o(i.xQueueGenericReset)
    xQueueGenericSend                        0x08010215   Thumb Code   352  queue.o(i.xQueueGenericSend)
    xTaskCheckForTimeOut                     0x08010379   Thumb Code   102  tasks.o(i.xTaskCheckForTimeOut)
    xTaskGenericCreate                       0x080103e5   Thumb Code   442  tasks.o(i.xTaskGenericCreate)
    xTaskGetSchedulerState                   0x080105b1   Thumb Code    22  tasks.o(i.xTaskGetSchedulerState)
    xTaskIncrementTick                       0x080105cd   Thumb Code   194  tasks.o(i.xTaskIncrementTick)
    xTaskPriorityDisinherit                  0x08010699   Thumb Code   144  tasks.o(i.xTaskPriorityDisinherit)
    xTaskRemoveFromEventList                 0x08010731   Thumb Code   108  tasks.o(i.xTaskRemoveFromEventList)
    xTaskResumeAll                           0x080107a5   Thumb Code   182  tasks.o(i.xTaskResumeAll)
    _get_lc_ctype                            0x08010869   Thumb Code    44  lc_ctype_c.o(locale$$code)
    _get_lc_numeric                          0x08010895   Thumb Code    44  lc_numeric_c.o(locale$$code)
    __fpl_dretinf                            0x080108c1   Thumb Code    12  dretinf.o(x$fpl$dretinf)
    __aeabi_f2d                              0x080108cd   Thumb Code     0  f2d.o(x$fpl$f2d)
    _f2d                                     0x080108cd   Thumb Code    86  f2d.o(x$fpl$f2d)
    __aeabi_fadd                             0x08010925   Thumb Code     0  faddsub_clz.o(x$fpl$fadd)
    _fadd                                    0x08010925   Thumb Code   196  faddsub_clz.o(x$fpl$fadd)
    __aeabi_f2uiz                            0x080109e9   Thumb Code     0  ffixu.o(x$fpl$ffixu)
    _ffixu                                   0x080109e9   Thumb Code    62  ffixu.o(x$fpl$ffixu)
    __aeabi_ui2f                             0x08010a29   Thumb Code     0  fflt_clz.o(x$fpl$ffltu)
    _ffltu                                   0x08010a29   Thumb Code    38  fflt_clz.o(x$fpl$ffltu)
    __fpl_fnaninf                            0x08010a4f   Thumb Code   140  fnaninf.o(x$fpl$fnaninf)
    __fpl_fretinf                            0x08010adb   Thumb Code    10  fretinf.o(x$fpl$fretinf)
    __aeabi_fsub                             0x08010ae5   Thumb Code     0  faddsub_clz.o(x$fpl$fsub)
    _fsub                                    0x08010ae5   Thumb Code   234  faddsub_clz.o(x$fpl$fsub)
    _printf_fp_dec                           0x08010bcf   Thumb Code     4  printf1.o(x$fpl$printf1)
    __I$use$fp                               0x08010bd2   Number         0  usenofp.o(x$fpl$usenofp)
    table_week                               0x08010bd2   Data          12  rtc.o(.constdata)
    mon_table                                0x08010bde   Data          12  rtc.o(.constdata)
    _monlen                                  0x08010c23   Data          12  _monlen.o(.constdata)
    Region$$Table$$Base                      0x08010cc4   Number         0  anon$$obj.o(Region$$Table)
    Region$$Table$$Limit                     0x08010ce4   Number         0  anon$$obj.o(Region$$Table)
    __ctype                                  0x08010cf1   Data           0  lc_ctype_c.o(locale$$data)
    TimeGroupNumber                          0x20000000   Data           1  common.o(.data)
    HaveNewFirmWare                          0x20000001   Data           1  common.o(.data)
    NewFirmWareAdd                           0x20000002   Data           1  common.o(.data)
    LastBagByteNum                           0x20000003   Data           1  common.o(.data)
    Operators                                0x20000004   Data           1  common.o(.data)
    PowerINTFC                               0x20000005   Data           1  common.o(.data)
    TimeZone                                 0x20000006   Data           1  common.o(.data)
    LightLevelPercent                        0x20000007   Data           1  common.o(.data)
    NewFirmWareBagNum                        0x20000008   Data           2  common.o(.data)
    NewFirmWareVer                           0x2000000a   Data           2  common.o(.data)
    UpLoadINCL                               0x2000000c   Data           2  common.o(.data)
    RegularTimeWeekDay                       0x20000010   Data           4  common.o(.data)
    RegularTimeWeekEnd                       0x20000014   Data           4  common.o(.data)
    RegularTimeHoliday                       0x20000018   Data           4  common.o(.data)
    xMutex_STRATEGY                          0x2000001c   Data           4  common.o(.data)
    SysTick1ms                               0x20000020   Data           4  common.o(.data)
    SysTick10ms                              0x20000024   Data           4  common.o(.data)
    SysTick100ms                             0x20000028   Data           4  common.o(.data)
    SysTick1s                                0x2000002c   Data           4  common.o(.data)
    BootLoaderVersion                        0x20000030   Data           4  common.o(.data)
    SoftWareVersion                          0x20000034   Data           4  common.o(.data)
    HardWareVersion                          0x20000038   Data           4  common.o(.data)
    DeviceName                               0x2000003c   Data           4  common.o(.data)
    DeviceID                                 0x20000040   Data           4  common.o(.data)
    DeviceUUID                               0x20000044   Data           4  common.o(.data)
    DeviceICCID                              0x20000048   Data           4  common.o(.data)
    DeviceIMSI                               0x2000004c   Data           4  common.o(.data)
    APName                                   0x20000050   Data           4  common.o(.data)
    ServerDomain                             0x20000054   Data           4  common.o(.data)
    ServerIP                                 0x20000058   Data           4  common.o(.data)
    ServerPort                               0x2000005c   Data           4  common.o(.data)
    HolodayRange                             0x20000060   Data           6  common.o(.data)
    xMutex_IIC1                              0x20000268   Data           4  common.o(.data)
    xMutex_INVENTR                           0x2000026c   Data           4  common.o(.data)
    xMutex_AT_COMMAND                        0x20000270   Data           4  common.o(.data)
    xQueue_sensor                            0x20000274   Data           4  common.o(.data)
    LocalIp                                  0x20000278   Data           4  common.o(.data)
    NeedToReset                              0x2000027c   Data           1  common.o(.data)
    GetTimeOK                                0x2000027d   Data           1  common.o(.data)
    DeviceWorkMode                           0x2000027e   Data           1  common.o(.data)
    GpsInfo                                  0x20000280   Data           4  common.o(.data)
    xHandleTaskLED                           0x20000284   Data           4  task_led.o(.data)
    xHandleTaskHCI                           0x20000288   Data           4  task_hci.o(.data)
    HCI_Satck                                0x2000028c   Data           4  task_hci.o(.data)
    xHandleTaskSENSOR                        0x20000290   Data           4  task_sensor.o(.data)
    p_tSensorMsg                             0x20000294   Data           4  task_sensor.o(.data)
    xHandleTaskNET                           0x20000298   Data           4  task_net.o(.data)
    ConnectState                             0x2000029c   Data           1  task_net.o(.data)
    SocketId                                 0x2000029d   Data           1  task_net.o(.data)
    SignalIntensity                          0x2000029e   Data           1  task_net.o(.data)
    p_tSensorMsgNet                          0x200002a0   Data           4  task_net.o(.data)
    xHandleTaskMAIN                          0x200002a8   Data           4  task_main.o(.data)
    MirrorLightLevelPercent                  0x200002ac   Data           1  task_main.o(.data)
    SystemCoreClock                          0x200002b0   Data           4  system_stm32f10x.o(.data)
    AHBPrescTable                            0x200002b4   Data          16  system_stm32f10x.o(.data)
    Usart1RecvEnd                            0x200002ce   Data           1  usart.o(.data)
    Usart1Busy                               0x200002cf   Data           1  usart.o(.data)
    Usart4RecvEnd                            0x200002d0   Data           1  usart.o(.data)
    Usart4Busy                               0x200002d1   Data           1  usart.o(.data)
    Usart1RxCnt                              0x200002d4   Data           2  usart.o(.data)
    OldUsart1RxCnt                           0x200002d6   Data           2  usart.o(.data)
    Usart1FrameLen                           0x200002d8   Data           2  usart.o(.data)
    Usart1SendLen                            0x200002da   Data           2  usart.o(.data)
    Usart1SendNum                            0x200002dc   Data           2  usart.o(.data)
    Usart4RxCnt                              0x200002de   Data           2  usart.o(.data)
    OldUsart4RxCnt                           0x200002e0   Data           2  usart.o(.data)
    Usart4FrameLen                           0x200002e2   Data           2  usart.o(.data)
    Usart4SendLen                            0x200002e4   Data           2  usart.o(.data)
    Usart4SendNum                            0x200002e6   Data           2  usart.o(.data)
    __stdout                                 0x200002e8   Data           4  usart.o(.data)
    rsp_ok                                   0x200002ec   Data           1  usart2.o(.data)
    dl_buf_id                                0x200002ed   Data           1  usart2.o(.data)
    Temperature                              0x20000300   Data           4  sht2x.o(.data)
    Humidity                                 0x20000304   Data           4  sht2x.o(.data)
    Illumination                             0x20000308   Data           4  bh1750.o(.data)
    InventrBusy                              0x2000030c   Data           1  inventr.o(.data)
    InventrDisable                           0x2000030d   Data           1  inventr.o(.data)
    InventrInPutCurrent                      0x20000318   Data           4  inventr.o(.data)
    InventrInPutVoltage                      0x2000031c   Data           4  inventr.o(.data)
    InventrOutPutCurrent                     0x20000320   Data           4  inventr.o(.data)
    InventrOutPutVoltage                     0x20000324   Data           4  inventr.o(.data)
    bcxx_init_ok                             0x20000328   Data           1  bcxx.o(.data)
    callback                                 0x2000032c   Data           4  at_cmd.o(.data)
    flag_ok                                  0x20000330   Data           4  at_cmd.o(.data)
    result_ptr                               0x20000334   Data           4  at_cmd.o(.data)
    time_out                                 0x2000034c   Data           2  net_protocol.o(.data)
    AT_ECHO                                  0x2000034e   Data           1  at_protoco.o(.data)
    pipe                                     0x20000350   Data           8  fifo.o(.data)
    mallco_dev                               0x20000358   Data          20  malloc.o(.data)
    pxCurrentTCB                             0x20000378   Data           4  tasks.o(.data)
    xSchedulerRunning                        0x2000038c   Data           4  tasks.o(.data)
    RCC_Clocks                               0x200003b0   Data          20  main.o(.bss)
    HoldReg                                  0x200003c4   Data         512  common.o(.bss)
    calendar                                 0x200005c4   Data          10  rtc.o(.bss)
    Usart1RxBuf                              0x200005ce   Data         256  usart.o(.bss)
    Usart1TxBuf                              0x200006ce   Data         256  usart.o(.bss)
    Usart4RxBuf                              0x200007ce   Data         128  usart.o(.bss)
    Usart4TxBuf                              0x2000084e   Data         128  usart.o(.bss)
    ring_fifo                                0x200008d0   Data          12  usart2.o(.bss)
    ring_fifo1                               0x200008dc   Data          12  usart2.o(.bss)
    rx_fifo                                  0x200008e8   Data         512  usart2.o(.bss)
    rx_fifo1                                 0x20000ae8   Data         512  usart2.o(.bss)
    AT_CommandBuf                            0x20000eec   Data         208  at_protoco.o(.bss)
    membase                                  0x20000fbc   Data       32768  malloc.o(.bss)
    memmapbase                               0x20008fbc   Data        2048  malloc.o(.bss)
    __libspace_start                         0x200098d4   Data          96  libspace.o(.bss)
    __temporary_stack_top$libspace           0x20009934   Data           0  libspace.o(.bss)



==============================================================================

Memory Map of the image

  Image Entry point : 0x08008131

  Load Region LR_IROM1 (Base: 0x08008000, Size: 0x000091c0, Max: 0x0001c000, ABSOLUTE, COMPRESSED[0x00008f84])

    Execution Region ER_IROM1 (Base: 0x08008000, Size: 0x00008e10, Max: 0x0001c000, ABSOLUTE)

    Base Addr    Size         Type   Attr      Idx    E Section Name        Object

    0x08008000   0x00000130   Data   RO          914    RESET               startup_stm32f10x_hd.o
    0x08008130   0x00000008   Code   RO         6141  * !!!main             c_w.l(__main.o)
    0x08008138   0x00000034   Code   RO         6416    !!!scatter          c_w.l(__scatter.o)
    0x0800816c   0x0000005a   Code   RO         6414    !!dczerorl2         c_w.l(__dczerorl2.o)
    0x080081c6   0x00000002   PAD
    0x080081c8   0x0000001c   Code   RO         6418    !!handler_zi        c_w.l(__scatter_zi.o)
    0x080081e4   0x00000000   Code   RO         6113    .ARM.Collect$$_printf_percent$$00000000  c_w.l(_printf_percent.o)
    0x080081e4   0x00000006   Code   RO         6112    .ARM.Collect$$_printf_percent$$00000003  c_w.l(_printf_f.o)
    0x080081ea   0x00000006   Code   RO         6111    .ARM.Collect$$_printf_percent$$00000009  c_w.l(_printf_d.o)
    0x080081f0   0x00000006   Code   RO         6110    .ARM.Collect$$_printf_percent$$0000000C  c_w.l(_printf_x.o)
    0x080081f6   0x00000006   Code   RO         6109    .ARM.Collect$$_printf_percent$$00000014  c_w.l(_printf_s.o)
    0x080081fc   0x00000004   Code   RO         6204    .ARM.Collect$$_printf_percent$$00000017  c_w.l(_printf_percent_end.o)
    0x08008200   0x00000002   Code   RO         6345    .ARM.Collect$$libinit$$00000000  c_w.l(libinit.o)
    0x08008202   0x00000000   Code   RO         6207    .ARM.Collect$$libinit$$00000002  c_w.l(libinit2.o)
    0x08008202   0x00000000   Code   RO         6210    .ARM.Collect$$libinit$$00000008  c_w.l(libinit2.o)
    0x08008202   0x00000000   Code   RO         6212    .ARM.Collect$$libinit$$0000000A  c_w.l(libinit2.o)
    0x08008202   0x00000000   Code   RO         6214    .ARM.Collect$$libinit$$0000000C  c_w.l(libinit2.o)
    0x08008202   0x00000006   Code   RO         6215    .ARM.Collect$$libinit$$0000000D  c_w.l(libinit2.o)
    0x08008208   0x00000000   Code   RO         6217    .ARM.Collect$$libinit$$0000000F  c_w.l(libinit2.o)
    0x08008208   0x0000000c   Code   RO         6218    .ARM.Collect$$libinit$$00000010  c_w.l(libinit2.o)
    0x08008214   0x00000000   Code   RO         6219    .ARM.Collect$$libinit$$00000011  c_w.l(libinit2.o)
    0x08008214   0x00000000   Code   RO         6221    .ARM.Collect$$libinit$$00000013  c_w.l(libinit2.o)
    0x08008214   0x0000000a   Code   RO         6222    .ARM.Collect$$libinit$$00000014  c_w.l(libinit2.o)
    0x0800821e   0x00000000   Code   RO         6223    .ARM.Collect$$libinit$$00000015  c_w.l(libinit2.o)
    0x0800821e   0x00000000   Code   RO         6225    .ARM.Collect$$libinit$$00000017  c_w.l(libinit2.o)
    0x0800821e   0x00000000   Code   RO         6227    .ARM.Collect$$libinit$$00000019  c_w.l(libinit2.o)
    0x0800821e   0x00000000   Code   RO         6229    .ARM.Collect$$libinit$$0000001B  c_w.l(libinit2.o)
    0x0800821e   0x00000000   Code   RO         6231    .ARM.Collect$$libinit$$0000001D  c_w.l(libinit2.o)
    0x0800821e   0x00000000   Code   RO         6233    .ARM.Collect$$libinit$$0000001F  c_w.l(libinit2.o)
    0x0800821e   0x00000000   Code   RO         6235    .ARM.Collect$$libinit$$00000021  c_w.l(libinit2.o)
    0x0800821e   0x00000000   Code   RO         6237    .ARM.Collect$$libinit$$00000023  c_w.l(libinit2.o)
    0x0800821e   0x00000000   Code   RO         6241    .ARM.Collect$$libinit$$0000002A  c_w.l(libinit2.o)
    0x0800821e   0x00000000   Code   RO         6243    .ARM.Collect$$libinit$$0000002C  c_w.l(libinit2.o)
    0x0800821e   0x00000000   Code   RO         6245    .ARM.Collect$$libinit$$0000002E  c_w.l(libinit2.o)
    0x0800821e   0x00000000   Code   RO         6247    .ARM.Collect$$libinit$$00000030  c_w.l(libinit2.o)
    0x0800821e   0x00000002   Code   RO         6248    .ARM.Collect$$libinit$$00000031  c_w.l(libinit2.o)
    0x08008220   0x00000002   Code   RO         6376    .ARM.Collect$$libshutdown$$00000000  c_w.l(libshutdown.o)
    0x08008222   0x00000000   Code   RO         6383    .ARM.Collect$$libshutdown$$00000003  c_w.l(libshutdown2.o)
    0x08008222   0x00000000   Code   RO         6386    .ARM.Collect$$libshutdown$$00000006  c_w.l(libshutdown2.o)
    0x08008222   0x00000000   Code   RO         6389    .ARM.Collect$$libshutdown$$00000009  c_w.l(libshutdown2.o)
    0x08008222   0x00000000   Code   RO         6391    .ARM.Collect$$libshutdown$$0000000B  c_w.l(libshutdown2.o)
    0x08008222   0x00000000   Code   RO         6394    .ARM.Collect$$libshutdown$$0000000E  c_w.l(libshutdown2.o)
    0x08008222   0x00000002   Code   RO         6395    .ARM.Collect$$libshutdown$$0000000F  c_w.l(libshutdown2.o)
    0x08008224   0x00000000   Code   RO         6189    .ARM.Collect$$rtentry$$00000000  c_w.l(rtentry.o)
    0x08008224   0x00000000   Code   RO         6259    .ARM.Collect$$rtentry$$00000002  c_w.l(rtentry2.o)
    0x08008224   0x00000006   Code   RO         6271    .ARM.Collect$$rtentry$$00000004  c_w.l(rtentry4.o)
    0x0800822a   0x00000000   Code   RO         6261    .ARM.Collect$$rtentry$$00000009  c_w.l(rtentry2.o)
    0x0800822a   0x00000004   Code   RO         6262    .ARM.Collect$$rtentry$$0000000A  c_w.l(rtentry2.o)
    0x0800822e   0x00000000   Code   RO         6264    .ARM.Collect$$rtentry$$0000000C  c_w.l(rtentry2.o)
    0x0800822e   0x00000008   Code   RO         6265    .ARM.Collect$$rtentry$$0000000D  c_w.l(rtentry2.o)
    0x08008236   0x00000002   Code   RO         6348    .ARM.Collect$$rtexit$$00000000  c_w.l(rtexit.o)
    0x08008238   0x00000000   Code   RO         6358    .ARM.Collect$$rtexit$$00000002  c_w.l(rtexit2.o)
    0x08008238   0x00000004   Code   RO         6359    .ARM.Collect$$rtexit$$00000003  c_w.l(rtexit2.o)
    0x0800823c   0x00000006   Code   RO         6360    .ARM.Collect$$rtexit$$00000004  c_w.l(rtexit2.o)
    0x08008242   0x00000002   PAD
    0x08008244   0x000000a2   Code   RO         5490    .emb_text           port.o
    0x080082e6   0x00000002   PAD
    0x080082e8   0x00000040   Code   RO          915    .text               startup_stm32f10x_hd.o
    0x08008328   0x00000002   Code   RO         6048    .text               c_w.l(use_no_semi_2.o)
    0x0800832a   0x0000001e   Code   RO         6050    .text               c_w.l(toupper.o)
    0x08008348   0x00000018   Code   RO         6056    .text               c_w.l(noretval__2printf.o)
    0x08008360   0x00000028   Code   RO         6058    .text               c_w.l(noretval__2sprintf.o)
    0x08008388   0x00000052   Code   RO         6062    .text               c_w.l(_printf_pad.o)
    0x080083da   0x00000052   Code   RO         6064    .text               c_w.l(_printf_str.o)
    0x0800842c   0x00000078   Code   RO         6066    .text               c_w.l(_printf_dec.o)
    0x080084a4   0x0000005c   Code   RO         6071    .text               c_w.l(_printf_hex_int.o)
    0x08008500   0x0000013c   Code   RO         6101    .text               c_w.l(__printf_flags_wp.o)
    0x0800863c   0x00000024   Code   RO         6119    .text               c_w.l(strstr.o)
    0x08008660   0x00000058   Code   RO         6121    .text               c_w.l(memcmp.o)
    0x080086b8   0x0000003e   Code   RO         6123    .text               c_w.l(strlen.o)
    0x080086f6   0x00000018   Code   RO         6125    .text               c_w.l(strcat.o)
    0x0800870e   0x0000008a   Code   RO         6127    .text               c_w.l(rt_memcpy_v6.o)
    0x08008798   0x00000064   Code   RO         6129    .text               c_w.l(rt_memcpy_w.o)
    0x080087fc   0x00000010   Code   RO         6131    .text               c_w.l(aeabi_memset.o)
    0x0800880c   0x00000044   Code   RO         6133    .text               c_w.l(rt_memclr.o)
    0x08008850   0x0000004e   Code   RO         6135    .text               c_w.l(rt_memclr_w.o)
    0x0800889e   0x00000002   PAD
    0x080088a0   0x000001a4   Code   RO         6137    .text               c_w.l(mktime.o)
    0x08008a44   0x00000006   Code   RO         6139    .text               c_w.l(heapauxi.o)
    0x08008a4a   0x00000002   Code   RO         6187    .text               c_w.l(use_no_semi.o)
    0x08008a4c   0x00000010   Code   RO         6190    .text               c_w.l(rt_ctype_table.o)
    0x08008a5c   0x000000b8   Code   RO         6192    .text               c_w.l(_printf_intcommon.o)
    0x08008b14   0x00000420   Code   RO         6194    .text               c_w.l(_printf_fp_dec.o)
    0x08008f34   0x00000030   Code   RO         6196    .text               c_w.l(_printf_char_common.o)
    0x08008f64   0x0000000a   Code   RO         6198    .text               c_w.l(_sputc.o)
    0x08008f6e   0x0000002c   Code   RO         6200    .text               c_w.l(_printf_char.o)
    0x08008f9a   0x00000002   PAD
    0x08008f9c   0x00000024   Code   RO         6202    .text               c_w.l(_printf_char_file.o)
    0x08008fc0   0x00000008   Code   RO         6276    .text               c_w.l(rt_locale_intlibspace.o)
    0x08008fc8   0x0000008a   Code   RO         6278    .text               c_w.l(lludiv10.o)
    0x08009052   0x00000002   PAD
    0x08009054   0x00000080   Code   RO         6280    .text               c_w.l(_printf_fp_infnan.o)
    0x080090d4   0x000000e4   Code   RO         6284    .text               c_w.l(bigflt0.o)
    0x080091b8   0x00000008   Code   RO         6309    .text               c_w.l(ferror.o)
    0x080091c0   0x00000008   Code   RO         6327    .text               c_w.l(libspace.o)
    0x080091c8   0x0000004a   Code   RO         6330    .text               c_w.l(sys_stackheap_outer.o)
    0x08009212   0x0000000c   Code   RO         6332    .text               c_w.l(exit.o)
    0x0800921e   0x00000002   PAD
    0x08009220   0x00000080   Code   RO         6334    .text               c_w.l(strcmpv7m.o)
    0x080092a0   0x0000003e   Code   RO         6287    CL$$btod_d2e        c_w.l(btod.o)
    0x080092de   0x00000046   Code   RO         6289    CL$$btod_d2e_denorm_low  c_w.l(btod.o)
    0x08009324   0x00000060   Code   RO         6288    CL$$btod_d2e_norm_op1  c_w.l(btod.o)
    0x08009384   0x00000338   Code   RO         6297    CL$$btod_div_common  c_w.l(btod.o)
    0x080096bc   0x000000c6   Code   RO         6294    CL$$btod_e2e        c_w.l(btod.o)
    0x08009782   0x00000028   Code   RO         6291    CL$$btod_ediv       c_w.l(btod.o)
    0x080097aa   0x00000028   Code   RO         6290    CL$$btod_emul       c_w.l(btod.o)
    0x080097d2   0x00000244   Code   RO         6296    CL$$btod_mult_common  c_w.l(btod.o)
    0x08009a16   0x00000004   Code   RO         1396    i.AT24CXX_Init      24cxx.o
    0x08009a1a   0x00000002   PAD
    0x08009a1c   0x00000074   Code   RO         1399    i.AT24CXX_ReadOneByte  24cxx.o
    0x08009a90   0x0000002a   Code   RO         1401    i.AT24CXX_WriteLenByte  24cxx.o
    0x08009aba   0x00000002   PAD
    0x08009abc   0x00000094   Code   RO         1402    i.AT24CXX_WriteOneByte  24cxx.o
    0x08009b50   0x000000c8   Code   RO         4869    i.AT_CommandAPN     at_protoco.o
    0x08009c18   0x00000038   Code   RO         4870    i.AT_CommandCSQ     at_protoco.o
    0x08009c50   0x0000011c   Code   RO         4871    i.AT_CommandDEVID   at_protoco.o
    0x08009d6c   0x000000d8   Code   RO         4872    i.AT_CommandDEVNAME  at_protoco.o
    0x08009e44   0x000000d0   Code   RO         4873    i.AT_CommandDOMAIN  at_protoco.o
    0x08009f14   0x000002a4   Code   RO         4874    i.AT_CommandDataAnalysis  at_protoco.o
    0x0800a1b8   0x0000006c   Code   RO         4875    i.AT_CommandGMR     at_protoco.o
    0x0800a224   0x00000048   Code   RO         4876    i.AT_CommandGPS     at_protoco.o
    0x0800a26c   0x0000004c   Code   RO         4877    i.AT_CommandHUMI    at_protoco.o
    0x0800a2b8   0x000000c4   Code   RO         4878    i.AT_CommandINCL    at_protoco.o
    0x0800a37c   0x00000050   Code   RO         4879    i.AT_CommandINCURRENT  at_protoco.o
    0x0800a3cc   0x00000088   Code   RO         4880    i.AT_CommandINTFC   at_protoco.o
    0x0800a454   0x00000050   Code   RO         4881    i.AT_CommandINVOLTAGE  at_protoco.o
    0x0800a4a4   0x000000d4   Code   RO         4882    i.AT_CommandIPADDRESS  at_protoco.o
    0x0800a578   0x000004f0   Code   RO         4883    i.AT_CommandInit    at_protoco.o
    0x0800aa68   0x00000050   Code   RO         4884    i.AT_CommandLUMEN   at_protoco.o
    0x0800aab8   0x00000074   Code   RO         4885    i.AT_CommandMODE    at_protoco.o
    0x0800ab2c   0x00000088   Code   RO         4886    i.AT_CommandOPERATORS  at_protoco.o
    0x0800abb4   0x00000050   Code   RO         4887    i.AT_CommandOUTCURRENT  at_protoco.o
    0x0800ac04   0x00000050   Code   RO         4888    i.AT_CommandOUTVOLTAGE  at_protoco.o
    0x0800ac54   0x000000bc   Code   RO         4889    i.AT_CommandPERCENT  at_protoco.o
    0x0800ad10   0x000000d4   Code   RO         4890    i.AT_CommandPORT    at_protoco.o
    0x0800ade4   0x00000080   Code   RO         4891    i.AT_CommandPWRCTL  at_protoco.o
    0x0800ae64   0x0000004c   Code   RO         4893    i.AT_CommandTEMP    at_protoco.o
    0x0800aeb0   0x00000068   Code   RO         4894    i.AT_CommandTIME    at_protoco.o
    0x0800af18   0x000000b4   Code   RO         4895    i.AT_CommandTIMEOFFSET  at_protoco.o
    0x0800afcc   0x000000c4   Code   RO         4896    i.AT_CommandUUID    at_protoco.o
    0x0800b090   0x00000050   Code   RO          636    i.AppObjCreate      rtos_task.o
    0x0800b0e0   0x000000e4   Code   RO          637    i.AppTaskCreate     rtos_task.o
    0x0800b1c4   0x00000224   Code   RO          826    i.AutoLoopRegularTimeGroups  task_main.o
    0x0800b3e8   0x00000012   Code   RO         2081    i.BKP_DeInit        stm32f10x_bkp.o
    0x0800b3fa   0x00000002   PAD
    0x0800b3fc   0x00000010   Code   RO         2086    i.BKP_ReadBackupRegister  stm32f10x_bkp.o
    0x0800b40c   0x00000010   Code   RO         2090    i.BKP_WriteBackupRegister  stm32f10x_bkp.o
    0x0800b41c   0x00000002   Code   RO          856    i.BusFault_Handler  stm32f10x_it.o
    0x0800b41e   0x00000002   PAD
    0x0800b420   0x00000030   Code   RO          234    i.CRC16             common.o
    0x0800b450   0x0000001a   Code   RO          236    i.CalCheckSum       common.o
    0x0800b46a   0x00000002   PAD
    0x0800b46c   0x0000002c   Code   RO         4770    i.ControlDeviceReset  net_protocol.o
    0x0800b498   0x00000060   Code   RO         4771    i.ControlLightLevel  net_protocol.o
    0x0800b4f8   0x00000036   Code   RO          237    i.CopyStrToPointer  common.o
    0x0800b52e   0x00000002   Code   RO          857    i.DebugMon_Handler  stm32f10x_it.o
    0x0800b530   0x00000098   Code   RO         2970    i.GPIO_Init         stm32f10x_gpio.o
    0x0800b5c8   0x0000000e   Code   RO         2974    i.GPIO_ReadInputDataBit  stm32f10x_gpio.o
    0x0800b5d6   0x00000004   Code   RO         2977    i.GPIO_ResetBits    stm32f10x_gpio.o
    0x0800b5da   0x00000004   Code   RO         2978    i.GPIO_SetBits      stm32f10x_gpio.o
    0x0800b5de   0x00000024   Code   RO          238    i.GetADV            common.o
    0x0800b602   0x00000002   PAD
    0x0800b604   0x00000020   Code   RO          239    i.GetAPN            common.o
    0x0800b624   0x00000016   Code   RO          240    i.GetDatBit         common.o
    0x0800b63a   0x00000002   PAD
    0x0800b63c   0x00000020   Code   RO          241    i.GetDeviceICCID    common.o
    0x0800b65c   0x00000020   Code   RO          242    i.GetDeviceID       common.o
    0x0800b67c   0x00000020   Code   RO          243    i.GetDeviceIMSI     common.o
    0x0800b69c   0x0000002c   Code   RO         4772    i.GetDeviceInfo     net_protocol.o
    0x0800b6c8   0x00000020   Code   RO          244    i.GetDeviceName     common.o
    0x0800b6e8   0x00000020   Code   RO          245    i.GetDeviceUUID     common.o
    0x0800b708   0x000000bc   Code   RO          246    i.GetMemoryForString  common.o
    0x0800b7c4   0x00000020   Code   RO          247    i.GetServerDomain   common.o
    0x0800b7e4   0x00000020   Code   RO          248    i.GetServerIP       common.o
    0x0800b804   0x00000020   Code   RO          249    i.GetServerPort     common.o
    0x0800b824   0x0000000c   Code   RO          253    i.GetSysTick1s      common.o
    0x0800b830   0x00000070   Code   RO         4773    i.GetTimeDateFromServer  net_protocol.o
    0x0800b8a0   0x00000020   Code   RO          858    i.HardFault_Handler  stm32f10x_it.o
    0x0800b8c0   0x00000038   Code   RO          254    i.HexToStr          common.o
    0x0800b8f8   0x00000050   Code   RO         1055    i.IIC1_Ack          iic1.o
    0x0800b948   0x00000040   Code   RO         1056    i.IIC1_Init         iic1.o
    0x0800b988   0x00000050   Code   RO         1057    i.IIC1_NAck         iic1.o
    0x0800b9d8   0x00000074   Code   RO         1058    i.IIC1_Read_Byte    iic1.o
    0x0800ba4c   0x00000074   Code   RO         1059    i.IIC1_Send_Byte    iic1.o
    0x0800bac0   0x00000050   Code   RO         1060    i.IIC1_Start        iic1.o
    0x0800bb10   0x00000050   Code   RO         1061    i.IIC1_Stop         iic1.o
    0x0800bb60   0x0000006c   Code   RO         1062    i.IIC1_Wait_Ack     iic1.o
    0x0800bbcc   0x00000010   Code   RO         3282    i.IWDG_Enable       stm32f10x_iwdg.o
    0x0800bbdc   0x00000004   Code   RO         1031    i.IWDG_Feed         sys.o
    0x0800bbe0   0x00000026   Code   RO         1032    i.IWDG_Init         sys.o
    0x0800bc06   0x00000002   PAD
    0x0800bc08   0x00000010   Code   RO         3284    i.IWDG_ReloadCounter  stm32f10x_iwdg.o
    0x0800bc18   0x0000000c   Code   RO         3285    i.IWDG_SetPrescaler  stm32f10x_iwdg.o
    0x0800bc24   0x0000000c   Code   RO         3286    i.IWDG_SetReload    stm32f10x_iwdg.o
    0x0800bc30   0x0000000c   Code   RO         3287    i.IWDG_WriteAccessCmd  stm32f10x_iwdg.o
    0x0800bc3c   0x00000048   Code   RO          255    i.IntToString       common.o
    0x0800bc84   0x0000016c   Code   RO         1543    i.InventrGetOutPutCurrent  inventr.o
    0x0800bdf0   0x0000016c   Code   RO         1544    i.InventrGetOutPutVoltage  inventr.o
    0x0800bf5c   0x0000011c   Code   RO         1545    i.InventrSetLightLevel  inventr.o
    0x0800c078   0x00000026   Code   RO         1166    i.Is_Leap_Year      rtc.o
    0x0800c09e   0x00000002   PAD
    0x0800c0a0   0x00000034   Code   RO         1530    i.LED_Init          led.o
    0x0800c0d4   0x00000002   Code   RO          859    i.MemManage_Handler  stm32f10x_it.o
    0x0800c0d6   0x0000003c   Code   RO          256    i.MyStrstr          common.o
    0x0800c112   0x00000002   Code   RO          860    i.NMI_Handler       stm32f10x_it.o
    0x0800c114   0x0000008c   Code   RO         1033    i.NVIC_Configuration  sys.o
    0x0800c1a0   0x00000064   Code   RO         1821    i.NVIC_Init         misc.o
    0x0800c204   0x00000014   Code   RO         1822    i.NVIC_PriorityGroupConfig  misc.o
    0x0800c218   0x00000154   Code   RO         4774    i.NetDataAnalysis   net_protocol.o
    0x0800c36c   0x000000c8   Code   RO         4775    i.NetDataFrameHandle  net_protocol.o
    0x0800c434   0x0000003c   Code   RO          778    i.OnServerHandle    task_net.o
    0x0800c470   0x0000000c   Code   RO         3324    i.PWR_BackupAccessCmd  stm32f10x_pwr.o
    0x0800c47c   0x0000005c   Code   RO         4897    i.PackAT_CommandRespone  at_protoco.o
    0x0800c4d8   0x00000008   Code   RO         4776    i.PackAckPacket     net_protocol.o
    0x0800c4e0   0x000000c0   Code   RO          257    i.PackNetData       common.o
    0x0800c5a0   0x00000018   Code   RO         3386    i.RCC_APB1PeriphClockCmd  stm32f10x_rcc.o
    0x0800c5b8   0x00000018   Code   RO         3387    i.RCC_APB1PeriphResetCmd  stm32f10x_rcc.o
    0x0800c5d0   0x00000018   Code   RO         3388    i.RCC_APB2PeriphClockCmd  stm32f10x_rcc.o
    0x0800c5e8   0x00000018   Code   RO         3389    i.RCC_APB2PeriphResetCmd  stm32f10x_rcc.o
    0x0800c600   0x0000000c   Code   RO         3391    i.RCC_BackupResetCmd  stm32f10x_rcc.o
    0x0800c60c   0x00000094   Code   RO         3396    i.RCC_GetClocksFreq  stm32f10x_rcc.o
    0x0800c6a0   0x00000030   Code   RO         3397    i.RCC_GetFlagStatus  stm32f10x_rcc.o
    0x0800c6d0   0x00000020   Code   RO         3404    i.RCC_LSEConfig     stm32f10x_rcc.o
    0x0800c6f0   0x0000000c   Code   RO         3411    i.RCC_RTCCLKCmd     stm32f10x_rcc.o
    0x0800c6fc   0x00000010   Code   RO         3412    i.RCC_RTCCLKConfig  stm32f10x_rcc.o
    0x0800c70c   0x00000010   Code   RO         3585    i.RTC_ClearITPendingBit  stm32f10x_rtc.o
    0x0800c71c   0x00000010   Code   RO         3586    i.RTC_EnterConfigMode  stm32f10x_rtc.o
    0x0800c72c   0x00000010   Code   RO         3587    i.RTC_ExitConfigMode  stm32f10x_rtc.o
    0x0800c73c   0x000000cc   Code   RO         1167    i.RTC_Get           rtc.o
    0x0800c808   0x00000014   Code   RO         3588    i.RTC_GetCounter    stm32f10x_rtc.o
    0x0800c81c   0x00000020   Code   RO         3591    i.RTC_GetITStatus   stm32f10x_rtc.o
    0x0800c83c   0x0000004c   Code   RO         1168    i.RTC_Get_Week      rtc.o
    0x0800c888   0x0000001c   Code   RO         1169    i.RTC_IRQHandler    rtc.o
    0x0800c8a4   0x00000018   Code   RO         3592    i.RTC_ITConfig      stm32f10x_rtc.o
    0x0800c8bc   0x000000d6   Code   RO         1170    i.RTC_Init          rtc.o
    0x0800c992   0x00000002   PAD
    0x0800c994   0x000000d0   Code   RO         1171    i.RTC_Set           rtc.o
    0x0800ca64   0x00000020   Code   RO         3594    i.RTC_SetCounter    stm32f10x_rtc.o
    0x0800ca84   0x00000020   Code   RO         3595    i.RTC_SetPrescaler  stm32f10x_rtc.o
    0x0800caa4   0x00000010   Code   RO         3596    i.RTC_WaitForLastTask  stm32f10x_rtc.o
    0x0800cab4   0x00000018   Code   RO         3597    i.RTC_WaitForSynchro  stm32f10x_rtc.o
    0x0800cacc   0x00000044   Code   RO          258    i.ReadAPN           common.o
    0x0800cb10   0x00000068   Code   RO          259    i.ReadBootLoaderVersion  common.o
    0x0800cb78   0x0000004c   Code   RO          260    i.ReadDataFromEepromToHoldBuf  common.o
    0x0800cbc4   0x00000058   Code   RO          261    i.ReadDeviceICCID   common.o
    0x0800cc1c   0x00000040   Code   RO          262    i.ReadDeviceID      common.o
    0x0800cc5c   0x00000050   Code   RO          263    i.ReadDeviceIMSI    common.o
    0x0800ccac   0x00000044   Code   RO          264    i.ReadDeviceName    common.o
    0x0800ccf0   0x00000054   Code   RO          265    i.ReadDeviceUUID    common.o
    0x0800cd44   0x00000068   Code   RO          266    i.ReadHardWareVersion  common.o
    0x0800cdac   0x00000050   Code   RO          268    i.ReadOTAInfo       common.o
    0x0800cdfc   0x0000002c   Code   RO          269    i.ReadOperators     common.o
    0x0800ce28   0x00000054   Code   RO          270    i.ReadParametersFromEEPROM  common.o
    0x0800ce7c   0x0000002c   Code   RO          271    i.ReadPowerINTFCC   common.o
    0x0800cea8   0x00000128   Code   RO          272    i.ReadRegularTimeGroups  common.o
    0x0800cfd0   0x00000054   Code   RO          273    i.ReadServerDomain  common.o
    0x0800d024   0x00000050   Code   RO          274    i.ReadServerIP      common.o
    0x0800d074   0x00000044   Code   RO          275    i.ReadServerPort    common.o
    0x0800d0b8   0x00000038   Code   RO          276    i.ReadSoftWareVersion  common.o
    0x0800d0f0   0x0000002c   Code   RO          278    i.ReadTimeZone      common.o
    0x0800d11c   0x0000003c   Code   RO          279    i.ReadUpLoadINVL    common.o
    0x0800d158   0x000000b8   Code   RO          280    i.RegularTimeGroupAdd  common.o
    0x0800d210   0x000000ec   Code   RO          281    i.RegularTimeGroupSub  common.o
    0x0800d2fc   0x00000026   Code   RO          282    i.RemoveAllStrategy  common.o
    0x0800d322   0x00000002   PAD
    0x0800d324   0x000000c8   Code   RO         1791    i.SendCmd           at_cmd.o
    0x0800d3ec   0x00000060   Code   RO          779    i.SendSensorDataToIOTPlatform  task_net.o
    0x0800d44c   0x00000054   Code   RO         4777    i.SetDevicePowerINTFC  net_protocol.o
    0x0800d4a0   0x00000054   Code   RO         4778    i.SetDeviceUUID     net_protocol.o
    0x0800d4f4   0x0000005c   Code   RO         4779    i.SetDeviceUpLoadINCL  net_protocol.o
    0x0800d550   0x00000038   Code   RO         4780    i.SetDeviceWorkMode  net_protocol.o
    0x0800d588   0x00000158   Code   RO         4781    i.SetRegularTimeGroups  net_protocol.o
    0x0800d6e0   0x000000a8   Code   RO          919    i.SetSysClockTo72   system_stm32f10x.o
    0x0800d788   0x0000000c   Code   RO          283    i.SetSysTick1s      common.o
    0x0800d794   0x000000ac   Code   RO         4782    i.SetUpdateFirmWareInfo  net_protocol.o
    0x0800d840   0x0000004c   Code   RO          284    i.StrToHex          common.o
    0x0800d88c   0x00000054   Code   RO          285    i.StringToInt       common.o
    0x0800d8e0   0x000000e0   Code   RO          780    i.SyncDataTimeFormBcxxModule  task_net.o
    0x0800d9c0   0x000000d4   Code   RO         1172    i.SyncTimeFromNet   rtc.o
    0x0800da94   0x00000010   Code   RO          286    i.SysTick100msAdder  common.o
    0x0800daa4   0x00000010   Code   RO          287    i.SysTick10msAdder  common.o
    0x0800dab4   0x00000010   Code   RO          288    i.SysTick1msAdder   common.o
    0x0800dac4   0x00000018   Code   RO         1825    i.SysTick_CLKSourceConfig  misc.o
    0x0800dadc   0x0000001c   Code   RO          948    i.SysTick_Handler   delay.o
    0x0800daf8   0x00000050   Code   RO          921    i.SystemInit        system_stm32f10x.o
    0x0800db48   0x00000044   Code   RO         1222    i.TIM2_IRQHandler   usart.o
    0x0800db8c   0x00000040   Code   RO         1223    i.TIM2_Init         usart.o
    0x0800dbcc   0x00000006   Code   RO         4012    i.TIM_ClearITPendingBit  stm32f10x_tim.o
    0x0800dbd2   0x00000014   Code   RO         4017    i.TIM_Cmd           stm32f10x_tim.o
    0x0800dbe6   0x00000018   Code   RO         4038    i.TIM_GetITStatus   stm32f10x_tim.o
    0x0800dbfe   0x00000010   Code   RO         4042    i.TIM_ITConfig      stm32f10x_tim.o
    0x0800dc0e   0x00000002   PAD
    0x0800dc10   0x0000009c   Code   RO         4088    i.TIM_TimeBaseInit  stm32f10x_tim.o
    0x0800dcac   0x0000004c   Code   RO          781    i.TryToConnectToServer  task_net.o
    0x0800dcf8   0x00000098   Code   RO         1224    i.UART4_IRQHandler  usart.o
    0x0800dd90   0x00000098   Code   RO         1225    i.UART4_Init        usart.o
    0x0800de28   0x00000098   Code   RO         1226    i.USART1_IRQHandler  usart.o
    0x0800dec0   0x00000094   Code   RO         1227    i.USART1_Init       usart.o
    0x0800df54   0x00000104   Code   RO         1341    i.USART2_IRQHandler  usart2.o
    0x0800e058   0x000000d0   Code   RO         1342    i.USART2_Init       usart2.o
    0x0800e128   0x00000044   Code   RO         1343    i.USART2_Write      usart2.o
    0x0800e16c   0x00000006   Code   RO         4536    i.USART_ClearFlag   stm32f10x_usart.o
    0x0800e172   0x00000014   Code   RO         4540    i.USART_Cmd         stm32f10x_usart.o
    0x0800e186   0x00000002   PAD
    0x0800e188   0x00000074   Code   RO         4542    i.USART_DeInit      stm32f10x_usart.o
    0x0800e1fc   0x0000000e   Code   RO         4543    i.USART_GetFlagStatus  stm32f10x_usart.o
    0x0800e20a   0x0000003e   Code   RO         4544    i.USART_GetITStatus  stm32f10x_usart.o
    0x0800e248   0x00000030   Code   RO         4546    i.USART_ITConfig    stm32f10x_usart.o
    0x0800e278   0x000000b4   Code   RO         4547    i.USART_Init        stm32f10x_usart.o
    0x0800e32c   0x00000008   Code   RO         4554    i.USART_ReceiveData  stm32f10x_usart.o
    0x0800e334   0x00000008   Code   RO         4557    i.USART_SendData    stm32f10x_usart.o
    0x0800e33c   0x00000010   Code   RO         4783    i.UnPackAckPacket   net_protocol.o
    0x0800e34c   0x00000030   Code   RO          289    i.UnPackSensorData  common.o
    0x0800e37c   0x00000002   Code   RO          861    i.UsageFault_Handler  stm32f10x_it.o
    0x0800e37e   0x00000002   PAD
    0x0800e380   0x00000050   Code   RO         1228    i.Usart1FrameSend   usart.o
    0x0800e3d0   0x00000024   Code   RO         1229    i.Usart1ReciveFrameEnd  usart.o
    0x0800e3f4   0x00000050   Code   RO         1230    i.Usart4FrameSend   usart.o
    0x0800e444   0x00000024   Code   RO         1231    i.Usart4ReciveFrameEnd  usart.o
    0x0800e468   0x00000040   Code   RO         1232    i.UsartSendString   usart.o
    0x0800e4a8   0x00000038   Code   RO          290    i.WriteDataFromHoldBufToEeprom  common.o
    0x0800e4e0   0x00000080   Code   RO          291    i.WriteOTAInfo      common.o
    0x0800e560   0x00000028   Code   RO         6325    i.__ARM_fpclassify  m_ws.l(fpclassify.o)
    0x0800e588   0x0000000e   Code   RO         6099    i._is_digit         c_w.l(__printf_wp.o)
    0x0800e596   0x00000002   Code   RO         1233    i._sys_exit         usart.o
    0x0800e598   0x00000068   Code   RO         1588    i.bcxx_get_AT_CCLK  bcxx.o
    0x0800e600   0x000000b4   Code   RO         1589    i.bcxx_get_AT_CGPADDR  bcxx.o
    0x0800e6b4   0x000000a4   Code   RO         1590    i.bcxx_get_AT_CGSN  bcxx.o
    0x0800e758   0x00000088   Code   RO         1591    i.bcxx_get_AT_CIMI  bcxx.o
    0x0800e7e0   0x00000084   Code   RO         1592    i.bcxx_get_AT_CSQ   bcxx.o
    0x0800e864   0x00000090   Code   RO         1593    i.bcxx_get_AT_NCCID  bcxx.o
    0x0800e8f4   0x0000003c   Code   RO         1594    i.bcxx_hard_init    bcxx.o
    0x0800e930   0x0000004c   Code   RO         1595    i.bcxx_hard_reset   bcxx.o
    0x0800e97c   0x00000038   Code   RO         1596    i.bcxx_set_AT_ATE   bcxx.o
    0x0800e9b4   0x00000044   Code   RO         1597    i.bcxx_set_AT_CEDRXS  bcxx.o
    0x0800e9f8   0x0000003c   Code   RO         1598    i.bcxx_set_AT_CELL_RESELECTION  bcxx.o
    0x0800ea34   0x00000040   Code   RO         1599    i.bcxx_set_AT_CEREG  bcxx.o
    0x0800ea74   0x00000044   Code   RO         1600    i.bcxx_set_AT_CFUN  bcxx.o
    0x0800eab8   0x00000040   Code   RO         1601    i.bcxx_set_AT_CGATT  bcxx.o
    0x0800eaf8   0x00000040   Code   RO         1602    i.bcxx_set_AT_CPSMS  bcxx.o
    0x0800eb38   0x00000040   Code   RO         1603    i.bcxx_set_AT_CSCON  bcxx.o
    0x0800eb78   0x0000008c   Code   RO         1604    i.bcxx_set_AT_NBAND  bcxx.o
    0x0800ec04   0x0000003c   Code   RO         1608    i.bcxx_set_AT_NRB   bcxx.o
    0x0800ec40   0x0000004c   Code   RO         1610    i.bcxx_set_AT_NSOCO  bcxx.o
    0x0800ec8c   0x00000090   Code   RO         1611    i.bcxx_set_AT_NSOCR  bcxx.o
    0x0800ed1c   0x00000040   Code   RO         1613    i.bcxx_set_AT_NSONMI  bcxx.o
    0x0800ed5c   0x00000068   Code   RO         1614    i.bcxx_set_AT_NSOSD  bcxx.o
    0x0800edc4   0x00000040   Code   RO         1615    i.bcxx_set_AT_QREGSWT  bcxx.o
    0x0800ee04   0x000000b0   Code   RO         1616    i.bcxx_set_NATSPEED  bcxx.o
    0x0800eeb4   0x000000e0   Code   RO         1617    i.bcxx_soft_init    bcxx.o
    0x0800ef94   0x00000034   Code   RO          949    i.delay_init        delay.o
    0x0800efc8   0x0000003c   Code   RO          950    i.delay_ms          delay.o
    0x0800f004   0x00000044   Code   RO          954    i.delay_us          delay.o
    0x0800f048   0x00000050   Code   RO         5090    i.fifo_get          fifo.o
    0x0800f098   0x00000048   Code   RO         5091    i.fifo_init         fifo.o
    0x0800f0e0   0x00000040   Code   RO         5092    i.fifo_put          fifo.o
    0x0800f120   0x0000005a   Code   RO          292    i.find_str          common.o
    0x0800f17a   0x00000002   PAD
    0x0800f17c   0x00000018   Code   RO         1234    i.fputc             usart.o
    0x0800f194   0x00000068   Code   RO          293    i.get_str1          common.o
    0x0800f1fc   0x00000088   Code   RO            1    i.main              main.o
    0x0800f284   0x00000040   Code   RO         5117    i.mem_free          malloc.o
    0x0800f2c4   0x00000028   Code   RO         5118    i.mem_init          malloc.o
    0x0800f2ec   0x00000060   Code   RO         5119    i.mem_malloc        malloc.o
    0x0800f34c   0x0000002c   Code   RO         5120    i.mem_perused       malloc.o
    0x0800f378   0x00000026   Code   RO         5060    i.memb_alloc        memb.o
    0x0800f39e   0x0000002c   Code   RO         5061    i.memb_free         memb.o
    0x0800f3ca   0x0000001c   Code   RO         5062    i.memb_init         memb.o
    0x0800f3e6   0x00000002   PAD
    0x0800f3e8   0x00000014   Code   RO         5121    i.myfree            malloc.o
    0x0800f3fc   0x0000001c   Code   RO         5122    i.mymalloc          malloc.o
    0x0800f418   0x0000000c   Code   RO         5124    i.mymemset          malloc.o
    0x0800f424   0x0000005a   Code   RO         5276    i.nbiot_atoi        utils.o
    0x0800f47e   0x00000006   Code   RO          955    i.nbiot_sleep       delay.o
    0x0800f484   0x00000018   Code   RO         5255    i.nbiot_udp_recv    socket.o
    0x0800f49c   0x00000058   Code   RO         1619    i.netif_rx          bcxx.o
    0x0800f4f4   0x00000034   Code   RO         5733    i.prvAddCurrentTaskToDelayedList  tasks.o
    0x0800f528   0x00000058   Code   RO         5734    i.prvCheckTasksWaitingTermination  tasks.o
    0x0800f580   0x00000026   Code   RO         5561    i.prvCopyDataFromQueue  queue.o
    0x0800f5a6   0x0000006e   Code   RO         5562    i.prvCopyDataToQueue  queue.o
    0x0800f614   0x00000028   Code   RO         5735    i.prvIdleTask       tasks.o
    0x0800f63c   0x00000020   Code   RO         5737    i.prvResetNextTaskUnblockTime  tasks.o
    0x0800f65c   0x00000014   Code   RO         5738    i.prvTaskCheckFreeStackSpace  tasks.o
    0x0800f670   0x00000020   Code   RO         5491    i.prvTaskExitError  port.o
    0x0800f690   0x00000064   Code   RO         5563    i.prvUnlockQueue    queue.o
    0x0800f6f4   0x00000018   Code   RO         5740    i.pvTaskIncrementMutexHeldCount  tasks.o
    0x0800f70c   0x00000020   Code   RO         5492    i.pxPortInitialiseStack  port.o
    0x0800f72c   0x00000010   Code   RO         1793    i.register_cmd_handler  at_cmd.o
    0x0800f73c   0x0000000e   Code   RO         5186    i.ringbuf_clear     ringbuf.o
    0x0800f74a   0x0000000c   Code   RO         5187    i.ringbuf_elements  ringbuf.o
    0x0800f756   0x0000000e   Code   RO         5189    i.ringbuf_init      ringbuf.o
    0x0800f764   0x00000024   Code   RO         5190    i.ringbuf_put       ringbuf.o
    0x0800f788   0x00000018   Code   RO          296    i.search_str        common.o
    0x0800f7a0   0x00000024   Code   RO         5454    i.uxListRemove      list.o
    0x0800f7c4   0x00000010   Code   RO         5743    i.uxTaskGetStackHighWaterMark  tasks.o
    0x0800f7d4   0x00000016   Code   RO         5455    i.vListInitialise   list.o
    0x0800f7ea   0x00000006   Code   RO         5456    i.vListInitialiseItem  list.o
    0x0800f7f0   0x00000030   Code   RO         5457    i.vListInsert       list.o
    0x0800f820   0x00000018   Code   RO         5458    i.vListInsertEnd    list.o
    0x0800f838   0x00000048   Code   RO         5494    i.vPortEnterCritical  port.o
    0x0800f880   0x00000028   Code   RO         5495    i.vPortExitCritical  port.o
    0x0800f8a8   0x00000020   Code   RO         5496    i.vPortSetupTimerInterrupt  port.o
    0x0800f8c8   0x00000068   Code   RO         5749    i.vTaskDelay        tasks.o
    0x0800f930   0x000000e4   Code   RO          719    i.vTaskHCI          task_hci.o
    0x0800fa14   0x0000006c   Code   RO          700    i.vTaskLED          task_led.o
    0x0800fa80   0x00000084   Code   RO          827    i.vTaskMAIN         task_main.o
    0x0800fb04   0x0000000c   Code   RO         5753    i.vTaskMissedYield  tasks.o
    0x0800fb10   0x00000094   Code   RO          782    i.vTaskNET          task_net.o
    0x0800fba4   0x00000064   Code   RO         5755    i.vTaskPlaceOnEventList  tasks.o
    0x0800fc08   0x00000084   Code   RO         5757    i.vTaskPriorityInherit  tasks.o
    0x0800fc8c   0x0000013c   Code   RO          746    i.vTaskSENSOR       task_sensor.o
    0x0800fdc8   0x00000024   Code   RO         5761    i.vTaskSetTimeOutState  tasks.o
    0x0800fdec   0x00000068   Code   RO         5762    i.vTaskStartScheduler  tasks.o
    0x0800fe54   0x00000010   Code   RO         5764    i.vTaskSuspendAll   tasks.o
    0x0800fe64   0x0000005c   Code   RO         5765    i.vTaskSwitchContext  tasks.o
    0x0800fec0   0x0000007c   Code   RO         5499    i.xPortStartScheduler  port.o
    0x0800ff3c   0x0000002c   Code   RO         5500    i.xPortSysTickHandler  port.o
    0x0800ff68   0x0000004a   Code   RO         5574    i.xQueueCreateMutex  queue.o
    0x0800ffb2   0x00000064   Code   RO         5575    i.xQueueGenericCreate  queue.o
    0x08010016   0x00000002   PAD
    0x08010018   0x00000178   Code   RO         5576    i.xQueueGenericReceive  queue.o
    0x08010190   0x00000084   Code   RO         5577    i.xQueueGenericReset  queue.o
    0x08010214   0x00000164   Code   RO         5578    i.xQueueGenericSend  queue.o
    0x08010378   0x0000006c   Code   RO         5766    i.xTaskCheckForTimeOut  tasks.o
    0x080103e4   0x000001cc   Code   RO         5767    i.xTaskGenericCreate  tasks.o
    0x080105b0   0x0000001c   Code   RO         5771    i.xTaskGetSchedulerState  tasks.o
    0x080105cc   0x000000cc   Code   RO         5774    i.xTaskIncrementTick  tasks.o
    0x08010698   0x00000098   Code   RO         5777    i.xTaskPriorityDisinherit  tasks.o
    0x08010730   0x00000074   Code   RO         5778    i.xTaskRemoveFromEventList  tasks.o
    0x080107a4   0x000000c4   Code   RO         5780    i.xTaskResumeAll    tasks.o
    0x08010868   0x0000002c   Code   RO         6314    locale$$code        c_w.l(lc_ctype_c.o)
    0x08010894   0x0000002c   Code   RO         6317    locale$$code        c_w.l(lc_numeric_c.o)
    0x080108c0   0x0000000c   Code   RO         6251    x$fpl$dretinf       fz_ws.l(dretinf.o)
    0x080108cc   0x00000056   Code   RO         6163    x$fpl$f2d           fz_ws.l(f2d.o)
    0x08010922   0x00000002   PAD
    0x08010924   0x000000c4   Code   RO         6165    x$fpl$fadd          fz_ws.l(faddsub_clz.o)
    0x080109e8   0x0000003e   Code   RO         6175    x$fpl$ffixu         fz_ws.l(ffixu.o)
    0x08010a26   0x00000002   PAD
    0x08010a28   0x00000026   Code   RO         6179    x$fpl$ffltu         fz_ws.l(fflt_clz.o)
    0x08010a4e   0x0000008c   Code   RO         6253    x$fpl$fnaninf       fz_ws.l(fnaninf.o)
    0x08010ada   0x0000000a   Code   RO         6255    x$fpl$fretinf       fz_ws.l(fretinf.o)
    0x08010ae4   0x000000ea   Code   RO         6167    x$fpl$fsub          fz_ws.l(faddsub_clz.o)
    0x08010bce   0x00000004   Code   RO         6185    x$fpl$printf1       fz_ws.l(printf1.o)
    0x08010bd2   0x00000000   Code   RO         6257    x$fpl$usenofp       fz_ws.l(usenofp.o)
    0x08010bd2   0x00000018   Data   RO         1174    .constdata          rtc.o
    0x08010bea   0x00000028   Data   RO         6072    .constdata          c_w.l(_printf_hex_int.o)
    0x08010c12   0x00000011   Data   RO         6102    .constdata          c_w.l(__printf_flags_wp.o)
    0x08010c23   0x0000000c   Data   RO         6205    .constdata          c_w.l(_monlen.o)
    0x08010c2f   0x00000001   PAD
    0x08010c30   0x00000094   Data   RO         6285    .constdata          c_w.l(bigflt0.o)
    0x08010cc4   0x00000020   Data   RO         6412    Region$$Table       anon$$obj.o
    0x08010ce4   0x00000110   Data   RO         6313    locale$$data        c_w.l(lc_ctype_c.o)
    0x08010df4   0x0000001c   Data   RO         6316    locale$$data        c_w.l(lc_numeric_c.o)


    Execution Region RW_IRAM1 (Base: 0x20000000, Size: 0x0000b138, Max: 0x00010000, ABSOLUTE, COMPRESSED[0x00000174])

    Base Addr    Size         Type   Attr      Idx    E Section Name        Object

    0x20000000   0x00000266   Data   RW          300    .data               common.o
    0x20000266   0x00000002   PAD
    0x20000268   0x00000004   Data   RW          301    .data               common.o
    0x2000026c   0x00000004   Data   RW          302    .data               common.o
    0x20000270   0x00000004   Data   RW          303    .data               common.o
    0x20000274   0x00000004   Data   RW          304    .data               common.o
    0x20000278   0x00000004   Data   RW          306    .data               common.o
    0x2000027c   0x00000001   Data   RW          307    .data               common.o
    0x2000027d   0x00000001   Data   RW          309    .data               common.o
    0x2000027e   0x00000001   Data   RW          310    .data               common.o
    0x2000027f   0x00000001   PAD
    0x20000280   0x00000004   Data   RW          311    .data               common.o
    0x20000284   0x00000004   Data   RW          701    .data               task_led.o
    0x20000288   0x00000004   Data   RW          720    .data               task_hci.o
    0x2000028c   0x00000004   Data   RW          721    .data               task_hci.o
    0x20000290   0x00000004   Data   RW          747    .data               task_sensor.o
    0x20000294   0x00000004   Data   RW          748    .data               task_sensor.o
    0x20000298   0x00000004   Data   RW          783    .data               task_net.o
    0x2000029c   0x0000000c   Data   RW          784    .data               task_net.o
    0x200002a8   0x00000004   Data   RW          828    .data               task_main.o
    0x200002ac   0x00000001   Data   RW          829    .data               task_main.o
    0x200002ad   0x00000003   PAD
    0x200002b0   0x00000014   Data   RW          922    .data               system_stm32f10x.o
    0x200002c4   0x00000008   Data   RW          957    .data               delay.o
    0x200002cc   0x00000002   Data   RW         1175    .data               rtc.o
    0x200002ce   0x0000001a   Data   RW         1236    .data               usart.o
    0x200002e8   0x00000004   Data   RW         1237    .data               usart.o
    0x200002ec   0x00000010   Data   RW         1346    .data               usart2.o
    0x200002fc   0x00000001   Data   RW         1347    .data               usart2.o
    0x200002fd   0x00000003   PAD
    0x20000300   0x00000004   Data   RW         1450    .data               sht2x.o
    0x20000304   0x00000004   Data   RW         1451    .data               sht2x.o
    0x20000308   0x00000004   Data   RW         1498    .data               bh1750.o
    0x2000030c   0x0000000c   Data   RW         1547    .data               inventr.o
    0x20000318   0x00000004   Data   RW         1548    .data               inventr.o
    0x2000031c   0x00000004   Data   RW         1549    .data               inventr.o
    0x20000320   0x00000004   Data   RW         1550    .data               inventr.o
    0x20000324   0x00000004   Data   RW         1551    .data               inventr.o
    0x20000328   0x00000001   Data   RW         1622    .data               bcxx.o
    0x20000329   0x00000003   PAD
    0x2000032c   0x0000000c   Data   RW         1794    .data               at_cmd.o
    0x20000338   0x00000014   Data   RW         3416    .data               stm32f10x_rcc.o
    0x2000034c   0x00000002   Data   RW         4784    .data               net_protocol.o
    0x2000034e   0x00000001   Data   RW         4899    .data               at_protoco.o
    0x2000034f   0x00000001   PAD
    0x20000350   0x00000008   Data   RW         5093    .data               fifo.o
    0x20000358   0x00000014   Data   RW         5131    .data               malloc.o
    0x2000036c   0x0000000c   Data   RW         5501    .data               port.o
    0x20000378   0x00000038   Data   RW         5783    .data               tasks.o
    0x200003b0   0x00000014   Zero   RW            3    .bss                main.o
    0x200003c4   0x00000200   Zero   RW          297    .bss                common.o
    0x200005c4   0x0000000a   Zero   RW         1173    .bss                rtc.o
    0x200005ce   0x00000300   Zero   RW         1235    .bss                usart.o
    0x200008ce   0x00000002   PAD
    0x200008d0   0x00000418   Zero   RW         1344    .bss                usart2.o
    0x20000ce8   0x00000202   Zero   RW         1345    .bss                usart2.o
    0x20000eea   0x00000002   PAD
    0x20000eec   0x000000d0   Zero   RW         4898    .bss                at_protoco.o
    0x20000fbc   0x00008000   Zero   RW         5126    .bss                malloc.o
    0x20008fbc   0x00000800   Zero   RW         5127    .bss                malloc.o
    0x200097bc   0x00000118   Zero   RW         5782    .bss                tasks.o
    0x200098d4   0x00000060   Zero   RW         6328    .bss                c_w.l(libspace.o)
    0x20009934   0x00000004   PAD
    0x20009938   0x00000200   Zero   RW          913    HEAP                startup_stm32f10x_hd.o
    0x20009b38   0x00001600   Zero   RW          912    STACK               startup_stm32f10x_hd.o


==============================================================================

Image component sizes


      Code (inc. data)   RO Data    RW Data    ZI Data      Debug   Object Name

       310         16          0          0          0       2263   24cxx.o
       216         20          0         12          0       2523   at_cmd.o
      5532       1366          0          1        208      20702   at_protoco.o
      2644        694          0          1          0      16609   bcxx.o
         0          0          0          4          0        235   bh1750.o
      3858        468          0        641        512      37220   common.o
         0          0          0          0          0         32   core_cm3.o
       214         24          0          8          0       3303   delay.o
         0          0          0          0          0       8112   event_groups.o
       216         14          0          8          0       2365   fifo.o
       724         40          0          0          0       4250   iic1.o
      1012         88          0         28          0       3290   inventr.o
        52          8          0          0          0        479   led.o
       136          0          0          0          0       2762   list.o
       136         14          0          0         20     292193   main.o
       304         34          0         20      34816       5073   malloc.o
       110          0          0          0          0       1897   memb.o
         0          0          0          0          0       1308   memory.o
       144         20          0          0          0       1793   misc.o
      1692        116          0          2          0      10670   net_protocol.o
       538         60          0         12          0       6528   port.o
      1286         14          0          0          0       8342   queue.o
        76          0          0          0          0       2144   ringbuf.o
       980         48         24          2         10       5616   rtc.o
       308        122          0          0          0       6738   rtos_task.o
         0          0          0          8          0        263   sht2x.o
        24          0          0          0          0       1029   socket.o
        64         26        304          0       6144        756   startup_stm32f10x_hd.o
        50          8          0          0          0       2436   stm32f10x_bkp.o
       174          0          0          0          0       3116   stm32f10x_gpio.o
        42         10          0          0          0       2521   stm32f10x_it.o
        68         30          0          0          0       2206   stm32f10x_iwdg.o
        12          6          0          0          0        450   stm32f10x_pwr.o
       364         68          0         20          0       7580   stm32f10x_rcc.o
       228         50          0          0          0       5030   stm32f10x_rtc.o
       222         42          0          0          0       3921   stm32f10x_tim.o
       462         24          0          0          0       6426   stm32f10x_usart.o
       182          0          0          0          0       1449   sys.o
       248         24          0         20          0       1749   system_stm32f10x.o
       228         62          0          8          0        846   task_hci.o
       108          8          0          4          0        826   task_led.o
       680         52          0          5          0      17404   task_main.o
       604         72          0         16          0       3941   task_net.o
       316         84          0          8          0       2224   task_sensor.o
      2132        180          0         56        280      17996   tasks.o
      1058         92          0         30        768       9652   usart.o
       536         98          0         17       1562       3018   usart2.o
        90          0          0          0          0        641   utils.o

    ----------------------------------------------------------------------
     28416       4102        360        944      44324     541927   Object Totals
         0          0         32          0          0          0   (incl. Generated)
        36          0          0         13          4          0   (incl. Padding)

    ----------------------------------------------------------------------

      Code (inc. data)   RO Data    RW Data    ZI Data      Debug   Library Member Name

        90          0          0          0          0          0   __dczerorl2.o
         8          0          0          0          0         68   __main.o
       316          6         17          0          0         92   __printf_flags_wp.o
        14          0          0          0          0         68   __printf_wp.o
        52          8          0          0          0          0   __scatter.o
        28          0          0          0          0          0   __scatter_zi.o
         0          0         12          0          0          0   _monlen.o
        44          0          0          0          0        108   _printf_char.o
        48          6          0          0          0         96   _printf_char_common.o
        36          4          0          0          0         80   _printf_char_file.o
         6          0          0          0          0          0   _printf_d.o
       120         18          0          0          0         92   _printf_dec.o
         6          0          0          0          0          0   _printf_f.o
      1056          0          0          0          0        216   _printf_fp_dec.o
       128         16          0          0          0         84   _printf_fp_infnan.o
        92          4         40          0          0         88   _printf_hex_int.o
       184          0          0          0          0         88   _printf_intcommon.o
        82          0          0          0          0        108   _printf_pad.o
         0          0          0          0          0          0   _printf_percent.o
         4          0          0          0          0          0   _printf_percent_end.o
         6          0          0          0          0          0   _printf_s.o
        82          0          0          0          0         80   _printf_str.o
         6          0          0          0          0          0   _printf_x.o
        10          0          0          0          0         68   _sputc.o
        16          0          0          0          0         68   aeabi_memset.o
       228          6        148          0          0         96   bigflt0.o
      1910        128          0          0          0        672   btod.o
        12          0          0          0          0         72   exit.o
         8          0          0          0          0         68   ferror.o
         6          0          0          0          0        152   heapauxi.o
        44         10        272          0          0         76   lc_ctype_c.o
        44         10         28          0          0         76   lc_numeric_c.o
         2          0          0          0          0          0   libinit.o
        30          0          0          0          0          0   libinit2.o
         2          0          0          0          0          0   libshutdown.o
         2          0          0          0          0          0   libshutdown2.o
         8          4          0          0         96         68   libspace.o
       138          0          0          0          0         80   lludiv10.o
        88          0          0          0          0         76   memcmp.o
       420          8          0          0          0        128   mktime.o
        24          4          0          0          0         84   noretval__2printf.o
        40          6          0          0          0         84   noretval__2sprintf.o
        16          4          0          0          0         76   rt_ctype_table.o
         8          4          0          0          0         68   rt_locale_intlibspace.o
        68          0          0          0          0         68   rt_memclr.o
        78          0          0          0          0         80   rt_memclr_w.o
       138          0          0          0          0         68   rt_memcpy_v6.o
       100          0          0          0          0         80   rt_memcpy_w.o
         0          0          0          0          0          0   rtentry.o
        12          0          0          0          0          0   rtentry2.o
         6          0          0          0          0          0   rtentry4.o
         2          0          0          0          0          0   rtexit.o
        10          0          0          0          0          0   rtexit2.o
        24          0          0          0          0         68   strcat.o
       128          0          0          0          0         68   strcmpv7m.o
        62          0          0          0          0         76   strlen.o
        36          0          0          0          0         80   strstr.o
        74          0          0          0          0         80   sys_stackheap_outer.o
        30          0          0          0          0         76   toupper.o
         2          0          0          0          0         68   use_no_semi.o
         2          0          0          0          0         68   use_no_semi_2.o
        12          0          0          0          0         68   dretinf.o
        86          4          0          0          0         84   f2d.o
       430          8          0          0          0        168   faddsub_clz.o
        62          4          0          0          0         84   ffixu.o
        38          0          0          0          0         68   fflt_clz.o
       140          4          0          0          0         84   fnaninf.o
        10          0          0          0          0         68   fretinf.o
         4          0          0          0          0         68   printf1.o
         0          0          0          0          0          0   usenofp.o
        40          0          0          0          0         68   fpclassify.o

    ----------------------------------------------------------------------
      7074        266        518          0        100       4920   Library Totals
        16          0          1          0          4          0   (incl. Padding)

    ----------------------------------------------------------------------

      Code (inc. data)   RO Data    RW Data    ZI Data      Debug   Library Name

      6236        246        517          0         96       4160   c_w.l
       782         20          0          0          0        692   fz_ws.l
        40          0          0          0          0         68   m_ws.l

    ----------------------------------------------------------------------
      7074        266        518          0        100       4920   Library Totals

    ----------------------------------------------------------------------

==============================================================================


      Code (inc. data)   RO Data    RW Data    ZI Data      Debug   

     35490       4368        878        944      44424     528231   Grand Totals
     35490       4368        878        372      44424     528231   ELF Image Totals (compressed)
     35490       4368        878        372          0          0   ROM Totals

==============================================================================

    Total RO  Size (Code + RO Data)                36368 (  35.52kB)
    Total RW  Size (RW Data + ZI Data)             45368 (  44.30kB)
    Total ROM Size (Code + RO Data + RW Data)      36740 (  35.88kB)

==============================================================================

