ARM Linker, 5.03 [Build 76] [MDK-ARM Standard]

==============================================================================

Section Cross References

    main.o(i.main) refers to sys.o(i.IWDG_Init) for IWDG_Init
    main.o(i.main) refers to stm32f10x_rcc.o(i.RCC_GetClocksFreq) for RCC_GetClocksFreq
    main.o(i.main) refers to sys.o(i.NVIC_Configuration) for NVIC_Configuration
    main.o(i.main) refers to delay.o(i.delay_init) for delay_init
    main.o(i.main) refers to rtc.o(i.RTC_Init) for RTC_Init
    main.o(i.main) refers to 24cxx.o(i.AT24CXX_Init) for AT24CXX_Init
    main.o(i.main) refers to led.o(i.LED_Init) for LED_Init
    main.o(i.main) refers to usart.o(i.TIM2_Init) for TIM2_Init
    main.o(i.main) refers to usart.o(i.USART1_Init) for USART1_Init
    main.o(i.main) refers to usart2.o(i.USART2_Init) for USART2_Init
    main.o(i.main) refers to usart.o(i.UART4_Init) for UART4_Init
    main.o(i.main) refers to delay.o(i.delay_ms) for delay_ms
    main.o(i.main) refers to main.o(.bss) for .bss
    common.o(i.CRC16) refers to common.o(.data) for .data
    common.o(i.CRC32) refers to common.o(.constdata) for .constdata
    common.o(i.CopyStrToPointer) refers to malloc.o(i.myfree) for myfree
    common.o(i.CopyStrToPointer) refers to malloc.o(i.mymalloc) for mymalloc
    common.o(i.CopyStrToPointer) refers to rt_memclr.o(.text) for __aeabi_memclr
    common.o(i.CopyStrToPointer) refers to rt_memcpy_v6.o(.text) for __aeabi_memcpy
    common.o(i.GetAPN) refers to common.o(i.GetMemoryForString) for GetMemoryForString
    common.o(i.GetAPN) refers to common.o(.bss) for .bss
    common.o(i.GetAPN) refers to common.o(.data) for .data
    common.o(i.GetDeviceICCID) refers to common.o(i.GetMemoryForString) for GetMemoryForString
    common.o(i.GetDeviceICCID) refers to common.o(.bss) for .bss
    common.o(i.GetDeviceICCID) refers to common.o(.data) for .data
    common.o(i.GetDeviceID) refers to common.o(i.GetMemoryForString) for GetMemoryForString
    common.o(i.GetDeviceID) refers to common.o(.bss) for .bss
    common.o(i.GetDeviceID) refers to common.o(.data) for .data
    common.o(i.GetDeviceIMSI) refers to common.o(i.GetMemoryForString) for GetMemoryForString
    common.o(i.GetDeviceIMSI) refers to common.o(.bss) for .bss
    common.o(i.GetDeviceIMSI) refers to common.o(.data) for .data
    common.o(i.GetDeviceName) refers to common.o(i.GetMemoryForString) for GetMemoryForString
    common.o(i.GetDeviceName) refers to common.o(.bss) for .bss
    common.o(i.GetDeviceName) refers to common.o(.data) for .data
    common.o(i.GetDeviceUUID) refers to common.o(i.GetMemoryForString) for GetMemoryForString
    common.o(i.GetDeviceUUID) refers to common.o(.bss) for .bss
    common.o(i.GetDeviceUUID) refers to common.o(.data) for .data
    common.o(i.GetMemoryForString) refers to common.o(i.GetDatBit) for GetDatBit
    common.o(i.GetMemoryForString) refers to malloc.o(i.mymalloc) for mymalloc
    common.o(i.GetMemoryForString) refers to strlen.o(.text) for strlen
    common.o(i.GetMemoryForString) refers to malloc.o(i.myfree) for myfree
    common.o(i.GetMemoryForString) refers to rt_memclr.o(.text) for __aeabi_memclr
    common.o(i.GetMemoryForString) refers to common.o(i.IntToString) for IntToString
    common.o(i.GetMemoryForString) refers to rt_memcpy_v6.o(.text) for __aeabi_memcpy
    common.o(i.GetServerDomain) refers to common.o(i.GetMemoryForString) for GetMemoryForString
    common.o(i.GetServerDomain) refers to common.o(.bss) for .bss
    common.o(i.GetServerDomain) refers to common.o(.data) for .data
    common.o(i.GetServerIP) refers to common.o(i.GetMemoryForString) for GetMemoryForString
    common.o(i.GetServerIP) refers to common.o(.bss) for .bss
    common.o(i.GetServerIP) refers to common.o(.data) for .data
    common.o(i.GetServerPort) refers to common.o(i.GetMemoryForString) for GetMemoryForString
    common.o(i.GetServerPort) refers to common.o(.bss) for .bss
    common.o(i.GetServerPort) refers to common.o(.data) for .data
    common.o(i.GetSysTick100ms) refers to common.o(.data) for .data
    common.o(i.GetSysTick10ms) refers to common.o(.data) for .data
    common.o(i.GetSysTick1ms) refers to common.o(.data) for .data
    common.o(i.GetSysTick1s) refers to common.o(.data) for .data
    common.o(i.IntToString) refers to common.o(i.GetDatBit) for GetDatBit
    common.o(i.IntToString) refers to common.o(i.GetADV) for GetADV
    common.o(i.MyStrstr) refers to memcmp.o(.text) for memcmp
    common.o(i.PackNetData) refers to rt_memclr_w.o(.text) for __aeabi_memclr4
    common.o(i.PackNetData) refers to rt_memcpy_v6.o(.text) for __aeabi_memcpy
    common.o(i.PackNetData) refers to common.o(i.HexToStr) for HexToStr
    common.o(i.PackNetData) refers to common.o(.data) for .data
    common.o(i.ReadAPN) refers to common.o(i.ReadDataFromEepromToHoldBuf) for ReadDataFromEepromToHoldBuf
    common.o(i.ReadAPN) refers to common.o(i.GetAPN) for GetAPN
[...]
    ../clib/stdio.c                          0x00000000   Number         0  ferror.o ABSOLUTE
    ../clib/stdlib.c                         0x00000000   Number         0  rand.o ABSOLUTE
    ../clib/stdlib.c                         0x00000000   Number         0  exit.o ABSOLUTE
    ../clib/stdlib.c                         0x00000000   Number         0  rand.o ABSOLUTE
    ../clib/string.c                         0x00000000   Number         0  strcat.o ABSOLUTE
    ../clib/string.c                         0x00000000   Number         0  strlen.o ABSOLUTE
    ../clib/string.c                         0x00000000   Number         0  memcmp.o ABSOLUTE
    ../clib/string.c                         0x00000000   Number         0  strstr.o ABSOLUTE
    ../clib/time.c                           0x00000000   Number         0  _monlen.o ABSOLUTE
    ../clib/time.c                           0x00000000   Number         0  mktime.o ABSOLUTE
    ../fplib/d2f.s                           0x00000000   Number         0  d2f.o ABSOLUTE
    ../fplib/daddsub.s                       0x00000000   Number         0  daddsub_clz.o ABSOLUTE
    ../fplib/ddiv.s                          0x00000000   Number         0  ddiv.o ABSOLUTE
    ../fplib/dflt.s                          0x00000000   Number         0  dflt_clz.o ABSOLUTE
    ../fplib/dmul.s                          0x00000000   Number         0  dmul.o ABSOLUTE
    ../fplib/dnaninf.s                       0x00000000   Number         0  dnaninf.o ABSOLUTE
    ../fplib/dretinf.s                       0x00000000   Number         0  dretinf.o ABSOLUTE
    ../fplib/f2d.s                           0x00000000   Number         0  f2d.o ABSOLUTE
    ../fplib/faddsub.s                       0x00000000   Number         0  faddsub_clz.o ABSOLUTE
    ../fplib/fdiv.s                          0x00000000   Number         0  fdiv.o ABSOLUTE
    ../fplib/ffixu.s                         0x00000000   Number         0  ffixu.o ABSOLUTE
    ../fplib/fflt.s                          0x00000000   Number         0  fflt_clz.o ABSOLUTE
    ../fplib/fnaninf.s                       0x00000000   Number         0  fnaninf.o ABSOLUTE
    ../fplib/fpinit.s                        0x00000000   Number         0  fpinit.o ABSOLUTE
    ../fplib/fretinf.s                       0x00000000   Number         0  fretinf.o ABSOLUTE
    ../fplib/istatus.s                       0x00000000   Number         0  istatus.o ABSOLUTE
    ../fplib/printf1.s                       0x00000000   Number         0  printf1.o ABSOLUTE
    ../fplib/usenofp.s                       0x00000000   Number         0  usenofp.o ABSOLUTE
    ../mathlib/fpclassify.c                  0x00000000   Number         0  fpclassify.o ABSOLUTE
    ..\CORE\core_cm3.c                       0x00000000   Number         0  core_cm3.o ABSOLUTE
    ..\CORE\startup_stm32f10x_hd.s           0x00000000   Number         0  startup_stm32f10x_hd.o ABSOLUTE
    ..\CORE\system_stm32f10x.c               0x00000000   Number         0  system_stm32f10x.o ABSOLUTE
    ..\DEVICEDRIVER\24cxx\24cxx.c            0x00000000   Number         0  24cxx.o ABSOLUTE
    ..\DEVICEDRIVER\bcxx\at_cmd.c            0x00000000   Number         0  at_cmd.o ABSOLUTE
    ..\DEVICEDRIVER\bcxx\bcxx.c              0x00000000   Number         0  bcxx.o ABSOLUTE
    ..\DEVICEDRIVER\bh1750\bh1750.c          0x00000000   Number         0  bh1750.o ABSOLUTE
    ..\DEVICEDRIVER\led\led.c                0x00000000   Number         0  led.o ABSOLUTE
    ..\DEVICEDRIVER\power\inventr.c          0x00000000   Number         0  inventr.o ABSOLUTE
    ..\DEVICEDRIVER\sht2x\sht2x.c            0x00000000   Number         0  sht2x.o ABSOLUTE
    ..\FREERTOS\src\croutine.c               0x00000000   Number         0  croutine.o ABSOLUTE
    ..\FREERTOS\src\event_groups.c           0x00000000   Number         0  event_groups.o ABSOLUTE
    ..\FREERTOS\src\list.c                   0x00000000   Number         0  list.o ABSOLUTE
    ..\FREERTOS\src\port.c                   0x00000000   Number         0  port.o ABSOLUTE
    ..\FREERTOS\src\queue.c                  0x00000000   Number         0  queue.o ABSOLUTE
    ..\FREERTOS\src\tasks.c                  0x00000000   Number         0  tasks.o ABSOLUTE
    ..\FREERTOS\src\timers.c                 0x00000000   Number         0  timers.o ABSOLUTE
    ..\FWLIB\src\misc.c                      0x00000000   Number         0  misc.o ABSOLUTE
    ..\FWLIB\src\stm32f10x_adc.c             0x00000000   Number         0  stm32f10x_adc.o ABSOLUTE
    ..\FWLIB\src\stm32f10x_bkp.c             0x00000000   Number         0  stm32f10x_bkp.o ABSOLUTE
    ..\FWLIB\src\stm32f10x_can.c             0x00000000   Number         0  stm32f10x_can.o ABSOLUTE
    ..\FWLIB\src\stm32f10x_cec.c             0x00000000   Number         0  stm32f10x_cec.o ABSOLUTE
    ..\FWLIB\src\stm32f10x_crc.c             0x00000000   Number         0  stm32f10x_crc.o ABSOLUTE
    ..\FWLIB\src\stm32f10x_dac.c             0x00000000   Number         0  stm32f10x_dac.o ABSOLUTE
    ..\FWLIB\src\stm32f10x_dbgmcu.c          0x00000000   Number         0  stm32f10x_dbgmcu.o ABSOLUTE
    ..\FWLIB\src\stm32f10x_dma.c             0x00000000   Number         0  stm32f10x_dma.o ABSOLUTE
    ..\FWLIB\src\stm32f10x_exti.c            0x00000000   Number         0  stm32f10x_exti.o ABSOLUTE
    ..\FWLIB\src\stm32f10x_flash.c           0x00000000   Number         0  stm32f10x_flash.o ABSOLUTE
    ..\FWLIB\src\stm32f10x_fsmc.c            0x00000000   Number         0  stm32f10x_fsmc.o ABSOLUTE
    ..\FWLIB\src\stm32f10x_gpio.c            0x00000000   Number         0  stm32f10x_gpio.o ABSOLUTE
    ..\FWLIB\src\stm32f10x_i2c.c             0x00000000   Number         0  stm32f10x_i2c.o ABSOLUTE
    ..\FWLIB\src\stm32f10x_iwdg.c            0x00000000   Number         0  stm32f10x_iwdg.o ABSOLUTE
    ..\FWLIB\src\stm32f10x_pwr.c             0x00000000   Number         0  stm32f10x_pwr.o ABSOLUTE
    ..\FWLIB\src\stm32f10x_rcc.c             0x00000000   Number         0  stm32f10x_rcc.o ABSOLUTE
    ..\FWLIB\src\stm32f10x_rtc.c             0x00000000   Number         0  stm32f10x_rtc.o ABSOLUTE
    ..\FWLIB\src\stm32f10x_sdio.c            0x00000000   Number         0  stm32f10x_sdio.o ABSOLUTE
    ..\FWLIB\src\stm32f10x_spi.c             0x00000000   Number         0  stm32f10x_spi.o ABSOLUTE
    ..\FWLIB\src\stm32f10x_tim.c             0x00000000   Number         0  stm32f10x_tim.o ABSOLUTE
    ..\FWLIB\src\stm32f10x_usart.c           0x00000000   Number         0  stm32f10x_usart.o ABSOLUTE
    ..\FWLIB\src\stm32f10x_wwdg.c            0x00000000   Number         0  stm32f10x_wwdg.o ABSOLUTE
    ..\MEMORY\fifo.c                         0x00000000   Number         0  fifo.o ABSOLUTE
    ..\MEMORY\malloc.c                       0x00000000   Number         0  malloc.o ABSOLUTE
    ..\MEMORY\memb.c                         0x00000000   Number         0  memb.o ABSOLUTE
    ..\MEMORY\ringbuf.c                      0x00000000   Number         0  ringbuf.o ABSOLUTE
    ..\PERIPHERAL\iic1\iic1.c                0x00000000   Number         0  iic1.o ABSOLUTE
    ..\PERIPHERAL\iic2\iic2.c                0x00000000   Number         0  iic2.o ABSOLUTE
    ..\PERIPHERAL\rtc\rtc.c                  0x00000000   Number         0  rtc.o ABSOLUTE
    ..\PERIPHERAL\usart\usart.c              0x00000000   Number         0  usart.o ABSOLUTE
    ..\PERIPHERAL\usart\usart2.c             0x00000000   Number         0  usart2.o ABSOLUTE
    ..\PLATFORMS\memory.c                    0x00000000   Number         0  memory.o ABSOLUTE
    ..\PLATFORMS\socket.c                    0x00000000   Number         0  socket.o ABSOLUTE
    ..\PLATFORMS\utils.c                     0x00000000   Number         0  utils.o ABSOLUTE
    ..\PROTOCOL\at_protoco.c                 0x00000000   Number         0  at_protoco.o ABSOLUTE
    ..\PROTOCOL\net_protocol.c               0x00000000   Number         0  net_protocol.o ABSOLUTE
    ..\SYSTEM\delay\delay.c                  0x00000000   Number         0  delay.o ABSOLUTE
    ..\SYSTEM\sys\sys.c                      0x00000000   Number         0  sys.o ABSOLUTE
    ..\USER\common.c                         0x00000000   Number         0  common.o ABSOLUTE
    ..\USER\main.c                           0x00000000   Number         0  main.o ABSOLUTE
    ..\USER\rtos_task.c                      0x00000000   Number         0  rtos_task.o ABSOLUTE
    ..\USER\stm32f10x_it.c                   0x00000000   Number         0  stm32f10x_it.o ABSOLUTE
    ..\USER\task_hci.c                       0x00000000   Number         0  task_hci.o ABSOLUTE
    ..\USER\task_led.c                       0x00000000   Number         0  task_led.o ABSOLUTE
    ..\USER\task_main.c                      0x00000000   Number         0  task_main.o ABSOLUTE
    ..\USER\task_net.c                       0x00000000   Number         0  task_net.o ABSOLUTE
    ..\USER\task_sensor.c                    0x00000000   Number         0  task_sensor.o ABSOLUTE
    ..\\CORE\\core_cm3.c                     0x00000000   Number         0  core_cm3.o ABSOLUTE
    ..\\FREERTOS\\src\\port.c                0x00000000   Number         0  port.o ABSOLUTE
    dc.s                                     0x00000000   Number         0  dc.o ABSOLUTE
    RESET                                    0x08008000   Section      304  startup_stm32f10x_hd.o(RESET)
    !!!main                                  0x08008130   Section        8  __main.o(!!!main)
    !!!scatter                               0x08008138   Section       52  __scatter.o(!!!scatter)
    !!dczerorl2                              0x0800816c   Section       90  __dczerorl2.o(!!dczerorl2)
    !!handler_zi                             0x080081c8   Section       28  __scatter_zi.o(!!handler_zi)
    .ARM.Collect$$libinit$$00000000          0x080081e4   Section        2  libinit.o(.ARM.Collect$$libinit$$00000000)
    .ARM.Collect$$libinit$$00000002          0x080081e6   Section        0  libinit2.o(.ARM.Collect$$libinit$$00000002)
    .ARM.Collect$$libinit$$00000008          0x080081e6   Section        0  libinit2.o(.ARM.Collect$$libinit$$00000008)
    .ARM.Collect$$libinit$$0000000A          0x080081e6   Section        0  libinit2.o(.ARM.Collect$$libinit$$0000000A)
    .ARM.Collect$$libinit$$0000000C          0x080081e6   Section        0  libinit2.o(.ARM.Collect$$libinit$$0000000C)
    .ARM.Collect$$libinit$$0000000F          0x080081e6   Section        0  libinit2.o(.ARM.Collect$$libinit$$0000000F)
    .ARM.Collect$$libinit$$00000011          0x080081e6   Section        0  libinit2.o(.ARM.Collect$$libinit$$00000011)
    .ARM.Collect$$libinit$$00000013          0x080081e6   Section        0  libinit2.o(.ARM.Collect$$libinit$$00000013)
    .ARM.Collect$$libinit$$00000015          0x080081e6   Section        0  libinit2.o(.ARM.Collect$$libinit$$00000015)
    .ARM.Collect$$libinit$$00000017          0x080081e6   Section        0  libinit2.o(.ARM.Collect$$libinit$$00000017)
    .ARM.Collect$$libinit$$00000019          0x080081e6   Section        0  libinit2.o(.ARM.Collect$$libinit$$00000019)
    .ARM.Collect$$libinit$$0000001B          0x080081e6   Section        0  libinit2.o(.ARM.Collect$$libinit$$0000001B)
    .ARM.Collect$$libinit$$0000001D          0x080081e6   Section        0  libinit2.o(.ARM.Collect$$libinit$$0000001D)
    .ARM.Collect$$libinit$$0000001F          0x080081e6   Section        0  libinit2.o(.ARM.Collect$$libinit$$0000001F)
    .ARM.Collect$$libinit$$00000021          0x080081e6   Section        0  libinit2.o(.ARM.Collect$$libinit$$00000021)
    .ARM.Collect$$libinit$$00000023          0x080081e6   Section        0  libinit2.o(.ARM.Collect$$libinit$$00000023)
    .ARM.Collect$$libinit$$0000002A          0x080081e6   Section        0  libinit2.o(.ARM.Collect$$libinit$$0000002A)
    .ARM.Collect$$libinit$$0000002C          0x080081e6   Section        0  libinit2.o(.ARM.Collect$$libinit$$0000002C)
    .ARM.Collect$$libinit$$0000002E          0x080081e6   Section        0  libinit2.o(.ARM.Collect$$libinit$$0000002E)
    .ARM.Collect$$libinit$$00000030          0x080081e6   Section        0  libinit2.o(.ARM.Collect$$libinit$$00000030)
    .ARM.Collect$$libinit$$00000031          0x080081e6   Section        2  libinit2.o(.ARM.Collect$$libinit$$00000031)
    .ARM.Collect$$libshutdown$$00000000      0x080081e8   Section        2  libshutdown.o(.ARM.Collect$$libshutdown$$00000000)
    .ARM.Collect$$libshutdown$$00000003      0x080081ea   Section        0  libshutdown2.o(.ARM.Collect$$libshutdown$$00000003)
    .ARM.Collect$$libshutdown$$00000006      0x080081ea   Section        0  libshutdown2.o(.ARM.Collect$$libshutdown$$00000006)
    .ARM.Collect$$libshutdown$$00000009      0x080081ea   Section        0  libshutdown2.o(.ARM.Collect$$libshutdown$$00000009)
    .ARM.Collect$$libshutdown$$0000000B      0x080081ea   Section        0  libshutdown2.o(.ARM.Collect$$libshutdown$$0000000B)
    .ARM.Collect$$libshutdown$$0000000E      0x080081ea   Section        0  libshutdown2.o(.ARM.Collect$$libshutdown$$0000000E)
    .ARM.Collect$$libshutdown$$0000000F      0x080081ea   Section        2  libshutdown2.o(.ARM.Collect$$libshutdown$$0000000F)
    .ARM.Collect$$rtentry$$00000000          0x080081ec   Section        0  rtentry.o(.ARM.Collect$$rtentry$$00000000)
    .ARM.Collect$$rtentry$$00000002          0x080081ec   Section        0  rtentry2.o(.ARM.Collect$$rtentry$$00000002)
    .ARM.Collect$$rtentry$$00000004          0x080081ec   Section        6  rtentry4.o(.ARM.Collect$$rtentry$$00000004)
    .ARM.Collect$$rtentry$$00000009          0x080081f2   Section        0  rtentry2.o(.ARM.Collect$$rtentry$$00000009)
    .ARM.Collect$$rtentry$$0000000A          0x080081f2   Section        4  rtentry2.o(.ARM.Collect$$rtentry$$0000000A)
    .ARM.Collect$$rtentry$$0000000C          0x080081f6   Section        0  rtentry2.o(.ARM.Collect$$rtentry$$0000000C)
    .ARM.Collect$$rtentry$$0000000D          0x080081f6   Section        8  rtentry2.o(.ARM.Collect$$rtentry$$0000000D)
    .ARM.Collect$$rtexit$$00000000           0x080081fe   Section        2  rtexit.o(.ARM.Collect$$rtexit$$00000000)
    .ARM.Collect$$rtexit$$00000002           0x08008200   Section        0  rtexit2.o(.ARM.Collect$$rtexit$$00000002)
    .ARM.Collect$$rtexit$$00000003           0x08008200   Section        4  rtexit2.o(.ARM.Collect$$rtexit$$00000003)
    .ARM.Collect$$rtexit$$00000004           0x08008204   Section        6  rtexit2.o(.ARM.Collect$$rtexit$$00000004)
    .emb_text                                0x0800820c   Section      162  port.o(.emb_text)
    .text                                    0x080082b0   Section       64  startup_stm32f10x_hd.o(.text)
    .text                                    0x080082f0   Section        2  use_no_semi_2.o(.text)
    .text                                    0x080082f2   Section        0  strstr.o(.text)
    .text                                    0x08008316   Section      138  rt_memcpy_v6.o(.text)
    .text                                    0x080083a0   Section      100  rt_memcpy_w.o(.text)
    .text                                    0x08008404   Section       68  rt_memclr.o(.text)
    .text                                    0x08008448   Section       78  rt_memclr_w.o(.text)
    .text                                    0x08008496   Section        0  heapauxi.o(.text)
    .text                                    0x0800849c   Section        2  use_no_semi.o(.text)
    .text                                    0x080084a0   Section        8  libspace.o(.text)
    .text                                    0x080084a8   Section       74  sys_stackheap_outer.o(.text)
    .text                                    0x080084f2   Section        0  exit.o(.text)
    i.AT24CXX_Init                           0x080084fe   Section        0  24cxx.o(i.AT24CXX_Init)
    i.BKP_DeInit                             0x08008502   Section        0  stm32f10x_bkp.o(i.BKP_DeInit)
    i.BKP_ReadBackupRegister                 0x08008514   Section        0  stm32f10x_bkp.o(i.BKP_ReadBackupRegister)
    i.BKP_WriteBackupRegister                0x08008524   Section        0  stm32f10x_bkp.o(i.BKP_WriteBackupRegister)
    i.BusFault_Handler                       0x08008534   Section        0  stm32f10x_it.o(i.BusFault_Handler)
    i.DebugMon_Handler                       0x08008536   Section        0  stm32f10x_it.o(i.DebugMon_Handler)
    i.GPIO_Init                              0x08008538   Section        0  stm32f10x_gpio.o(i.GPIO_Init)
    i.GPIO_SetBits                           0x080085d0   Section        0  stm32f10x_gpio.o(i.GPIO_SetBits)
    i.HardFault_Handler                      0x080085d4   Section        0  stm32f10x_it.o(i.HardFault_Handler)
    i.IIC1_Init                              0x080085f4   Section        0  iic1.o(i.IIC1_Init)
    i.IWDG_Enable                            0x08008634   Section        0  stm32f10x_iwdg.o(i.IWDG_Enable)
    i.IWDG_Init                              0x08008644   Section        0  sys.o(i.IWDG_Init)
    i.IWDG_ReloadCounter                     0x0800866c   Section        0  stm32f10x_iwdg.o(i.IWDG_ReloadCounter)
    i.IWDG_SetPrescaler                      0x0800867c   Section        0  stm32f10x_iwdg.o(i.IWDG_SetPrescaler)
    i.IWDG_SetReload                         0x08008688   Section        0  stm32f10x_iwdg.o(i.IWDG_SetReload)
    i.IWDG_WriteAccessCmd                    0x08008694   Section        0  stm32f10x_iwdg.o(i.IWDG_WriteAccessCmd)
    i.Is_Leap_Year                           0x080086a0   Section        0  rtc.o(i.Is_Leap_Year)
    i.LED_Init                               0x080086c8   Section        0  led.o(i.LED_Init)
    i.MemManage_Handler                      0x080086fc   Section        0  stm32f10x_it.o(i.MemManage_Handler)
    i.NMI_Handler                            0x080086fe   Section        0  stm32f10x_it.o(i.NMI_Handler)
    i.NVIC_Configuration                     0x08008700   Section        0  sys.o(i.NVIC_Configuration)
    i.NVIC_Init                              0x0800878c   Section        0  misc.o(i.NVIC_Init)
    i.NVIC_PriorityGroupConfig               0x080087f0   Section        0  misc.o(i.NVIC_PriorityGroupConfig)
    i.PWR_BackupAccessCmd                    0x08008804   Section        0  stm32f10x_pwr.o(i.PWR_BackupAccessCmd)
    i.RCC_APB1PeriphClockCmd                 0x08008810   Section        0  stm32f10x_rcc.o(i.RCC_APB1PeriphClockCmd)
    i.RCC_APB1PeriphResetCmd                 0x08008828   Section        0  stm32f10x_rcc.o(i.RCC_APB1PeriphResetCmd)
    i.RCC_APB2PeriphClockCmd                 0x08008840   Section        0  stm32f10x_rcc.o(i.RCC_APB2PeriphClockCmd)
    i.RCC_APB2PeriphResetCmd                 0x08008858   Section        0  stm32f10x_rcc.o(i.RCC_APB2PeriphResetCmd)
    i.RCC_BackupResetCmd                     0x08008870   Section        0  stm32f10x_rcc.o(i.RCC_BackupResetCmd)
    i.RCC_GetClocksFreq                      0x0800887c   Section        0  stm32f10x_rcc.o(i.RCC_GetClocksFreq)
    i.RCC_GetFlagStatus                      0x08008910   Section        0  stm32f10x_rcc.o(i.RCC_GetFlagStatus)
    i.RCC_LSEConfig                          0x08008940   Section        0  stm32f10x_rcc.o(i.RCC_LSEConfig)
    i.RCC_RTCCLKCmd                          0x08008960   Section        0  stm32f10x_rcc.o(i.RCC_RTCCLKCmd)
    i.RCC_RTCCLKConfig                       0x0800896c   Section        0  stm32f10x_rcc.o(i.RCC_RTCCLKConfig)
    i.RTC_ClearITPendingBit                  0x0800897c   Section        0  stm32f10x_rtc.o(i.RTC_ClearITPendingBit)
    i.RTC_EnterConfigMode                    0x0800898c   Section        0  stm32f10x_rtc.o(i.RTC_EnterConfigMode)
    i.RTC_ExitConfigMode                     0x0800899c   Section        0  stm32f10x_rtc.o(i.RTC_ExitConfigMode)
    i.RTC_Get                                0x080089ac   Section        0  rtc.o(i.RTC_Get)
    i.RTC_GetCounter                         0x08008a78   Section        0  stm32f10x_rtc.o(i.RTC_GetCounter)
    i.RTC_GetITStatus                        0x08008a8c   Section        0  stm32f10x_rtc.o(i.RTC_GetITStatus)
    i.RTC_Get_Week                           0x08008aac   Section        0  rtc.o(i.RTC_Get_Week)
    i.RTC_IRQHandler                         0x08008af8   Section        0  rtc.o(i.RTC_IRQHandler)
    i.RTC_ITConfig                           0x08008b14   Section        0  stm32f10x_rtc.o(i.RTC_ITConfig)
    i.RTC_Init                               0x08008b2c   Section        0  rtc.o(i.RTC_Init)
    i.RTC_Set                                0x08008c04   Section        0  rtc.o(i.RTC_Set)
    i.RTC_SetCounter                         0x08008cd4   Section        0  stm32f10x_rtc.o(i.RTC_SetCounter)
    i.RTC_SetPrescaler                       0x08008cf4   Section        0  stm32f10x_rtc.o(i.RTC_SetPrescaler)
    i.RTC_WaitForLastTask                    0x08008d14   Section        0  stm32f10x_rtc.o(i.RTC_WaitForLastTask)
    i.RTC_WaitForSynchro                     0x08008d24   Section        0  stm32f10x_rtc.o(i.RTC_WaitForSynchro)
    i.SetSysClockTo72                        0x08008d3c   Section        0  system_stm32f10x.o(i.SetSysClockTo72)
    SetSysClockTo72                          0x08008d3d   Thumb Code   160  system_stm32f10x.o(i.SetSysClockTo72)
    i.SetSysTick1s                           0x08008de4   Section        0  common.o(i.SetSysTick1s)
    i.SysTick100msAdder                      0x08008df0   Section        0  common.o(i.SysTick100msAdder)
    i.SysTick10msAdder                       0x08008e00   Section        0  common.o(i.SysTick10msAdder)
    i.SysTick1msAdder                        0x08008e10   Section        0  common.o(i.SysTick1msAdder)
    i.SysTick_CLKSourceConfig                0x08008e20   Section        0  misc.o(i.SysTick_CLKSourceConfig)
    i.SysTick_Handler                        0x08008e38   Section        0  delay.o(i.SysTick_Handler)
    i.SystemInit                             0x08008e54   Section        0  system_stm32f10x.o(i.SystemInit)
    i.TIM2_IRQHandler                        0x08008ea4   Section        0  usart.o(i.TIM2_IRQHandler)
    i.TIM2_Init                              0x08008ee8   Section        0  usart.o(i.TIM2_Init)
    i.TIM_ClearITPendingBit                  0x08008f28   Section        0  stm32f10x_tim.o(i.TIM_ClearITPendingBit)
    i.TIM_Cmd                                0x08008f2e   Section        0  stm32f10x_tim.o(i.TIM_Cmd)
    i.TIM_GetITStatus                        0x08008f42   Section        0  stm32f10x_tim.o(i.TIM_GetITStatus)
    i.TIM_ITConfig                           0x08008f5a   Section        0  stm32f10x_tim.o(i.TIM_ITConfig)
    i.TIM_TimeBaseInit                       0x08008f6c   Section        0  stm32f10x_tim.o(i.TIM_TimeBaseInit)
    i.UART4_IRQHandler                       0x08009008   Section        0  usart.o(i.UART4_IRQHandler)
    i.UART4_Init                             0x080090a0   Section        0  usart.o(i.UART4_Init)
    i.USART1_IRQHandler                      0x08009138   Section        0  usart.o(i.USART1_IRQHandler)
    i.USART1_Init                            0x080091d0   Section        0  usart.o(i.USART1_Init)
    i.USART2_IRQHandler                      0x08009264   Section        0  usart2.o(i.USART2_IRQHandler)
    i.USART2_Init                            0x08009368   Section        0  usart2.o(i.USART2_Init)
    i.USART2_Write                           0x08009438   Section        0  usart2.o(i.USART2_Write)
    i.USART_ClearFlag                        0x0800947c   Section        0  stm32f10x_usart.o(i.USART_ClearFlag)
    i.USART_Cmd                              0x08009482   Section        0  stm32f10x_usart.o(i.USART_Cmd)
    i.USART_DeInit                           0x08009498   Section        0  stm32f10x_usart.o(i.USART_DeInit)
    i.USART_GetFlagStatus                    0x0800950c   Section        0  stm32f10x_usart.o(i.USART_GetFlagStatus)
    i.USART_GetITStatus                      0x0800951a   Section        0  stm32f10x_usart.o(i.USART_GetITStatus)
    i.USART_ITConfig                         0x08009558   Section        0  stm32f10x_usart.o(i.USART_ITConfig)
    i.USART_Init                             0x08009588   Section        0  stm32f10x_usart.o(i.USART_Init)
    i.USART_ReceiveData                      0x0800963c   Section        0  stm32f10x_usart.o(i.USART_ReceiveData)
    i.USART_SendData                         0x08009644   Section        0  stm32f10x_usart.o(i.USART_SendData)
    i.UsageFault_Handler                     0x0800964c   Section        0  stm32f10x_it.o(i.UsageFault_Handler)
    i.Usart1FrameSend                        0x08009650   Section        0  usart.o(i.Usart1FrameSend)
    i.Usart1ReciveFrameEnd                   0x080096a0   Section        0  usart.o(i.Usart1ReciveFrameEnd)
    i.Usart4FrameSend                        0x080096c4   Section        0  usart.o(i.Usart4FrameSend)
    i.Usart4ReciveFrameEnd                   0x08009714   Section        0  usart.o(i.Usart4ReciveFrameEnd)
    i._sys_exit                              0x08009738   Section        0  usart.o(i._sys_exit)
    i.delay_init                             0x0800973c   Section        0  delay.o(i.delay_init)
    i.delay_ms                               0x08009770   Section        0  delay.o(i.delay_ms)
    i.delay_us                               0x080097ac   Section        0  delay.o(i.delay_us)
    i.fifo_init                              0x080097f0   Section        0  fifo.o(i.fifo_init)
    i.fifo_put                               0x08009838   Section        0  fifo.o(i.fifo_put)
    i.main                                   0x08009880   Section        0  main.o(i.main)
    i.memb_alloc                             0x080098f0   Section        0  memb.o(i.memb_alloc)
    i.memb_init                              0x08009916   Section        0  memb.o(i.memb_init)
    i.prvAddCurrentTaskToDelayedList         0x08009934   Section        0  tasks.o(i.prvAddCurrentTaskToDelayedList)
    prvAddCurrentTaskToDelayedList           0x08009935   Thumb Code    48  tasks.o(i.prvAddCurrentTaskToDelayedList)
    i.prvResetNextTaskUnblockTime            0x08009968   Section        0  tasks.o(i.prvResetNextTaskUnblockTime)
    prvResetNextTaskUnblockTime              0x08009969   Thumb Code    26  tasks.o(i.prvResetNextTaskUnblockTime)
    i.register_cmd_handler                   0x08009988   Section        0  at_cmd.o(i.register_cmd_handler)
    i.ringbuf_clear                          0x08009998   Section        0  ringbuf.o(i.ringbuf_clear)
    i.ringbuf_elements                       0x080099a6   Section        0  ringbuf.o(i.ringbuf_elements)
    i.ringbuf_init                           0x080099b2   Section        0  ringbuf.o(i.ringbuf_init)
    i.ringbuf_put                            0x080099c0   Section        0  ringbuf.o(i.ringbuf_put)
    i.uxListRemove                           0x080099e4   Section        0  list.o(i.uxListRemove)
    i.vListInsert                            0x08009a08   Section        0  list.o(i.vListInsert)
    i.vListInsertEnd                         0x08009a38   Section        0  list.o(i.vListInsertEnd)
    i.vPortEnterCritical                     0x08009a50   Section        0  port.o(i.vPortEnterCritical)
    i.vPortExitCritical                      0x08009a98   Section        0  port.o(i.vPortExitCritical)
    i.vTaskDelay                             0x08009ac0   Section        0  tasks.o(i.vTaskDelay)
    i.vTaskSuspendAll                        0x08009b28   Section        0  tasks.o(i.vTaskSuspendAll)
    i.vTaskSwitchContext                     0x08009b38   Section        0  tasks.o(i.vTaskSwitchContext)
    i.xPortSysTickHandler                    0x08009b94   Section        0  port.o(i.xPortSysTickHandler)
    i.xTaskIncrementTick                     0x08009bc0   Section        0  tasks.o(i.xTaskIncrementTick)
    i.xTaskResumeAll                         0x08009c8c   Section        0  tasks.o(i.xTaskResumeAll)
    .constdata                               0x08009d50   Section       24  rtc.o(.constdata)
    .data                                    0x20000000   Section      592  common.o(.data)
    auchCRCHi                                0x20000050   Data         256  common.o(.data)
    auchCRCLo                                0x20000150   Data         256  common.o(.data)
    .data                                    0x20000250   Section       12  task_net.o(.data)
    time_s                                   0x20000258   Data           4  task_net.o(.data)
    .data                                    0x2000025c   Section        8  delay.o(.data)
    fac_ms                                   0x2000025c   Data           2  delay.o(.data)
    fac_us                                   0x20000260   Data           4  delay.o(.data)
    .data                                    0x20000264   Section        2  rtc.o(.data)
    daycnt                                   0x20000264   Data           2  rtc.o(.data)
    .data                                    0x20000266   Section       26  usart.o(.data)
    tick_10ms                                0x2000026a   Data           1  usart.o(.data)
    .data                                    0x20000280   Section       16  usart2.o(.data)
    dl_buf                                   0x20000284   Data          12  usart2.o(.data)
    .data                                    0x20000290   Section        8  usart2.o(.data)
    dl_buf_memb_count                        0x20000290   Data           8  usart2.o(.data)
    .data                                    0x20000298   Section       12  at_cmd.o(.data)
    .data                                    0x200002a4   Section       20  stm32f10x_rcc.o(.data)
    ADCPrescTable                            0x200002a4   Data           4  stm32f10x_rcc.o(.data)
    APBAHBPrescTable                         0x200002a8   Data          16  stm32f10x_rcc.o(.data)
    .data                                    0x200002b8   Section       12  port.o(.data)
    ucMaxSysCallPriority                     0x200002b8   Data           1  port.o(.data)
    uxCriticalNesting                        0x200002bc   Data           4  port.o(.data)
    ulMaxPRIGROUPValue                       0x200002c0   Data           4  port.o(.data)
    .data                                    0x200002c4   Section       56  tasks.o(.data)
    uxTasksDeleted                           0x200002c8   Data           4  tasks.o(.data)
    uxCurrentNumberOfTasks                   0x200002cc   Data           4  tasks.o(.data)
    xTickCount                               0x200002d0   Data           4  tasks.o(.data)
    uxTopReadyPriority                       0x200002d4   Data           4  tasks.o(.data)
    uxPendedTicks                            0x200002dc   Data           4  tasks.o(.data)
    xYieldPending                            0x200002e0   Data           4  tasks.o(.data)
    xNumOfOverflows                          0x200002e4   Data           4  tasks.o(.data)
    uxTaskNumber                             0x200002e8   Data           4  tasks.o(.data)
    xNextTaskUnblockTime                     0x200002ec   Data           4  tasks.o(.data)
    uxSchedulerSuspended                     0x200002f0   Data           4  tasks.o(.data)
    pxDelayedTaskList                        0x200002f4   Data           4  tasks.o(.data)
    pxOverflowDelayedTaskList                0x200002f8   Data           4  tasks.o(.data)
    .bss                                     0x200002fc   Section       20  main.o(.bss)
    .bss                                     0x20000310   Section       10  rtc.o(.bss)
    .bss                                     0x2000031a   Section      768  usart.o(.bss)
    .bss                                     0x2000061c   Section     1048  usart2.o(.bss)
    .bss                                     0x20000a34   Section     4112  usart2.o(.bss)
    dl_buf_memb_mem                          0x20000a34   Data        4112  usart2.o(.bss)
    .bss                                     0x20001a44   Section       80  fifo.o(.bss)
    .bss                                     0x20001a94   Section      280  tasks.o(.bss)
    pxReadyTasksLists                        0x20001a94   Data         180  tasks.o(.bss)
    xDelayedTaskList1                        0x20001b48   Data          20  tasks.o(.bss)
    xDelayedTaskList2                        0x20001b5c   Data          20  tasks.o(.bss)
    xPendingReadyList                        0x20001b70   Data          20  tasks.o(.bss)
    xTasksWaitingTermination                 0x20001b84   Data          20  tasks.o(.bss)
    xSuspendedTaskList                       0x20001b98   Data          20  tasks.o(.bss)
    .bss                                     0x20001bac   Section       96  libspace.o(.bss)
    HEAP                                     0x20001c10   Section      512  startup_stm32f10x_hd.o(HEAP)
    Heap_Mem                                 0x20001c10   Data         512  startup_stm32f10x_hd.o(HEAP)
    STACK                                    0x20001e10   Section     5632  startup_stm32f10x_hd.o(STACK)
    Stack_Mem                                0x20001e10   Data        5632  startup_stm32f10x_hd.o(STACK)
    __initial_sp                             0x20003410   Data           0  startup_stm32f10x_hd.o(STACK)

    Global Symbols

    Symbol Name                              Value     Ov Type        Size  Object(Section)

    BuildAttributes$$THM_ISAv4$P$D$K$B$S$PE$A:L22UL41UL21$X:L11$S22US41US21$IEEE1$IW$USESV6$~STKCKD$USESV7$~SHL$OTIME$ROPI$IEEEJ$EBA8$UX$STANDARDLIB$REQ8$PRES8$EABIv2 0x00000000   Number         0  anon$$obj.o ABSOLUTE
    __ARM_use_no_argv                        0x00000000   Number         0  main.o ABSOLUTE
    _printf_flags                            0x00000000   Number         0  printf_stubs.o ABSOLUTE
    _printf_return_value                     0x00000000   Number         0  printf_stubs.o ABSOLUTE
    _printf_sizespec                         0x00000000   Number         0  printf_stubs.o ABSOLUTE
    _printf_widthprec                        0x00000000   Number         0  printf_stubs.o ABSOLUTE
    __ARM_exceptions_init                     - Undefined Weak Reference
    __alloca_initialize                       - Undefined Weak Reference
    __cpp_initialize__aeabi_                  - Undefined Weak Reference
    __cxa_finalize                            - Undefined Weak Reference
    __sigvec_lookup                           - Undefined Weak Reference
    _atexit_init                              - Undefined Weak Reference
    _call_atexit_fns                          - Undefined Weak Reference
    _clock_init                               - Undefined Weak Reference
    _fp_trap_init                             - Undefined Weak Reference
    _fp_trap_shutdown                         - Undefined Weak Reference
    _get_lc_collate                           - Undefined Weak Reference
    _get_lc_monetary                          - Undefined Weak Reference
    _get_lc_time                              - Undefined Weak Reference
    _getenv_init                              - Undefined Weak Reference
    _handle_redirection                       - Undefined Weak Reference
    _init_alloc                               - Undefined Weak Reference
    _init_user_alloc                          - Undefined Weak Reference
    _initio                                   - Undefined Weak Reference
    _mutex_acquire                            - Undefined Weak Reference
    _mutex_release                            - Undefined Weak Reference
    _printf_mbtowc                            - Undefined Weak Reference
    _printf_truncate_signed                   - Undefined Weak Reference
    _printf_truncate_unsigned                 - Undefined Weak Reference
    _signal_finish                            - Undefined Weak Reference
    _signal_init                              - Undefined Weak Reference
    _terminate_alloc                          - Undefined Weak Reference
    _terminate_user_alloc                     - Undefined Weak Reference
    _terminateio                              - Undefined Weak Reference
    __Vectors_Size                           0x00000130   Number         0  startup_stm32f10x_hd.o ABSOLUTE
    __Vectors                                0x08008000   Data           4  startup_stm32f10x_hd.o(RESET)
    __Vectors_End                            0x08008130   Data           0  startup_stm32f10x_hd.o(RESET)
    __main                                   0x08008131   Thumb Code     8  __main.o(!!!main)
    __scatterload                            0x08008139   Thumb Code     0  __scatter.o(!!!scatter)
    __scatterload_rt2                        0x08008139   Thumb Code    44  __scatter.o(!!!scatter)
    __scatterload_rt2_thumb_only             0x08008139   Thumb Code     0  __scatter.o(!!!scatter)
    __scatterload_null                       0x08008147   Thumb Code     0  __scatter.o(!!!scatter)
    __decompress                             0x0800816d   Thumb Code    90  __dczerorl2.o(!!dczerorl2)
    __decompress1                            0x0800816d   Thumb Code     0  __dczerorl2.o(!!dczerorl2)
    __scatterload_zeroinit                   0x080081c9   Thumb Code    28  __scatter_zi.o(!!handler_zi)
    __rt_lib_init                            0x080081e5   Thumb Code     0  libinit.o(.ARM.Collect$$libinit$$00000000)
    __rt_lib_init_alloca_1                   0x080081e7   Thumb Code     0  libinit2.o(.ARM.Collect$$libinit$$0000002C)
    __rt_lib_init_argv_1                     0x080081e7   Thumb Code     0  libinit2.o(.ARM.Collect$$libinit$$0000002A)
    __rt_lib_init_atexit_1                   0x080081e7   Thumb Code     0  libinit2.o(.ARM.Collect$$libinit$$00000019)
    __rt_lib_init_clock_1                    0x080081e7   Thumb Code     0  libinit2.o(.ARM.Collect$$libinit$$0000001F)
    __rt_lib_init_cpp_1                      0x080081e7   Thumb Code     0  libinit2.o(.ARM.Collect$$libinit$$00000030)
    __rt_lib_init_exceptions_1               0x080081e7   Thumb Code     0  libinit2.o(.ARM.Collect$$libinit$$0000002E)
    __rt_lib_init_fp_1                       0x080081e7   Thumb Code     0  libinit2.o(.ARM.Collect$$libinit$$00000002)
    __rt_lib_init_fp_trap_1                  0x080081e7   Thumb Code     0  libinit2.o(.ARM.Collect$$libinit$$0000001D)
    __rt_lib_init_getenv_1                   0x080081e7   Thumb Code     0  libinit2.o(.ARM.Collect$$libinit$$00000021)
    __rt_lib_init_heap_1                     0x080081e7   Thumb Code     0  libinit2.o(.ARM.Collect$$libinit$$00000008)
    __rt_lib_init_lc_collate_1               0x080081e7   Thumb Code     0  libinit2.o(.ARM.Collect$$libinit$$0000000F)
    __rt_lib_init_lc_ctype_1                 0x080081e7   Thumb Code     0  libinit2.o(.ARM.Collect$$libinit$$00000011)
    __rt_lib_init_lc_monetary_1              0x080081e7   Thumb Code     0  libinit2.o(.ARM.Collect$$libinit$$00000013)
    __rt_lib_init_lc_numeric_1               0x080081e7   Thumb Code     0  libinit2.o(.ARM.Collect$$libinit$$00000015)
    __rt_lib_init_lc_time_1                  0x080081e7   Thumb Code     0  libinit2.o(.ARM.Collect$$libinit$$00000017)
    __rt_lib_init_rand_1                     0x080081e7   Thumb Code     0  libinit2.o(.ARM.Collect$$libinit$$0000000C)
    __rt_lib_init_return                     0x080081e7   Thumb Code     0  libinit2.o(.ARM.Collect$$libinit$$00000031)
    __rt_lib_init_signal_1                   0x080081e7   Thumb Code     0  libinit2.o(.ARM.Collect$$libinit$$0000001B)
    __rt_lib_init_stdio_1                    0x080081e7   Thumb Code     0  libinit2.o(.ARM.Collect$$libinit$$00000023)
    __rt_lib_init_user_alloc_1               0x080081e7   Thumb Code     0  libinit2.o(.ARM.Collect$$libinit$$0000000A)
    __rt_lib_shutdown                        0x080081e9   Thumb Code     0  libshutdown.o(.ARM.Collect$$libshutdown$$00000000)
    __rt_lib_shutdown_fp_trap_1              0x080081eb   Thumb Code     0  libshutdown2.o(.ARM.Collect$$libshutdown$$00000006)
    __rt_lib_shutdown_heap_1                 0x080081eb   Thumb Code     0  libshutdown2.o(.ARM.Collect$$libshutdown$$0000000E)
    __rt_lib_shutdown_return                 0x080081eb   Thumb Code     0  libshutdown2.o(.ARM.Collect$$libshutdown$$0000000F)
    __rt_lib_shutdown_signal_1               0x080081eb   Thumb Code     0  libshutdown2.o(.ARM.Collect$$libshutdown$$00000009)
    __rt_lib_shutdown_stdio_1                0x080081eb   Thumb Code     0  libshutdown2.o(.ARM.Collect$$libshutdown$$00000003)
    __rt_lib_shutdown_user_alloc_1           0x080081eb   Thumb Code     0  libshutdown2.o(.ARM.Collect$$libshutdown$$0000000B)
    __rt_entry                               0x080081ed   Thumb Code     0  rtentry.o(.ARM.Collect$$rtentry$$00000000)
    __rt_entry_presh_1                       0x080081ed   Thumb Code     0  rtentry2.o(.ARM.Collect$$rtentry$$00000002)
    __rt_entry_sh                            0x080081ed   Thumb Code     0  rtentry4.o(.ARM.Collect$$rtentry$$00000004)
    __rt_entry_li                            0x080081f3   Thumb Code     0  rtentry2.o(.ARM.Collect$$rtentry$$0000000A)
    __rt_entry_postsh_1                      0x080081f3   Thumb Code     0  rtentry2.o(.ARM.Collect$$rtentry$$00000009)
    __rt_entry_main                          0x080081f7   Thumb Code     0  rtentry2.o(.ARM.Collect$$rtentry$$0000000D)
    __rt_entry_postli_1                      0x080081f7   Thumb Code     0  rtentry2.o(.ARM.Collect$$rtentry$$0000000C)
    __rt_exit                                0x080081ff   Thumb Code     0  rtexit.o(.ARM.Collect$$rtexit$$00000000)
    __rt_exit_ls                             0x08008201   Thumb Code     0  rtexit2.o(.ARM.Collect$$rtexit$$00000003)
    __rt_exit_prels_1                        0x08008201   Thumb Code     0  rtexit2.o(.ARM.Collect$$rtexit$$00000002)
    __rt_exit_exit                           0x08008205   Thumb Code     0  rtexit2.o(.ARM.Collect$$rtexit$$00000004)
    SVC_Handler                              0x0800820d   Thumb Code    32  port.o(.emb_text)
    __asm___6_port_c_39a90d8d__prvStartFirstTask 0x08008231   Thumb Code    28  port.o(.emb_text)
    PendSV_Handler                           0x08008251   Thumb Code    64  port.o(.emb_text)
    ulPortSetInterruptMask                   0x08008295   Thumb Code    14  port.o(.emb_text)
    vPortClearInterruptMask                  0x080082a3   Thumb Code     6  port.o(.emb_text)
    vPortGetIPSR                             0x080082a9   Thumb Code     6  port.o(.emb_text)
    Reset_Handler                            0x080082b1   Thumb Code     8  startup_stm32f10x_hd.o(.text)
    ADC1_2_IRQHandler                        0x080082cb   Thumb Code     0  startup_stm32f10x_hd.o(.text)
    ADC3_IRQHandler                          0x080082cb   Thumb Code     0  startup_stm32f10x_hd.o(.text)
    CAN1_RX1_IRQHandler                      0x080082cb   Thumb Code     0  startup_stm32f10x_hd.o(.text)
    CAN1_SCE_IRQHandler                      0x080082cb   Thumb Code     0  startup_stm32f10x_hd.o(.text)
    DMA1_Channel1_IRQHandler                 0x080082cb   Thumb Code     0  startup_stm32f10x_hd.o(.text)
    DMA1_Channel2_IRQHandler                 0x080082cb   Thumb Code     0  startup_stm32f10x_hd.o(.text)
    DMA1_Channel3_IRQHandler                 0x080082cb   Thumb Code     0  startup_stm32f10x_hd.o(.text)
    DMA1_Channel4_IRQHandler                 0x080082cb   Thumb Code     0  startup_stm32f10x_hd.o(.text)
    DMA1_Channel5_IRQHandler                 0x080082cb   Thumb Code     0  startup_stm32f10x_hd.o(.text)
    DMA1_Channel6_IRQHandler                 0x080082cb   Thumb Code     0  startup_stm32f10x_hd.o(.text)
    DMA1_Channel7_IRQHandler                 0x080082cb   Thumb Code     0  startup_stm32f10x_hd.o(.text)
    DMA2_Channel1_IRQHandler                 0x080082cb   Thumb Code     0  startup_stm32f10x_hd.o(.text)
    DMA2_Channel2_IRQHandler                 0x080082cb   Thumb Code     0  startup_stm32f10x_hd.o(.text)
    DMA2_Channel3_IRQHandler                 0x080082cb   Thumb Code     0  startup_stm32f10x_hd.o(.text)
    DMA2_Channel4_5_IRQHandler               0x080082cb   Thumb Code     0  startup_stm32f10x_hd.o(.text)
    EXTI0_IRQHandler                         0x080082cb   Thumb Code     0  startup_stm32f10x_hd.o(.text)
    EXTI15_10_IRQHandler                     0x080082cb   Thumb Code     0  startup_stm32f10x_hd.o(.text)
    EXTI1_IRQHandler                         0x080082cb   Thumb Code     0  startup_stm32f10x_hd.o(.text)
    EXTI2_IRQHandler                         0x080082cb   Thumb Code     0  startup_stm32f10x_hd.o(.text)
    EXTI3_IRQHandler                         0x080082cb   Thumb Code     0  startup_stm32f10x_hd.o(.text)
    EXTI4_IRQHandler                         0x080082cb   Thumb Code     0  startup_stm32f10x_hd.o(.text)
    EXTI9_5_IRQHandler                       0x080082cb   Thumb Code     0  startup_stm32f10x_hd.o(.text)
    FLASH_IRQHandler                         0x080082cb   Thumb Code     0  startup_stm32f10x_hd.o(.text)
    FSMC_IRQHandler                          0x080082cb   Thumb Code     0  startup_stm32f10x_hd.o(.text)
    I2C1_ER_IRQHandler                       0x080082cb   Thumb Code     0  startup_stm32f10x_hd.o(.text)
    I2C1_EV_IRQHandler                       0x080082cb   Thumb Code     0  startup_stm32f10x_hd.o(.text)
    I2C2_ER_IRQHandler                       0x080082cb   Thumb Code     0  startup_stm32f10x_hd.o(.text)
    I2C2_EV_IRQHandler                       0x080082cb   Thumb Code     0  startup_stm32f10x_hd.o(.text)
    PVD_IRQHandler                           0x080082cb   Thumb Code     0  startup_stm32f10x_hd.o(.text)
    RCC_IRQHandler                           0x080082cb   Thumb Code     0  startup_stm32f10x_hd.o(.text)
    RTCAlarm_IRQHandler                      0x080082cb   Thumb Code     0  startup_stm32f10x_hd.o(.text)
    SDIO_IRQHandler                          0x080082cb   Thumb Code     0  startup_stm32f10x_hd.o(.text)
    SPI1_IRQHandler                          0x080082cb   Thumb Code     0  startup_stm32f10x_hd.o(.text)
    SPI2_IRQHandler                          0x080082cb   Thumb Code     0  startup_stm32f10x_hd.o(.text)
    SPI3_IRQHandler                          0x080082cb   Thumb Code     0  startup_stm32f10x_hd.o(.text)
    TAMPER_IRQHandler                        0x080082cb   Thumb Code     0  startup_stm32f10x_hd.o(.text)
    TIM1_BRK_IRQHandler                      0x080082cb   Thumb Code     0  startup_stm32f10x_hd.o(.text)
    TIM1_CC_IRQHandler                       0x080082cb   Thumb Code     0  startup_stm32f10x_hd.o(.text)
    TIM1_TRG_COM_IRQHandler                  0x080082cb   Thumb Code     0  startup_stm32f10x_hd.o(.text)
    TIM1_UP_IRQHandler                       0x080082cb   Thumb Code     0  startup_stm32f10x_hd.o(.text)
    TIM3_IRQHandler                          0x080082cb   Thumb Code     0  startup_stm32f10x_hd.o(.text)
    TIM4_IRQHandler                          0x080082cb   Thumb Code     0  startup_stm32f10x_hd.o(.text)
    TIM5_IRQHandler                          0x080082cb   Thumb Code     0  startup_stm32f10x_hd.o(.text)
    TIM6_IRQHandler                          0x080082cb   Thumb Code     0  startup_stm32f10x_hd.o(.text)
    TIM7_IRQHandler                          0x080082cb   Thumb Code     0  startup_stm32f10x_hd.o(.text)
    TIM8_BRK_IRQHandler                      0x080082cb   Thumb Code     0  startup_stm32f10x_hd.o(.text)
    TIM8_CC_IRQHandler                       0x080082cb   Thumb Code     0  startup_stm32f10x_hd.o(.text)
    TIM8_TRG_COM_IRQHandler                  0x080082cb   Thumb Code     0  startup_stm32f10x_hd.o(.text)
    TIM8_UP_IRQHandler                       0x080082cb   Thumb Code     0  startup_stm32f10x_hd.o(.text)
    UART5_IRQHandler                         0x080082cb   Thumb Code     0  startup_stm32f10x_hd.o(.text)
    USART3_IRQHandler                        0x080082cb   Thumb Code     0  startup_stm32f10x_hd.o(.text)
    USBWakeUp_IRQHandler                     0x080082cb   Thumb Code     0  startup_stm32f10x_hd.o(.text)
    USB_HP_CAN1_TX_IRQHandler                0x080082cb   Thumb Code     0  startup_stm32f10x_hd.o(.text)
    USB_LP_CAN1_RX0_IRQHandler               0x080082cb   Thumb Code     0  startup_stm32f10x_hd.o(.text)
    WWDG_IRQHandler                          0x080082cb   Thumb Code     0  startup_stm32f10x_hd.o(.text)
    __user_initial_stackheap                 0x080082cd   Thumb Code     0  startup_stm32f10x_hd.o(.text)
    __use_no_semihosting                     0x080082f1   Thumb Code     2  use_no_semi_2.o(.text)
    strstr                                   0x080082f3   Thumb Code    36  strstr.o(.text)
    __aeabi_memcpy                           0x08008317   Thumb Code     0  rt_memcpy_v6.o(.text)
    __rt_memcpy                              0x08008317   Thumb Code   138  rt_memcpy_v6.o(.text)
    _memcpy_lastbytes                        0x0800837d   Thumb Code     0  rt_memcpy_v6.o(.text)
    __aeabi_memcpy4                          0x080083a1   Thumb Code     0  rt_memcpy_w.o(.text)
    __aeabi_memcpy8                          0x080083a1   Thumb Code     0  rt_memcpy_w.o(.text)
    __rt_memcpy_w                            0x080083a1   Thumb Code   100  rt_memcpy_w.o(.text)
    _memcpy_lastbytes_aligned                0x080083e9   Thumb Code     0  rt_memcpy_w.o(.text)
    __aeabi_memclr                           0x08008405   Thumb Code     0  rt_memclr.o(.text)
    __rt_memclr                              0x08008405   Thumb Code    68  rt_memclr.o(.text)
    _memset                                  0x08008409   Thumb Code     0  rt_memclr.o(.text)
    __aeabi_memclr4                          0x08008449   Thumb Code     0  rt_memclr_w.o(.text)
    __aeabi_memclr8                          0x08008449   Thumb Code     0  rt_memclr_w.o(.text)
    __rt_memclr_w                            0x08008449   Thumb Code    78  rt_memclr_w.o(.text)
    _memset_w                                0x0800844d   Thumb Code     0  rt_memclr_w.o(.text)
    __use_two_region_memory                  0x08008497   Thumb Code     2  heapauxi.o(.text)
    __rt_heap_escrow$2region                 0x08008499   Thumb Code     2  heapauxi.o(.text)
    __rt_heap_expand$2region                 0x0800849b   Thumb Code     2  heapauxi.o(.text)
    __I$use$semihosting                      0x0800849d   Thumb Code     0  use_no_semi.o(.text)
    __use_no_semihosting_swi                 0x0800849d   Thumb Code     2  use_no_semi.o(.text)
    __user_libspace                          0x080084a1   Thumb Code     8  libspace.o(.text)
    __user_perproc_libspace                  0x080084a1   Thumb Code     0  libspace.o(.text)
    __user_perthread_libspace                0x080084a1   Thumb Code     0  libspace.o(.text)
    __user_setup_stackheap                   0x080084a9   Thumb Code    74  sys_stackheap_outer.o(.text)
    exit                                     0x080084f3   Thumb Code    12  exit.o(.text)
    AT24CXX_Init                             0x080084ff   Thumb Code     4  24cxx.o(i.AT24CXX_Init)
    BKP_DeInit                               0x08008503   Thumb Code    18  stm32f10x_bkp.o(i.BKP_DeInit)
    BKP_ReadBackupRegister                   0x08008515   Thumb Code    12  stm32f10x_bkp.o(i.BKP_ReadBackupRegister)
    BKP_WriteBackupRegister                  0x08008525   Thumb Code    12  stm32f10x_bkp.o(i.BKP_WriteBackupRegister)
    BusFault_Handler                         0x08008535   Thumb Code     2  stm32f10x_it.o(i.BusFault_Handler)
    DebugMon_Handler                         0x08008537   Thumb Code     2  stm32f10x_it.o(i.DebugMon_Handler)
    GPIO_Init                                0x08008539   Thumb Code   152  stm32f10x_gpio.o(i.GPIO_Init)
    GPIO_SetBits                             0x080085d1   Thumb Code     4  stm32f10x_gpio.o(i.GPIO_SetBits)
    HardFault_Handler                        0x080085d5   Thumb Code    22  stm32f10x_it.o(i.HardFault_Handler)
    IIC1_Init                                0x080085f5   Thumb Code    60  iic1.o(i.IIC1_Init)
    IWDG_Enable                              0x08008635   Thumb Code    10  stm32f10x_iwdg.o(i.IWDG_Enable)
    IWDG_Init                                0x08008645   Thumb Code    38  sys.o(i.IWDG_Init)
    IWDG_ReloadCounter                       0x0800866d   Thumb Code    10  stm32f10x_iwdg.o(i.IWDG_ReloadCounter)
    IWDG_SetPrescaler                        0x0800867d   Thumb Code     6  stm32f10x_iwdg.o(i.IWDG_SetPrescaler)
    IWDG_SetReload                           0x08008689   Thumb Code     6  stm32f10x_iwdg.o(i.IWDG_SetReload)
    IWDG_WriteAccessCmd                      0x08008695   Thumb Code     6  stm32f10x_iwdg.o(i.IWDG_WriteAccessCmd)
    Is_Leap_Year                             0x080086a1   Thumb Code    38  rtc.o(i.Is_Leap_Year)
    LED_Init                                 0x080086c9   Thumb Code    44  led.o(i.LED_Init)
    MemManage_Handler                        0x080086fd   Thumb Code     2  stm32f10x_it.o(i.MemManage_Handler)
    NMI_Handler                              0x080086ff   Thumb Code     2  stm32f10x_it.o(i.NMI_Handler)
    NVIC_Configuration                       0x08008701   Thumb Code   140  sys.o(i.NVIC_Configuration)
    NVIC_Init                                0x0800878d   Thumb Code    90  misc.o(i.NVIC_Init)
    NVIC_PriorityGroupConfig                 0x080087f1   Thumb Code    10  misc.o(i.NVIC_PriorityGroupConfig)
    PWR_BackupAccessCmd                      0x08008805   Thumb Code     6  stm32f10x_pwr.o(i.PWR_BackupAccessCmd)
    RCC_APB1PeriphClockCmd                   0x08008811   Thumb Code    18  stm32f10x_rcc.o(i.RCC_APB1PeriphClockCmd)
    RCC_APB1PeriphResetCmd                   0x08008829   Thumb Code    18  stm32f10x_rcc.o(i.RCC_APB1PeriphResetCmd)
    RCC_APB2PeriphClockCmd                   0x08008841   Thumb Code    18  stm32f10x_rcc.o(i.RCC_APB2PeriphClockCmd)
    RCC_APB2PeriphResetCmd                   0x08008859   Thumb Code    18  stm32f10x_rcc.o(i.RCC_APB2PeriphResetCmd)
    RCC_BackupResetCmd                       0x08008871   Thumb Code     6  stm32f10x_rcc.o(i.RCC_BackupResetCmd)
    RCC_GetClocksFreq                        0x0800887d   Thumb Code   132  stm32f10x_rcc.o(i.RCC_GetClocksFreq)
    RCC_GetFlagStatus                        0x08008911   Thumb Code    42  stm32f10x_rcc.o(i.RCC_GetFlagStatus)
    RCC_LSEConfig                            0x08008941   Thumb Code    28  stm32f10x_rcc.o(i.RCC_LSEConfig)
    RCC_RTCCLKCmd                            0x08008961   Thumb Code     6  stm32f10x_rcc.o(i.RCC_RTCCLKCmd)
    RCC_RTCCLKConfig                         0x0800896d   Thumb Code    10  stm32f10x_rcc.o(i.RCC_RTCCLKConfig)
    RTC_ClearITPendingBit                    0x0800897d   Thumb Code    10  stm32f10x_rtc.o(i.RTC_ClearITPendingBit)
    RTC_EnterConfigMode                      0x0800898d   Thumb Code    12  stm32f10x_rtc.o(i.RTC_EnterConfigMode)
    RTC_ExitConfigMode                       0x0800899d   Thumb Code    12  stm32f10x_rtc.o(i.RTC_ExitConfigMode)
    RTC_Get                                  0x080089ad   Thumb Code   186  rtc.o(i.RTC_Get)
    RTC_GetCounter                           0x08008a79   Thumb Code    16  stm32f10x_rtc.o(i.RTC_GetCounter)
    RTC_GetITStatus                          0x08008a8d   Thumb Code    28  stm32f10x_rtc.o(i.RTC_GetITStatus)
    RTC_Get_Week                             0x08008aad   Thumb Code    72  rtc.o(i.RTC_Get_Week)
    RTC_IRQHandler                           0x08008af9   Thumb Code    28  rtc.o(i.RTC_IRQHandler)
    RTC_ITConfig                             0x08008b15   Thumb Code    18  stm32f10x_rtc.o(i.RTC_ITConfig)
    RTC_Init                                 0x08008b2d   Thumb Code   214  rtc.o(i.RTC_Init)
    RTC_Set                                  0x08008c05   Thumb Code   190  rtc.o(i.RTC_Set)
    RTC_SetCounter                           0x08008cd5   Thumb Code    26  stm32f10x_rtc.o(i.RTC_SetCounter)
    RTC_SetPrescaler                         0x08008cf5   Thumb Code    28  stm32f10x_rtc.o(i.RTC_SetPrescaler)
    RTC_WaitForLastTask                      0x08008d15   Thumb Code    10  stm32f10x_rtc.o(i.RTC_WaitForLastTask)
    RTC_WaitForSynchro                       0x08008d25   Thumb Code    18  stm32f10x_rtc.o(i.RTC_WaitForSynchro)
    SetSysTick1s                             0x08008de5   Thumb Code     6  common.o(i.SetSysTick1s)
    SysTick100msAdder                        0x08008df1   Thumb Code    10  common.o(i.SysTick100msAdder)
    SysTick10msAdder                         0x08008e01   Thumb Code    10  common.o(i.SysTick10msAdder)
    SysTick1msAdder                          0x08008e11   Thumb Code    10  common.o(i.SysTick1msAdder)
    SysTick_CLKSourceConfig                  0x08008e21   Thumb Code    24  misc.o(i.SysTick_CLKSourceConfig)
    SysTick_Handler                          0x08008e39   Thumb Code    24  delay.o(i.SysTick_Handler)
    SystemInit                               0x08008e55   Thumb Code    64  system_stm32f10x.o(i.SystemInit)
    TIM2_IRQHandler                          0x08008ea5   Thumb Code    64  usart.o(i.TIM2_IRQHandler)
    TIM2_Init                                0x08008ee9   Thumb Code    64  usart.o(i.TIM2_Init)
    TIM_ClearITPendingBit                    0x08008f29   Thumb Code     6  stm32f10x_tim.o(i.TIM_ClearITPendingBit)
    TIM_Cmd                                  0x08008f2f   Thumb Code    20  stm32f10x_tim.o(i.TIM_Cmd)
    TIM_GetITStatus                          0x08008f43   Thumb Code    24  stm32f10x_tim.o(i.TIM_GetITStatus)
    TIM_ITConfig                             0x08008f5b   Thumb Code    16  stm32f10x_tim.o(i.TIM_ITConfig)
    TIM_TimeBaseInit                         0x08008f6d   Thumb Code   114  stm32f10x_tim.o(i.TIM_TimeBaseInit)
    UART4_IRQHandler                         0x08009009   Thumb Code   138  usart.o(i.UART4_IRQHandler)
    UART4_Init                               0x080090a1   Thumb Code   144  usart.o(i.UART4_Init)
    USART1_IRQHandler                        0x08009139   Thumb Code   138  usart.o(i.USART1_IRQHandler)
    USART1_Init                              0x080091d1   Thumb Code   138  usart.o(i.USART1_Init)
    USART2_IRQHandler                        0x08009265   Thumb Code   194  usart2.o(i.USART2_IRQHandler)
    USART2_Init                              0x08009369   Thumb Code   184  usart2.o(i.USART2_Init)
    USART2_Write                             0x08009439   Thumb Code    60  usart2.o(i.USART2_Write)
    USART_ClearFlag                          0x0800947d   Thumb Code     6  stm32f10x_usart.o(i.USART_ClearFlag)
    USART_Cmd                                0x08009483   Thumb Code    20  stm32f10x_usart.o(i.USART_Cmd)
    USART_DeInit                             0x08009499   Thumb Code    96  stm32f10x_usart.o(i.USART_DeInit)
    USART_GetFlagStatus                      0x0800950d   Thumb Code    14  stm32f10x_usart.o(i.USART_GetFlagStatus)
    USART_GetITStatus                        0x0800951b   Thumb Code    62  stm32f10x_usart.o(i.USART_GetITStatus)
    USART_ITConfig                           0x08009559   Thumb Code    48  stm32f10x_usart.o(i.USART_ITConfig)
    USART_Init                               0x08009589   Thumb Code   176  stm32f10x_usart.o(i.USART_Init)
    USART_ReceiveData                        0x0800963d   Thumb Code     8  stm32f10x_usart.o(i.USART_ReceiveData)
    USART_SendData                           0x08009645   Thumb Code     8  stm32f10x_usart.o(i.USART_SendData)
    UsageFault_Handler                       0x0800964d   Thumb Code     2  stm32f10x_it.o(i.UsageFault_Handler)
    Usart1FrameSend                          0x08009651   Thumb Code    66  usart.o(i.Usart1FrameSend)
    Usart1ReciveFrameEnd                     0x080096a1   Thumb Code    32  usart.o(i.Usart1ReciveFrameEnd)
    Usart4FrameSend                          0x080096c5   Thumb Code    66  usart.o(i.Usart4FrameSend)
    Usart4ReciveFrameEnd                     0x08009715   Thumb Code    32  usart.o(i.Usart4ReciveFrameEnd)
    _sys_exit                                0x08009739   Thumb Code     2  usart.o(i._sys_exit)
    delay_init                               0x0800973d   Thumb Code    48  delay.o(i.delay_init)
    delay_ms                                 0x08009771   Thumb Code    50  delay.o(i.delay_ms)
    delay_us                                 0x080097ad   Thumb Code    62  delay.o(i.delay_us)
    fifo_init                                0x080097f1   Thumb Code    66  fifo.o(i.fifo_init)
    fifo_put                                 0x08009839   Thumb Code    66  fifo.o(i.fifo_put)
    main                                     0x08009881   Thumb Code    98  main.o(i.main)
    memb_alloc                               0x080098f1   Thumb Code    38  memb.o(i.memb_alloc)
    memb_init                                0x08009917   Thumb Code    28  memb.o(i.memb_init)
    register_cmd_handler                     0x08009989   Thumb Code    10  at_cmd.o(i.register_cmd_handler)
    ringbuf_clear                            0x08009999   Thumb Code    14  ringbuf.o(i.ringbuf_clear)
    ringbuf_elements                         0x080099a7   Thumb Code    12  ringbuf.o(i.ringbuf_elements)
    ringbuf_init                             0x080099b3   Thumb Code    14  ringbuf.o(i.ringbuf_init)
    ringbuf_put                              0x080099c1   Thumb Code    36  ringbuf.o(i.ringbuf_put)
    uxListRemove                             0x080099e5   Thumb Code    36  list.o(i.uxListRemove)
    vListInsert                              0x08009a09   Thumb Code    48  list.o(i.vListInsert)
    vListInsertEnd                           0x08009a39   Thumb Code    24  list.o(i.vListInsertEnd)
    vPortEnterCritical                       0x08009a51   Thumb Code    62  port.o(i.vPortEnterCritical)
    vPortExitCritical                        0x08009a99   Thumb Code    34  port.o(i.vPortExitCritical)
    vTaskDelay                               0x08009ac1   Thumb Code    94  tasks.o(i.vTaskDelay)
    vTaskSuspendAll                          0x08009b29   Thumb Code    10  tasks.o(i.vTaskSuspendAll)
    vTaskSwitchContext                       0x08009b39   Thumb Code    82  tasks.o(i.vTaskSwitchContext)
    xPortSysTickHandler                      0x08009b95   Thumb Code    38  port.o(i.xPortSysTickHandler)
    xTaskIncrementTick                       0x08009bc1   Thumb Code   194  tasks.o(i.xTaskIncrementTick)
    xTaskResumeAll                           0x08009c8d   Thumb Code   182  tasks.o(i.xTaskResumeAll)
    table_week                               0x08009d50   Data          12  rtc.o(.constdata)
    mon_table                                0x08009d5c   Data          12  rtc.o(.constdata)
    Region$$Table$$Base                      0x08009d68   Number         0  anon$$obj.o(Region$$Table)
    Region$$Table$$Limit                     0x08009d88   Number         0  anon$$obj.o(Region$$Table)
    TimeGroupNumber                          0x20000000   Data           1  common.o(.data)
    HaveNewFirmWare                          0x20000001   Data           1  common.o(.data)
    NewFirmWareAdd                           0x20000002   Data           1  common.o(.data)
    LastBagByteNum                           0x20000003   Data           1  common.o(.data)
    Operators                                0x20000004   Data           1  common.o(.data)
    PowerINTFC                               0x20000005   Data           1  common.o(.data)
    TimeZone                                 0x20000006   Data           1  common.o(.data)
    LightLevelPercent                        0x20000007   Data           1  common.o(.data)
    NewFirmWareBagNum                        0x20000008   Data           2  common.o(.data)
    NewFirmWareVer                           0x2000000a   Data           2  common.o(.data)
    UpLoadINCL                               0x2000000c   Data           2  common.o(.data)
    SysTick1ms                               0x20000010   Data           4  common.o(.data)
    SysTick10ms                              0x20000014   Data           4  common.o(.data)
    SysTick100ms                             0x20000018   Data           4  common.o(.data)
    SysTick1s                                0x2000001c   Data           4  common.o(.data)
    BootLoaderVersion                        0x20000020   Data           4  common.o(.data)
    SoftWareVersion                          0x20000024   Data           4  common.o(.data)
    HardWareVersion                          0x20000028   Data           4  common.o(.data)
    DeviceName                               0x2000002c   Data           4  common.o(.data)
    DeviceID                                 0x20000030   Data           4  common.o(.data)
    DeviceUUID                               0x20000034   Data           4  common.o(.data)
    DeviceICCID                              0x20000038   Data           4  common.o(.data)
    DeviceIMSI                               0x2000003c   Data           4  common.o(.data)
    APName                                   0x20000040   Data           4  common.o(.data)
    ServerDomain                             0x20000044   Data           4  common.o(.data)
    ServerIP                                 0x20000048   Data           4  common.o(.data)
    ServerPort                               0x2000004c   Data           4  common.o(.data)
    ConnectState                             0x20000250   Data           1  task_net.o(.data)
    SocketId                                 0x20000251   Data           1  task_net.o(.data)
    SignalIntensity                          0x20000252   Data           1  task_net.o(.data)
    p_tSensorMsgNet                          0x20000254   Data           4  task_net.o(.data)
    Usart1RecvEnd                            0x20000266   Data           1  usart.o(.data)
    Usart1Busy                               0x20000267   Data           1  usart.o(.data)
    Usart4RecvEnd                            0x20000268   Data           1  usart.o(.data)
    Usart4Busy                               0x20000269   Data           1  usart.o(.data)
    Usart1RxCnt                              0x2000026c   Data           2  usart.o(.data)
    OldUsart1RxCnt                           0x2000026e   Data           2  usart.o(.data)
    Usart1FrameLen                           0x20000270   Data           2  usart.o(.data)
    Usart1SendLen                            0x20000272   Data           2  usart.o(.data)
    Usart1SendNum                            0x20000274   Data           2  usart.o(.data)
    Usart4RxCnt                              0x20000276   Data           2  usart.o(.data)
    OldUsart4RxCnt                           0x20000278   Data           2  usart.o(.data)
    Usart4FrameLen                           0x2000027a   Data           2  usart.o(.data)
    Usart4SendLen                            0x2000027c   Data           2  usart.o(.data)
    Usart4SendNum                            0x2000027e   Data           2  usart.o(.data)
    rsp_ok                                   0x20000280   Data           1  usart2.o(.data)
    dl_buf_id                                0x20000281   Data           1  usart2.o(.data)
    callback                                 0x20000298   Data           4  at_cmd.o(.data)
    flag_ok                                  0x2000029c   Data           4  at_cmd.o(.data)
    result_ptr                               0x200002a0   Data           4  at_cmd.o(.data)
    pxCurrentTCB                             0x200002c4   Data           4  tasks.o(.data)
    xSchedulerRunning                        0x200002d8   Data           4  tasks.o(.data)
    RCC_Clocks                               0x200002fc   Data          20  main.o(.bss)
    calendar                                 0x20000310   Data          10  rtc.o(.bss)
    Usart1RxBuf                              0x2000031a   Data         256  usart.o(.bss)
    Usart1TxBuf                              0x2000041a   Data         256  usart.o(.bss)
    Usart4RxBuf                              0x2000051a   Data         128  usart.o(.bss)
    Usart4TxBuf                              0x2000059a   Data         128  usart.o(.bss)
    ring_fifo                                0x2000061c   Data          12  usart2.o(.bss)
    ring_fifo1                               0x20000628   Data          12  usart2.o(.bss)
    rx_fifo                                  0x20000634   Data         512  usart2.o(.bss)
    rx_fifo1                                 0x20000834   Data         512  usart2.o(.bss)
    pipe                                     0x20001a44   Data          80  fifo.o(.bss)
    __libspace_start                         0x20001bac   Data          96  libspace.o(.bss)
    __temporary_stack_top$libspace           0x20001c0c   Data           0  libspace.o(.bss)



==============================================================================

Memory Map of the image

  Image Entry point : 0x08008131

  Load Region LR_IROM1 (Base: 0x08008000, Size: 0x00002084, Max: 0x0001c000, ABSOLUTE, COMPRESSED[0x00001ee0])

    Execution Region ER_IROM1 (Base: 0x08008000, Size: 0x00001d88, Max: 0x0001c000, ABSOLUTE)

    Base Addr    Size         Type   Attr      Idx    E Section Name        Object

    0x08008000   0x00000130   Data   RO          896    RESET               startup_stm32f10x_hd.o
    0x08008130   0x00000008   Code   RO         6123  * !!!main             c_w.l(__main.o)
    0x08008138   0x00000034   Code   RO         6398    !!!scatter          c_w.l(__scatter.o)
    0x0800816c   0x0000005a   Code   RO         6396    !!dczerorl2         c_w.l(__dczerorl2.o)
    0x080081c6   0x00000002   PAD
    0x080081c8   0x0000001c   Code   RO         6400    !!handler_zi        c_w.l(__scatter_zi.o)
    0x080081e4   0x00000002   Code   RO         6327    .ARM.Collect$$libinit$$00000000  c_w.l(libinit.o)
    0x080081e6   0x00000000   Code   RO         6189    .ARM.Collect$$libinit$$00000002  c_w.l(libinit2.o)
    0x080081e6   0x00000000   Code   RO         6192    .ARM.Collect$$libinit$$00000008  c_w.l(libinit2.o)
    0x080081e6   0x00000000   Code   RO         6194    .ARM.Collect$$libinit$$0000000A  c_w.l(libinit2.o)
    0x080081e6   0x00000000   Code   RO         6196    .ARM.Collect$$libinit$$0000000C  c_w.l(libinit2.o)
    0x080081e6   0x00000000   Code   RO         6199    .ARM.Collect$$libinit$$0000000F  c_w.l(libinit2.o)
    0x080081e6   0x00000000   Code   RO         6201    .ARM.Collect$$libinit$$00000011  c_w.l(libinit2.o)
    0x080081e6   0x00000000   Code   RO         6203    .ARM.Collect$$libinit$$00000013  c_w.l(libinit2.o)
    0x080081e6   0x00000000   Code   RO         6205    .ARM.Collect$$libinit$$00000015  c_w.l(libinit2.o)
    0x080081e6   0x00000000   Code   RO         6207    .ARM.Collect$$libinit$$00000017  c_w.l(libinit2.o)
    0x080081e6   0x00000000   Code   RO         6209    .ARM.Collect$$libinit$$00000019  c_w.l(libinit2.o)
    0x080081e6   0x00000000   Code   RO         6211    .ARM.Collect$$libinit$$0000001B  c_w.l(libinit2.o)
    0x080081e6   0x00000000   Code   RO         6213    .ARM.Collect$$libinit$$0000001D  c_w.l(libinit2.o)
    0x080081e6   0x00000000   Code   RO         6215    .ARM.Collect$$libinit$$0000001F  c_w.l(libinit2.o)
    0x080081e6   0x00000000   Code   RO         6217    .ARM.Collect$$libinit$$00000021  c_w.l(libinit2.o)
    0x080081e6   0x00000000   Code   RO         6219    .ARM.Collect$$libinit$$00000023  c_w.l(libinit2.o)
    0x080081e6   0x00000000   Code   RO         6223    .ARM.Collect$$libinit$$0000002A  c_w.l(libinit2.o)
    0x080081e6   0x00000000   Code   RO         6225    .ARM.Collect$$libinit$$0000002C  c_w.l(libinit2.o)
    0x080081e6   0x00000000   Code   RO         6227    .ARM.Collect$$libinit$$0000002E  c_w.l(libinit2.o)
    0x080081e6   0x00000000   Code   RO         6229    .ARM.Collect$$libinit$$00000030  c_w.l(libinit2.o)
    0x080081e6   0x00000002   Code   RO         6230    .ARM.Collect$$libinit$$00000031  c_w.l(libinit2.o)
    0x080081e8   0x00000002   Code   RO         6358    .ARM.Collect$$libshutdown$$00000000  c_w.l(libshutdown.o)
    0x080081ea   0x00000000   Code   RO         6365    .ARM.Collect$$libshutdown$$00000003  c_w.l(libshutdown2.o)
    0x080081ea   0x00000000   Code   RO         6368    .ARM.Collect$$libshutdown$$00000006  c_w.l(libshutdown2.o)
    0x080081ea   0x00000000   Code   RO         6371    .ARM.Collect$$libshutdown$$00000009  c_w.l(libshutdown2.o)
    0x080081ea   0x00000000   Code   RO         6373    .ARM.Collect$$libshutdown$$0000000B  c_w.l(libshutdown2.o)
    0x080081ea   0x00000000   Code   RO         6376    .ARM.Collect$$libshutdown$$0000000E  c_w.l(libshutdown2.o)
    0x080081ea   0x00000002   Code   RO         6377    .ARM.Collect$$libshutdown$$0000000F  c_w.l(libshutdown2.o)
    0x080081ec   0x00000000   Code   RO         6171    .ARM.Collect$$rtentry$$00000000  c_w.l(rtentry.o)
    0x080081ec   0x00000000   Code   RO         6241    .ARM.Collect$$rtentry$$00000002  c_w.l(rtentry2.o)
    0x080081ec   0x00000006   Code   RO         6253    .ARM.Collect$$rtentry$$00000004  c_w.l(rtentry4.o)
    0x080081f2   0x00000000   Code   RO         6243    .ARM.Collect$$rtentry$$00000009  c_w.l(rtentry2.o)
    0x080081f2   0x00000004   Code   RO         6244    .ARM.Collect$$rtentry$$0000000A  c_w.l(rtentry2.o)
    0x080081f6   0x00000000   Code   RO         6246    .ARM.Collect$$rtentry$$0000000C  c_w.l(rtentry2.o)
    0x080081f6   0x00000008   Code   RO         6247    .ARM.Collect$$rtentry$$0000000D  c_w.l(rtentry2.o)
    0x080081fe   0x00000002   Code   RO         6330    .ARM.Collect$$rtexit$$00000000  c_w.l(rtexit.o)
    0x08008200   0x00000000   Code   RO         6340    .ARM.Collect$$rtexit$$00000002  c_w.l(rtexit2.o)
    0x08008200   0x00000004   Code   RO         6341    .ARM.Collect$$rtexit$$00000003  c_w.l(rtexit2.o)
    0x08008204   0x00000006   Code   RO         6342    .ARM.Collect$$rtexit$$00000004  c_w.l(rtexit2.o)
    0x0800820a   0x00000002   PAD
    0x0800820c   0x000000a2   Code   RO         5472    .emb_text           port.o
    0x080082ae   0x00000002   PAD
    0x080082b0   0x00000040   Code   RO          897    .text               startup_stm32f10x_hd.o
    0x080082f0   0x00000002   Code   RO         6030    .text               c_w.l(use_no_semi_2.o)
    0x080082f2   0x00000024   Code   RO         6101    .text               c_w.l(strstr.o)
    0x08008316   0x0000008a   Code   RO         6109    .text               c_w.l(rt_memcpy_v6.o)
    0x080083a0   0x00000064   Code   RO         6111    .text               c_w.l(rt_memcpy_w.o)
    0x08008404   0x00000044   Code   RO         6115    .text               c_w.l(rt_memclr.o)
    0x08008448   0x0000004e   Code   RO         6117    .text               c_w.l(rt_memclr_w.o)
    0x08008496   0x00000006   Code   RO         6121    .text               c_w.l(heapauxi.o)
    0x0800849c   0x00000002   Code   RO         6169    .text               c_w.l(use_no_semi.o)
    0x0800849e   0x00000002   PAD
    0x080084a0   0x00000008   Code   RO         6309    .text               c_w.l(libspace.o)
    0x080084a8   0x0000004a   Code   RO         6312    .text               c_w.l(sys_stackheap_outer.o)
    0x080084f2   0x0000000c   Code   RO         6314    .text               c_w.l(exit.o)
    0x080084fe   0x00000004   Code   RO         1378    i.AT24CXX_Init      24cxx.o
    0x08008502   0x00000012   Code   RO         2063    i.BKP_DeInit        stm32f10x_bkp.o
    0x08008514   0x00000010   Code   RO         2068    i.BKP_ReadBackupRegister  stm32f10x_bkp.o
    0x08008524   0x00000010   Code   RO         2072    i.BKP_WriteBackupRegister  stm32f10x_bkp.o
    0x08008534   0x00000002   Code   RO          838    i.BusFault_Handler  stm32f10x_it.o
    0x08008536   0x00000002   Code   RO          839    i.DebugMon_Handler  stm32f10x_it.o
    0x08008538   0x00000098   Code   RO         2952    i.GPIO_Init         stm32f10x_gpio.o
    0x080085d0   0x00000004   Code   RO         2960    i.GPIO_SetBits      stm32f10x_gpio.o
    0x080085d4   0x00000020   Code   RO          840    i.HardFault_Handler  stm32f10x_it.o
    0x080085f4   0x00000040   Code   RO         1038    i.IIC1_Init         iic1.o
    0x08008634   0x00000010   Code   RO         3264    i.IWDG_Enable       stm32f10x_iwdg.o
    0x08008644   0x00000026   Code   RO         1014    i.IWDG_Init         sys.o
    0x0800866a   0x00000002   PAD
    0x0800866c   0x00000010   Code   RO         3266    i.IWDG_ReloadCounter  stm32f10x_iwdg.o
    0x0800867c   0x0000000c   Code   RO         3267    i.IWDG_SetPrescaler  stm32f10x_iwdg.o
    0x08008688   0x0000000c   Code   RO         3268    i.IWDG_SetReload    stm32f10x_iwdg.o
    0x08008694   0x0000000c   Code   RO         3269    i.IWDG_WriteAccessCmd  stm32f10x_iwdg.o
    0x080086a0   0x00000026   Code   RO         1148    i.Is_Leap_Year      rtc.o
    0x080086c6   0x00000002   PAD
    0x080086c8   0x00000034   Code   RO         1512    i.LED_Init          led.o
    0x080086fc   0x00000002   Code   RO          841    i.MemManage_Handler  stm32f10x_it.o
    0x080086fe   0x00000002   Code   RO          842    i.NMI_Handler       stm32f10x_it.o
    0x08008700   0x0000008c   Code   RO         1015    i.NVIC_Configuration  sys.o
    0x0800878c   0x00000064   Code   RO         1803    i.NVIC_Init         misc.o
    0x080087f0   0x00000014   Code   RO         1804    i.NVIC_PriorityGroupConfig  misc.o
    0x08008804   0x0000000c   Code   RO         3306    i.PWR_BackupAccessCmd  stm32f10x_pwr.o
    0x08008810   0x00000018   Code   RO         3368    i.RCC_APB1PeriphClockCmd  stm32f10x_rcc.o
    0x08008828   0x00000018   Code   RO         3369    i.RCC_APB1PeriphResetCmd  stm32f10x_rcc.o
    0x08008840   0x00000018   Code   RO         3370    i.RCC_APB2PeriphClockCmd  stm32f10x_rcc.o
    0x08008858   0x00000018   Code   RO         3371    i.RCC_APB2PeriphResetCmd  stm32f10x_rcc.o
    0x08008870   0x0000000c   Code   RO         3373    i.RCC_BackupResetCmd  stm32f10x_rcc.o
    0x0800887c   0x00000094   Code   RO         3378    i.RCC_GetClocksFreq  stm32f10x_rcc.o
    0x08008910   0x00000030   Code   RO         3379    i.RCC_GetFlagStatus  stm32f10x_rcc.o
    0x08008940   0x00000020   Code   RO         3386    i.RCC_LSEConfig     stm32f10x_rcc.o
    0x08008960   0x0000000c   Code   RO         3393    i.RCC_RTCCLKCmd     stm32f10x_rcc.o
    0x0800896c   0x00000010   Code   RO         3394    i.RCC_RTCCLKConfig  stm32f10x_rcc.o
    0x0800897c   0x00000010   Code   RO         3567    i.RTC_ClearITPendingBit  stm32f10x_rtc.o
    0x0800898c   0x00000010   Code   RO         3568    i.RTC_EnterConfigMode  stm32f10x_rtc.o
    0x0800899c   0x00000010   Code   RO         3569    i.RTC_ExitConfigMode  stm32f10x_rtc.o
    0x080089ac   0x000000cc   Code   RO         1149    i.RTC_Get           rtc.o
    0x08008a78   0x00000014   Code   RO         3570    i.RTC_GetCounter    stm32f10x_rtc.o
    0x08008a8c   0x00000020   Code   RO         3573    i.RTC_GetITStatus   stm32f10x_rtc.o
    0x08008aac   0x0000004c   Code   RO         1150    i.RTC_Get_Week      rtc.o
    0x08008af8   0x0000001c   Code   RO         1151    i.RTC_IRQHandler    rtc.o
    0x08008b14   0x00000018   Code   RO         3574    i.RTC_ITConfig      stm32f10x_rtc.o
    0x08008b2c   0x000000d6   Code   RO         1152    i.RTC_Init          rtc.o
    0x08008c02   0x00000002   PAD
    0x08008c04   0x000000d0   Code   RO         1153    i.RTC_Set           rtc.o
    0x08008cd4   0x00000020   Code   RO         3576    i.RTC_SetCounter    stm32f10x_rtc.o
    0x08008cf4   0x00000020   Code   RO         3577    i.RTC_SetPrescaler  stm32f10x_rtc.o
    0x08008d14   0x00000010   Code   RO         3578    i.RTC_WaitForLastTask  stm32f10x_rtc.o
    0x08008d24   0x00000018   Code   RO         3579    i.RTC_WaitForSynchro  stm32f10x_rtc.o
    0x08008d3c   0x000000a8   Code   RO          901    i.SetSysClockTo72   system_stm32f10x.o
    0x08008de4   0x0000000c   Code   RO          280    i.SetSysTick1s      common.o
    0x08008df0   0x00000010   Code   RO          283    i.SysTick100msAdder  common.o
    0x08008e00   0x00000010   Code   RO          284    i.SysTick10msAdder  common.o
    0x08008e10   0x00000010   Code   RO          285    i.SysTick1msAdder   common.o
    0x08008e20   0x00000018   Code   RO         1807    i.SysTick_CLKSourceConfig  misc.o
    0x08008e38   0x0000001c   Code   RO          930    i.SysTick_Handler   delay.o
    0x08008e54   0x00000050   Code   RO          903    i.SystemInit        system_stm32f10x.o
    0x08008ea4   0x00000044   Code   RO         1204    i.TIM2_IRQHandler   usart.o
    0x08008ee8   0x00000040   Code   RO         1205    i.TIM2_Init         usart.o
    0x08008f28   0x00000006   Code   RO         3994    i.TIM_ClearITPendingBit  stm32f10x_tim.o
    0x08008f2e   0x00000014   Code   RO         3999    i.TIM_Cmd           stm32f10x_tim.o
    0x08008f42   0x00000018   Code   RO         4020    i.TIM_GetITStatus   stm32f10x_tim.o
    0x08008f5a   0x00000010   Code   RO         4024    i.TIM_ITConfig      stm32f10x_tim.o
    0x08008f6a   0x00000002   PAD
    0x08008f6c   0x0000009c   Code   RO         4070    i.TIM_TimeBaseInit  stm32f10x_tim.o
    0x08009008   0x00000098   Code   RO         1206    i.UART4_IRQHandler  usart.o
    0x080090a0   0x00000098   Code   RO         1207    i.UART4_Init        usart.o
    0x08009138   0x00000098   Code   RO         1208    i.USART1_IRQHandler  usart.o
    0x080091d0   0x00000094   Code   RO         1209    i.USART1_Init       usart.o
    0x08009264   0x00000104   Code   RO         1323    i.USART2_IRQHandler  usart2.o
    0x08009368   0x000000d0   Code   RO         1324    i.USART2_Init       usart2.o
    0x08009438   0x00000044   Code   RO         1325    i.USART2_Write      usart2.o
    0x0800947c   0x00000006   Code   RO         4518    i.USART_ClearFlag   stm32f10x_usart.o
    0x08009482   0x00000014   Code   RO         4522    i.USART_Cmd         stm32f10x_usart.o
    0x08009496   0x00000002   PAD
    0x08009498   0x00000074   Code   RO         4524    i.USART_DeInit      stm32f10x_usart.o
    0x0800950c   0x0000000e   Code   RO         4525    i.USART_GetFlagStatus  stm32f10x_usart.o
    0x0800951a   0x0000003e   Code   RO         4526    i.USART_GetITStatus  stm32f10x_usart.o
    0x08009558   0x00000030   Code   RO         4528    i.USART_ITConfig    stm32f10x_usart.o
    0x08009588   0x000000b4   Code   RO         4529    i.USART_Init        stm32f10x_usart.o
    0x0800963c   0x00000008   Code   RO         4536    i.USART_ReceiveData  stm32f10x_usart.o
    0x08009644   0x00000008   Code   RO         4539    i.USART_SendData    stm32f10x_usart.o
    0x0800964c   0x00000002   Code   RO          843    i.UsageFault_Handler  stm32f10x_it.o
    0x0800964e   0x00000002   PAD
    0x08009650   0x00000050   Code   RO         1210    i.Usart1FrameSend   usart.o
    0x080096a0   0x00000024   Code   RO         1211    i.Usart1ReciveFrameEnd  usart.o
    0x080096c4   0x00000050   Code   RO         1212    i.Usart4FrameSend   usart.o
    0x08009714   0x00000024   Code   RO         1213    i.Usart4ReciveFrameEnd  usart.o
    0x08009738   0x00000002   Code   RO         1215    i._sys_exit         usart.o
    0x0800973a   0x00000002   PAD
    0x0800973c   0x00000034   Code   RO          931    i.delay_init        delay.o
    0x08009770   0x0000003c   Code   RO          932    i.delay_ms          delay.o
    0x080097ac   0x00000044   Code   RO          936    i.delay_us          delay.o
    0x080097f0   0x00000048   Code   RO         5073    i.fifo_init         fifo.o
    0x08009838   0x00000048   Code   RO         5074    i.fifo_put          fifo.o
    0x08009880   0x00000070   Code   RO            1    i.main              main.o
    0x080098f0   0x00000026   Code   RO         5042    i.memb_alloc        memb.o
    0x08009916   0x0000001c   Code   RO         5044    i.memb_init         memb.o
    0x08009932   0x00000002   PAD
    0x08009934   0x00000034   Code   RO         5715    i.prvAddCurrentTaskToDelayedList  tasks.o
    0x08009968   0x00000020   Code   RO         5719    i.prvResetNextTaskUnblockTime  tasks.o
    0x08009988   0x00000010   Code   RO         1775    i.register_cmd_handler  at_cmd.o
    0x08009998   0x0000000e   Code   RO         5168    i.ringbuf_clear     ringbuf.o
    0x080099a6   0x0000000c   Code   RO         5169    i.ringbuf_elements  ringbuf.o
    0x080099b2   0x0000000e   Code   RO         5171    i.ringbuf_init      ringbuf.o
    0x080099c0   0x00000024   Code   RO         5172    i.ringbuf_put       ringbuf.o
    0x080099e4   0x00000024   Code   RO         5436    i.uxListRemove      list.o
    0x08009a08   0x00000030   Code   RO         5439    i.vListInsert       list.o
    0x08009a38   0x00000018   Code   RO         5440    i.vListInsertEnd    list.o
    0x08009a50   0x00000048   Code   RO         5476    i.vPortEnterCritical  port.o
    0x08009a98   0x00000028   Code   RO         5477    i.vPortExitCritical  port.o
    0x08009ac0   0x00000068   Code   RO         5731    i.vTaskDelay        tasks.o
    0x08009b28   0x00000010   Code   RO         5746    i.vTaskSuspendAll   tasks.o
    0x08009b38   0x0000005c   Code   RO         5747    i.vTaskSwitchContext  tasks.o
    0x08009b94   0x0000002c   Code   RO         5482    i.xPortSysTickHandler  port.o
    0x08009bc0   0x000000cc   Code   RO         5756    i.xTaskIncrementTick  tasks.o
    0x08009c8c   0x000000c4   Code   RO         5762    i.xTaskResumeAll    tasks.o
    0x08009d50   0x00000018   Data   RO         1156    .constdata          rtc.o
    0x08009d68   0x00000020   Data   RO         6394    Region$$Table       anon$$obj.o


    Execution Region RW_IRAM1 (Base: 0x20000000, Size: 0x00003410, Max: 0x00010000, ABSOLUTE, COMPRESSED[0x00000158])

    Base Addr    Size         Type   Attr      Idx    E Section Name        Object

    0x20000000   0x00000250   Data   RW          297    .data               common.o
    0x20000250   0x0000000c   Data   RW          766    .data               task_net.o
    0x2000025c   0x00000008   Data   RW          939    .data               delay.o
    0x20000264   0x00000002   Data   RW         1157    .data               rtc.o
    0x20000266   0x0000001a   Data   RW         1218    .data               usart.o
    0x20000280   0x00000010   Data   RW         1328    .data               usart2.o
    0x20000290   0x00000008   Data   RW         1329    .data               usart2.o
    0x20000298   0x0000000c   Data   RW         1776    .data               at_cmd.o
    0x200002a4   0x00000014   Data   RW         3398    .data               stm32f10x_rcc.o
    0x200002b8   0x0000000c   Data   RW         5483    .data               port.o
    0x200002c4   0x00000038   Data   RW         5765    .data               tasks.o
    0x200002fc   0x00000014   Zero   RW            3    .bss                main.o
    0x20000310   0x0000000a   Zero   RW         1155    .bss                rtc.o
    0x2000031a   0x00000300   Zero   RW         1217    .bss                usart.o
    0x2000061a   0x00000002   PAD
    0x2000061c   0x00000418   Zero   RW         1326    .bss                usart2.o
    0x20000a34   0x00001010   Zero   RW         1327    .bss                usart2.o
    0x20001a44   0x00000050   Zero   RW         5075    .bss                fifo.o
    0x20001a94   0x00000118   Zero   RW         5764    .bss                tasks.o
    0x20001bac   0x00000060   Zero   RW         6310    .bss                c_w.l(libspace.o)
    0x20001c0c   0x00000004   PAD
    0x20001c10   0x00000200   Zero   RW          895    HEAP                startup_stm32f10x_hd.o
    0x20001e10   0x00001600   Zero   RW          894    STACK               startup_stm32f10x_hd.o


==============================================================================

Image component sizes


      Code (inc. data)   RO Data    RW Data    ZI Data      Debug   Object Name

         4          0          0          0          0        415   24cxx.o
        16          6          0         12          0       1645   at_cmd.o
        60         24          0        592          0       9758   common.o
         0          0          0          0          0         32   core_cm3.o
       208         24          0          8          0       2873   delay.o
         0          0          0          0          0       8108   event_groups.o
       144         12          0          0         80       1726   fifo.o
        64          4          0          0          0        488   iic1.o
        52          8          0          0          0        475   led.o
       108          0          0          0          0       1886   list.o
       112         14          0          0         20     287622   main.o
        66          0          0          0          0       1297   memb.o
       144         20          0          0          0       1789   misc.o
       318         34          0         12          0       2623   port.o
        76          0          0          0          0       2140   ringbuf.o
       768         40         24          2         10       4798   rtc.o
        64         26        304          0       6144        756   startup_stm32f10x_hd.o
        50          8          0          0          0       2432   stm32f10x_bkp.o
       156          0          0          0          0       2127   stm32f10x_gpio.o
        42         10          0          0          0       2517   stm32f10x_it.o
        68         30          0          0          0       2198   stm32f10x_iwdg.o
        12          6          0          0          0        450   stm32f10x_pwr.o
       364         68          0         20          0       7552   stm32f10x_rcc.o
       228         50          0          0          0       5030   stm32f10x_rtc.o
       222         42          0          0          0       3917   stm32f10x_tim.o
       462         24          0          0          0       6422   stm32f10x_usart.o
       178          0          0          0          0       1053   sys.o
       248         24          0          0          0       1465   system_stm32f10x.o
         0          0          0          0          0      15039   task_main.o
         0          0          0         12          0       1504   task_net.o
       696         60          0         56        280       8340   tasks.o
       970         86          0         26        768       8614   usart.o
       536         98          0         24       5160       3010   usart2.o

    ----------------------------------------------------------------------
      6454        718        360        764      12464     400101   Object Totals
         0          0         32          0          0          0   (incl. Generated)
        18          0          0          0          2          0   (incl. Padding)

    ----------------------------------------------------------------------

      Code (inc. data)   RO Data    RW Data    ZI Data      Debug   Library Member Name

        90          0          0          0          0          0   __dczerorl2.o
         8          0          0          0          0         68   __main.o
        52          8          0          0          0          0   __scatter.o
        28          0          0          0          0          0   __scatter_zi.o
        12          0          0          0          0         72   exit.o
         6          0          0          0          0        152   heapauxi.o
         2          0          0          0          0          0   libinit.o
         2          0          0          0          0          0   libinit2.o
         2          0          0          0          0          0   libshutdown.o
         2          0          0          0          0          0   libshutdown2.o
         8          4          0          0         96         68   libspace.o
        68          0          0          0          0         68   rt_memclr.o
        78          0          0          0          0         80   rt_memclr_w.o
       138          0          0          0          0         68   rt_memcpy_v6.o
       100          0          0          0          0         80   rt_memcpy_w.o
         0          0          0          0          0          0   rtentry.o
        12          0          0          0          0          0   rtentry2.o
         6          0          0          0          0          0   rtentry4.o
         2          0          0          0          0          0   rtexit.o
        10          0          0          0          0          0   rtexit2.o
        36          0          0          0          0         80   strstr.o
        74          0          0          0          0         80   sys_stackheap_outer.o
         2          0          0          0          0         68   use_no_semi.o
         2          0          0          0          0         68   use_no_semi_2.o

    ----------------------------------------------------------------------
       746         12          0          0        100        952   Library Totals
         6          0          0          0          4          0   (incl. Padding)

    ----------------------------------------------------------------------

      Code (inc. data)   RO Data    RW Data    ZI Data      Debug   Library Name

       740         12          0          0         96        952   c_w.l

    ----------------------------------------------------------------------
       746         12          0          0        100        952   Library Totals

    ----------------------------------------------------------------------

==============================================================================


      Code (inc. data)   RO Data    RW Data    ZI Data      Debug   

      7200        730        360        764      12564     394917   Grand Totals
      7200        730        360        344      12564     394917   ELF Image Totals (compressed)
      7200        730        360        344          0          0   ROM Totals

==============================================================================

    Total RO  Size (Code + RO Data)                 7560 (   7.38kB)
    Total RW  Size (RW Data + ZI Data)             13328 (  13.02kB)
    Total ROM Size (Code + RO Data + RW Data)       7904 (   7.72kB)

==============================================================================

